--------- beginning of system
06-21 19:21:37.814  1086  1086 I vold    : Vold 3.0 (the awakening) firing up
06-21 19:21:37.814  1086  1086 D vold    : Detected support for: ext4 vfat
06-21 19:21:37.815  1086  1086 E vold    : Failed to open device-mapper: No such file or directory
06-21 19:21:37.815  1086  1086 E vold    : DM_LIST_DEVICES failed: Bad file descriptor
06-21 19:21:37.815  1086  1086 E vold    : Failed to get dm devices
06-21 19:21:37.815  1086  1086 I vold    : [libfs_mgr]ReadDefaultFstab(): failed to find device default fstab
06-21 19:21:37.815  1086  1086 E vold    : Failed to open default fstab: No such file or directory
06-21 19:21:37.815  1086  1086 E vold    : Error reading configuration... continuing anyways: No such file or directory
06-21 19:21:37.816  1086  1086 D vold    : VoldNativeService::start() completed OK
06-21 19:21:37.834  1086  1086 I Checkpoint: cp_prepareCheckpoint called
06-21 19:21:37.838  1086  1086 I incfs   : Initial API level of the device: 0
06-21 19:21:37.838  1086  1086 I incfs   : ro.incremental.enable: 
06-21 19:21:37.838  1086  1086 E incfs   : IncFs_Features: failed to open features dir, assuming v1/none.: No such file or directory
06-21 19:21:37.944  1086  1086 E vold    : keystore2 Keystore earlyBootEnded returned service specific error: -68
06-21 19:21:37.965  1086  1086 D vold    : fscrypt_init_user0
06-21 19:21:37.965  1086  1086 D vold    : fscrypt_prepare_user_storage for volume null, user 0, serial 0, flags 1
06-21 19:21:37.965  1086  1086 D vold    : Preparing: /data/system/users/0
06-21 19:21:37.966  1086  1086 D vold    : Preparing: /data/misc/profiles/cur/0
06-21 19:21:37.966  1086  1086 D vold    : Preparing: /data/system_de/0
06-21 19:21:37.966  1086  1086 D vold    : Preparing: /data/misc_de/0
06-21 19:21:37.966  1086  1086 D vold    : Preparing: /data/vendor_de/0
06-21 19:21:37.966  1086  1086 D vold    : Preparing: /data/user_de/0
06-21 19:21:37.966  1086  1086 D vold    : /system/bin/vold_prepare_subdirs
06-21 19:21:37.966  1086  1086 D vold    :     prepare
06-21 19:21:37.966  1086  1086 D vold    :     
06-21 19:21:37.966  1086  1086 D vold    :     0
06-21 19:21:37.966  1086  1086 D vold    :     1
06-21 19:21:37.970  1086  1086 D vold    : fscrypt_unlock_user_key 0 serial=0
06-21 19:21:38.139  1182  1182 I wificond: wificond is starting up...
06-21 19:21:38.140  1182  1182 E wificond: Received error message: No such file or directory
06-21 19:21:38.140  1182  1182 E wificond: Failed to get NL80211 family info
06-21 19:21:38.140  1182  1182 E wificond: Failed to start netlink manager
06-21 19:21:38.140  1182  1182 E wificond: Received error message: No such file or directory
06-21 19:21:38.140  1182  1182 E wificond: Failed to get NL80211 family info
06-21 19:21:38.143  1177  1177 I installd: installd firing up
06-21 19:21:38.256  1166  1166 I android.hardware.wifi@1.0-service: Wifi Hal is booting up...
06-21 19:21:38.258  1166  1166 I HidlServiceManagement: Registered android.hardware.wifi@1.5::IWifi/default
06-21 19:21:38.441  1182  1182 E wificond: Failed to poll netlink fd: time out 
06-21 19:21:38.441  1182  1182 E wificond: NL80211_CMD_GET_PROTOCOL_FEATURES failed
06-21 19:21:38.441  1182  1182 I wificond: player_uuid:2eebecb2-34ca-4465-bf34-8b8eddda4d9b
06-21 19:21:38.441  1182  1182 I wificond: player_index:3
06-21 19:21:38.441  1182  1182 I wificond: get ssid:Cisco_47a69a4ceb93, md5_prefix: 47
06-21 19:21:38.441  1182  1182 I wificond: get bssid: 147:235:76154:166:71
06-21 19:21:38.441  1182  1182 E wificond: Received error message: No such file or directory
06-21 19:21:38.441  1182  1182 E wificond: Failed to get NL80211 family info
06-21 19:21:38.442  1182  1182 I HidlServiceManagement: Registered android.system.wifi.keystore@1.0::IKeystore/default
06-21 19:21:38.763  1318  1318 I SystemServerTiming: InitBeforeStartServices
06-21 19:21:38.764  1318  1318 I SystemServer: Entered the Android system server!
06-21 19:21:38.767  1318  1318 I SystemServerTiming: InitAndroidServers
06-21 19:21:38.810  1318  1318 I SystemServerTiming: InitZygoteChildHelpProfiling
06-21 19:21:38.810  1318  1318 I SystemServerTiming: PerformPendingShutdown
06-21 19:21:38.810  1318  1318 I SystemServerTiming: CreateSystemContext
06-21 19:21:38.837  1318  1318 I SystemServerTiming: InitMainLineModules
06-21 19:21:38.837  1318  1318 I SystemServerInitThreadPool: Creating instance with 6 threads
06-21 19:21:38.837  1318  1318 I SystemServerTiming: LoadPreInstalledSystemFontMap
06-21 19:21:38.837  1318  1318 I SystemServerTiming: StartServices
06-21 19:21:38.837  1318  1318 I SystemServerTiming: startBootstrapServices
06-21 19:21:38.837  1318  1318 I SystemServerTiming: StartWatchdog
06-21 19:21:38.839  1318  1318 I SystemServer: Reading configuration...
06-21 19:21:38.839  1318  1318 I SystemServerTiming: ReadingSystemConfig
06-21 19:21:38.839  1318  1318 I SystemServerTiming: PlatformCompat
06-21 19:21:38.839  1318  1341 I SystemServerTimingAsync: InitThreadPoolExec:ReadingSystemConfig
06-21 19:21:38.839  1318  1318 D CompatConfig: Found a config file: /system/etc/compatconfig/framework-platform-compat-config.xml
06-21 19:21:38.839  1318  1341 I SystemConfig: Reading permissions from /system/etc/sysconfig/google-hiddenapi-package-whitelist.xml
06-21 19:21:38.840  1318  1318 D CompatConfig: Adding: com.android.server.compat.config.Change@5f5bae1
06-21 19:21:38.840  1318  1318 D CompatConfig: Adding: com.android.server.compat.config.Change@3975006
06-21 19:21:38.840  1318  1318 D CompatConfig: Adding: com.android.server.compat.config.Change@c7316c7
06-21 19:21:38.840  1318  1318 D CompatConfig: Adding: com.android.server.compat.config.Change@2b2241d
06-21 19:21:38.840  1318  1318 D CompatConfig: Adding: com.android.server.compat.config.Change@8486692
06-21 19:21:38.840  1318  1318 D CompatConfig: Adding: com.android.server.compat.config.Change@d005863
06-21 19:21:38.840  1318  1318 D CompatConfig: Adding: com.android.server.compat.config.Change@3a5fc60
06-21 19:21:38.840  1318  1341 I SystemConfig: Reading permissions from /system/etc/sysconfig/preinstalled-packages-platform.xml
06-21 19:21:38.840  1318  1318 D CompatConfig: Adding: com.android.server.compat.config.Change@2d1e519
06-21 19:21:38.840  1318  1318 D CompatConfig: Adding: com.android.server.compat.config.Change@18259de
06-21 19:21:38.840  1318  1318 D CompatConfig: Adding: com.android.server.compat.config.Change@b9617bf
06-21 19:21:38.840  1318  1318 D CompatConfig: Adding: com.android.server.compat.config.Change@6de7e8c
06-21 19:21:38.840  1318  1318 D CompatConfig: Adding: com.android.server.compat.config.Change@392b9d5
06-21 19:21:38.840  1318  1318 D CompatConfig: Adding: com.android.server.compat.config.Change@9d635ea
06-21 19:21:38.840  1318  1318 D CompatConfig: Adding: com.android.server.compat.config.Change@19e70db
06-21 19:21:38.840  1318  1318 D CompatConfig: Adding: com.android.server.compat.config.Change@b3af778
06-21 19:21:38.840  1318  1318 D CompatConfig: Adding: com.android.server.compat.config.Change@e521e51
06-21 19:21:38.840  1318  1318 D CompatConfig: Adding: com.android.server.compat.config.Change@1d9c6b6
06-21 19:21:38.840  1318  1318 D CompatConfig: Adding: com.android.server.compat.config.Change@b093fb7
06-21 19:21:38.840  1318  1318 D CompatConfig: Adding: com.android.server.compat.config.Change@2e41324
06-21 19:21:38.840  1318  1318 D CompatConfig: Adding: com.android.server.compat.config.Change@ac94e8d
06-21 19:21:38.840  1318  1318 D CompatConfig: Adding: com.android.server.compat.config.Change@bb39842
06-21 19:21:38.840  1318  1318 D CompatConfig: Adding: com.android.server.compat.config.Change@8e82053
06-21 19:21:38.840  1318  1318 D CompatConfig: Adding: com.android.server.compat.config.Change@7e13d90
06-21 19:21:38.840  1318  1318 D CompatConfig: Adding: com.android.server.compat.config.Change@9094689
06-21 19:21:38.840  1318  1318 D CompatConfig: Adding: com.android.server.compat.config.Change@366f68e
06-21 19:21:38.840  1318  1318 D CompatConfig: Adding: com.android.server.compat.config.Change@1ca6eaf
06-21 19:21:38.840  1318  1318 D CompatConfig: Adding: com.android.server.compat.config.Change@b44a2bc
06-21 19:21:38.840  1318  1318 D CompatConfig: Adding: com.android.server.compat.config.Change@f36c245
06-21 19:21:38.840  1318  1318 D CompatConfig: Adding: com.android.server.compat.config.Change@fdfed9a
06-21 19:21:38.840  1318  1318 D CompatConfig: Adding: com.android.server.compat.config.Change@bd946cb
06-21 19:21:38.840  1318  1318 D CompatConfig: Adding: com.android.server.compat.config.Change@b172ea8
06-21 19:21:38.840  1318  1318 D CompatConfig: Adding: com.android.server.compat.config.Change@7063dc1
06-21 19:21:38.840  1318  1318 D CompatConfig: Adding: com.android.server.compat.config.Change@8bf4966
06-21 19:21:38.840  1318  1318 D CompatConfig: Adding: com.android.server.compat.config.Change@cb384a7
06-21 19:21:38.840  1318  1318 D CompatConfig: Adding: com.android.server.compat.config.Change@b048d54
06-21 19:21:38.840  1318  1318 D CompatConfig: Adding: com.android.server.compat.config.Change@6f7f4fd
06-21 19:21:38.840  1318  1318 D CompatConfig: Adding: com.android.server.compat.config.Change@ce695f2
06-21 19:21:38.840  1318  1318 D CompatConfig: Adding: com.android.server.compat.config.Change@b09c443
06-21 19:21:38.840  1318  1318 D CompatConfig: Adding: com.android.server.compat.config.Change@bc72ac0
06-21 19:21:38.840  1318  1318 D CompatConfig: Adding: com.android.server.compat.config.Change@353e3f9
06-21 19:21:38.840  1318  1318 D CompatConfig: Adding: com.android.server.compat.config.Change@5c41f3e
06-21 19:21:38.840  1318  1318 D CompatConfig: Adding: com.android.server.compat.config.Change@dfa619f
06-21 19:21:38.840  1318  1318 D CompatConfig: Adding: com.android.server.compat.config.Change@d5432ec
06-21 19:21:38.840  1318  1318 D CompatConfig: Adding: com.android.server.compat.config.Change@2e5c6b5
06-21 19:21:38.840  1318  1318 D CompatConfig: Adding: com.android.server.compat.config.Change@35ef14a
06-21 19:21:38.840  1318  1318 D CompatConfig: Adding: com.android.server.compat.config.Change@62d78bb
06-21 19:21:38.840  1318  1318 D CompatConfig: Adding: com.android.server.compat.config.Change@7c791d8
06-21 19:21:38.840  1318  1318 D CompatConfig: Adding: com.android.server.compat.config.Change@3791931
06-21 19:21:38.840  1318  1318 D CompatConfig: Adding: com.android.server.compat.config.Change@d22d816
06-21 19:21:38.840  1318  1318 D CompatConfig: Adding: com.android.server.compat.config.Change@cb0e597
06-21 19:21:38.840  1318  1318 D CompatConfig: Adding: com.android.server.compat.config.Change@70ff384
06-21 19:21:38.840  1318  1318 D CompatConfig: Adding: com.android.server.compat.config.Change@a15176d
06-21 19:21:38.840  1318  1318 D CompatConfig: Adding: com.android.server.compat.config.Change@36c5fa2
06-21 19:21:38.840  1318  1318 D CompatConfig: Adding: com.android.server.compat.config.Change@3944433
06-21 19:21:38.840  1318  1318 D CompatConfig: Adding: com.android.server.compat.config.Change@55ac3f0
06-21 19:21:38.840  1318  1318 D CompatConfig: Adding: com.android.server.compat.config.Change@af8bd69
06-21 19:21:38.840  1318  1318 D CompatConfig: Adding: com.android.server.compat.config.Change@dd4d3ee
06-21 19:21:38.840  1318  1318 D CompatConfig: Adding: com.android.server.compat.config.Change@444f08f
06-21 19:21:38.840  1318  1318 D CompatConfig: Adding: com.android.server.compat.config.Change@402f1c
06-21 19:21:38.840  1318  1318 D CompatConfig: Adding: com.android.server.compat.config.Change@556c725
06-21 19:21:38.840  1318  1318 D CompatConfig: Adding: com.android.server.compat.config.Change@23e40fa
06-21 19:21:38.840  1318  1341 I SystemConfig: Reading permissions from /system/etc/sysconfig/preinstalled-packages-com.android.providers.media.module.xml
06-21 19:21:38.840  1318  1341 I SystemConfig: Reading permissions from /system/etc/sysconfig/google.xml
06-21 19:21:38.840  1318  1318 D CompatConfig: Found a config file: /system/etc/compatconfig/calendar-provider-compat-config.xml
06-21 19:21:38.840  1318  1318 D CompatConfig: Adding: com.android.server.compat.config.Change@9f72c6
06-21 19:21:38.840  1318  1341 W SystemConfig: Tag system-user-whitelisted-app is unknown in /system/etc/sysconfig/google.xml at START_TAG (empty) <system-user-whitelisted-app package='com.android.vending'>@83:66 in java.io.FileReader@4006287
06-21 19:21:38.840  1318  1341 W SystemConfig: Tag system-user-whitelisted-app is unknown in /system/etc/sysconfig/google.xml at START_TAG (empty) <system-user-whitelisted-app package='com.google.android.gms'>@84:69 in java.io.FileReader@4006287
06-21 19:21:38.840  1318  1341 W SystemConfig: Tag system-user-whitelisted-app is unknown in /system/etc/sysconfig/google.xml at START_TAG (empty) <system-user-whitelisted-app package='com.google.android.gms.policy_auth'>@85:81 in java.io.FileReader@4006287
06-21 19:21:38.840  1318  1341 W SystemConfig: Tag system-user-whitelisted-app is unknown in /system/etc/sysconfig/google.xml at START_TAG (empty) <system-user-whitelisted-app package='com.google.android.play.games'>@86:76 in java.io.FileReader@4006287
06-21 19:21:38.840  1318  1341 W SystemConfig: Tag system-user-whitelisted-app is unknown in /system/etc/sysconfig/google.xml at START_TAG (empty) <system-user-whitelisted-app package='com.google.android.tts'>@87:69 in java.io.FileReader@4006287
06-21 19:21:38.840  1318  1341 W SystemConfig: Tag system-user-blacklisted-app is unknown in /system/etc/sysconfig/google.xml at START_TAG (empty) <system-user-blacklisted-app package='com.google.android.googlequicksearchbox'>@91:86 in java.io.FileReader@4006287
06-21 19:21:38.840  1318  1341 W SystemConfig: Tag system-user-blacklisted-app is unknown in /system/etc/sysconfig/google.xml at START_TAG (empty) <system-user-blacklisted-app package='com.google.android.launcher'>@93:74 in java.io.FileReader@4006287
06-21 19:21:38.840  1318  1318 D CompatConfig: Found a config file: /system/etc/compatconfig/icu4j-platform-compat-config.xml
06-21 19:21:38.840  1318  1341 I SystemConfig: Adding association: com.google.android.as <- com.android.bluetooth
06-21 19:21:38.840  1318  1341 I SystemConfig: Adding association: com.google.android.as <- com.android.providers.contacts
06-21 19:21:38.840  1318  1341 I SystemConfig: Adding association: com.google.android.as <- com.android.providers.media
06-21 19:21:38.840  1318  1341 I SystemConfig: Adding association: com.google.android.as <- com.android.providers.telephony
06-21 19:21:38.840  1318  1341 I SystemConfig: Adding association: com.google.android.as <- com.android.systemui
06-21 19:21:38.840  1318  1341 I SystemConfig: Adding association: com.google.android.as <- com.google.android.providers.media.module
06-21 19:21:38.840  1318  1341 I SystemConfig: Adding association: com.google.android.as <- com.google.android.as.oss
06-21 19:21:38.840  1318  1341 I SystemConfig: Adding association: com.google.android.as.oss <- com.google.android.as
06-21 19:21:38.840  1318  1341 I SystemConfig: Reading permissions from /system/etc/sysconfig/google-staged-installer-whitelist.xml
06-21 19:21:38.841  1318  1318 D CompatConfig: Adding: com.android.server.compat.config.Change@f8ff552
06-21 19:21:38.841  1318  1318 D CompatConfig: Found a config file: /system/etc/compatconfig/documents-ui-compat-config.xml
06-21 19:21:38.841  1318  1341 I SystemConfig: Reading permissions from /system/etc/sysconfig/hiddenapi-package-whitelist.xml
06-21 19:21:38.841  1318  1318 D CompatConfig: Adding: com.android.server.compat.config.Change@8fed2d9
06-21 19:21:38.841  1318  1341 I SystemConfig: Reading permissions from /system/etc/sysconfig/google-rollback-package-whitelist.xml
06-21 19:21:38.841  1318  1318 D CompatConfig: Found a config file: /system/etc/compatconfig/services-platform-compat-config.xml
06-21 19:21:38.841  1318  1341 I SystemConfig: Reading permissions from /system/etc/sysconfig/google_build.xml
06-21 19:21:38.841  1318  1341 I SystemConfig: Reading permissions from /system/etc/sysconfig/google_exclusives_enable.xml
06-21 19:21:38.841  1318  1318 D CompatConfig: Adding: com.android.server.compat.config.Change@b28dcaa
06-21 19:21:38.841  1318  1341 I SystemConfig: Adding association: com.google.android.as.oss <- com.google.android.odad
06-21 19:21:38.841  1318  1318 D CompatConfig: Adding: com.android.server.compat.config.Change@91df09b
06-21 19:21:38.841  1318  1318 D CompatConfig: Adding: com.android.server.compat.config.Change@3f0dc38
06-21 19:21:38.841  1318  1318 D CompatConfig: Adding: com.android.server.compat.config.Change@bf70411
06-21 19:21:38.841  1318  1318 D CompatConfig: Adding: com.android.server.compat.config.Change@1901976
06-21 19:21:38.841  1318  1318 D CompatConfig: Adding: com.android.server.compat.config.Change@960fb77
06-21 19:21:38.841  1318  1341 I SystemConfig: Adding association: com.google.android.odad <- com.google.android.as.oss
06-21 19:21:38.841  1318  1318 D CompatConfig: Adding: com.android.server.compat.config.Change@ff383e4
06-21 19:21:38.841  1318  1318 D CompatConfig: Adding: com.android.server.compat.config.Change@336d04d
06-21 19:21:38.841  1318  1318 D CompatConfig: Adding: com.android.server.compat.config.Change@a5c5702
06-21 19:21:38.841  1318  1318 D CompatConfig: Adding: com.android.server.compat.config.Change@95fd813
06-21 19:21:38.841  1318  1318 D CompatConfig: Adding: com.android.server.compat.config.Change@356fa50
06-21 19:21:38.841  1318  1318 D CompatConfig: Adding: com.android.server.compat.config.Change@62d2449
06-21 19:21:38.841  1318  1318 D CompatConfig: Adding: com.android.server.compat.config.Change@bbce14e
06-21 19:21:38.841  1318  1318 D CompatConfig: Adding: com.android.server.compat.config.Change@c65e26f
06-21 19:21:38.841  1318  1318 D CompatConfig: Adding: com.android.server.compat.config.Change@3396b7c
06-21 19:21:38.841  1318  1318 D CompatConfig: Adding: com.android.server.compat.config.Change@c1abc05
06-21 19:21:38.841  1318  1318 D CompatConfig: Adding: com.android.server.compat.config.Change@d89c45a
06-21 19:21:38.841  1318  1318 D CompatConfig: Adding: com.android.server.compat.config.Change@518368b
06-21 19:21:38.841  1318  1318 D CompatConfig: Adding: com.android.server.compat.config.Change@66fc368
06-21 19:21:38.841  1318  1318 D CompatConfig: Adding: com.android.server.compat.config.Change@5901381
06-21 19:21:38.841  1318  1318 D CompatConfig: Adding: com.android.server.compat.config.Change@b0fcc26
06-21 19:21:38.841  1318  1318 D CompatConfig: Adding: com.android.server.compat.config.Change@151b067
06-21 19:21:38.841  1318  1318 D CompatConfig: Adding: com.android.server.compat.config.Change@a31ae14
06-21 19:21:38.841  1318  1318 D CompatConfig: Adding: com.android.server.compat.config.Change@1a966bd
06-21 19:21:38.841  1318  1318 D CompatConfig: Adding: com.android.server.compat.config.Change@59c84b2
06-21 19:21:38.841  1318  1318 D CompatConfig: Adding: com.android.server.compat.config.Change@7beec03
06-21 19:21:38.841  1318  1318 D CompatConfig: Adding: com.android.server.compat.config.Change@5859780
06-21 19:21:38.841  1318  1318 D CompatConfig: Adding: com.android.server.compat.config.Change@b0ab1b9
06-21 19:21:38.841  1318  1318 D CompatConfig: Adding: com.android.server.compat.config.Change@3ca39fe
06-21 19:21:38.841  1318  1318 D CompatConfig: Adding: com.android.server.compat.config.Change@33a455f
06-21 19:21:38.841  1318  1318 D CompatConfig: Adding: com.android.server.compat.config.Change@76cabac
06-21 19:21:38.841  1318  1318 D CompatConfig: Adding: com.android.server.compat.config.Change@89bb075
06-21 19:21:38.841  1318  1318 D CompatConfig: Adding: com.android.server.compat.config.Change@98bf80a
06-21 19:21:38.841  1318  1318 D CompatConfig: Adding: com.android.server.compat.config.Change@7e7d87b
06-21 19:21:38.841  1318  1318 D CompatConfig: Adding: com.android.server.compat.config.Change@bced698
06-21 19:21:38.841  1318  1318 D CompatConfig: Adding: com.android.server.compat.config.Change@e03def1
06-21 19:21:38.841  1318  1318 D CompatConfig: Adding: com.android.server.compat.config.Change@4f98ad6
06-21 19:21:38.841  1318  1318 D CompatConfig: Adding: com.android.server.compat.config.Change@e118157
06-21 19:21:38.841  1318  1318 D CompatConfig: Adding: com.android.server.compat.config.Change@326c444
06-21 19:21:38.841  1318  1318 D CompatConfig: Adding: com.android.server.compat.config.Change@7e6792d
06-21 19:21:38.841  1318  1318 D CompatConfig: Adding: com.android.server.compat.config.Change@bdb7e62
06-21 19:21:38.841  1318  1318 D CompatConfig: Adding: com.android.server.compat.config.Change@ec2dbf3
06-21 19:21:38.841  1318  1318 D CompatConfig: Adding: com.android.server.compat.config.Change@8ede0b0
06-21 19:21:38.841  1318  1318 D CompatConfig: Adding: com.android.server.compat.config.Change@fde7b29
06-21 19:21:38.841  1318  1318 D CompatConfig: Adding: com.android.server.compat.config.Change@5f71eae
06-21 19:21:38.841  1318  1318 D CompatConfig: Adding: com.android.server.compat.config.Change@e25444f
06-21 19:21:38.841  1318  1318 D CompatConfig: Adding: com.android.server.compat.config.Change@4c857dc
06-21 19:21:38.841  1318  1318 D CompatConfig: Adding: com.android.server.compat.config.Change@43aa0e5
06-21 19:21:38.841  1318  1318 D CompatConfig: Adding: com.android.server.compat.config.Change@1a77ba
06-21 19:21:38.841  1318  1318 D CompatConfig: Adding: com.android.server.compat.config.Change@f9bd66b
06-21 19:21:38.841  1318  1318 D CompatConfig: Adding: com.android.server.compat.config.Change@27115c8
06-21 19:21:38.841  1318  1318 D CompatConfig: Adding: com.android.server.compat.config.Change@f796661
06-21 19:21:38.841  1318  1318 D CompatConfig: Adding: com.android.server.compat.config.Change@3e85586
06-21 19:21:38.841  1318  1318 D CompatConfig: Adding: com.android.server.compat.config.Change@f9f6e47
06-21 19:21:38.841  1318  1318 D CompatConfig: Adding: com.android.server.compat.config.Change@c65c674
06-21 19:21:38.841  1318  1341 I SystemConfig: Reading permissions from /system/etc/permissions/privapp-permissions-atv.xml
06-21 19:21:38.842  1318  1318 D CompatConfig: Found a config file: /system/system_ext/etc/compatconfig/settings-platform-compat-config.xml
06-21 19:21:38.842  1318  1318 D CompatConfig: Adding: com.android.server.compat.config.Change@f5aa7e3
06-21 19:21:38.842  1318  1318 D CompatConfig: No directory /apex/com.android.wifi/etc/compatconfig, skipping
06-21 19:21:38.842  1318  1318 D CompatConfig: No directory /apex/com.android.tzdata/etc/compatconfig, skipping
06-21 19:21:38.842  1318  1318 D CompatConfig: No directory /apex/com.android.tethering/etc/compatconfig, skipping
06-21 19:21:38.842  1318  1318 D CompatConfig: No directory /apex/com.android.sdkext/etc/compatconfig, skipping
06-21 19:21:38.842  1318  1318 D CompatConfig: No directory /apex/com.android.scheduling/etc/compatconfig, skipping
06-21 19:21:38.842  1318  1318 D CompatConfig: No directory /apex/com.android.runtime/etc/compatconfig, skipping
06-21 19:21:38.842  1318  1318 D CompatConfig: No directory /apex/com.android.resolv/etc/compatconfig, skipping
06-21 19:21:38.842  1318  1341 I SystemConfig: Reading permissions from /system/etc/permissions/com.android.future.usb.accessory.xml
06-21 19:21:38.842  1318  1318 D CompatConfig: No directory /apex/com.android.permission/etc/compatconfig, skipping
06-21 19:21:38.842  1318  1318 D CompatConfig: No directory /apex/com.android.os.statsd/etc/compatconfig, skipping
06-21 19:21:38.842  1318  1318 D CompatConfig: Found a config file: /apex/com.android.mediaprovider/etc/compatconfig/media-provider-platform-compat-config.xml
06-21 19:21:38.842  1318  1341 I SystemConfig: Reading permissions from /system/etc/permissions/com.android.networkstack.xml
06-21 19:21:38.843  1318  1318 D CompatConfig: Adding: com.android.server.compat.config.Change@e05df3f
06-21 19:21:38.843  1318  1318 D CompatConfig: Adding: com.android.server.compat.config.Change@c3f700c
06-21 19:21:38.843  1318  1318 D CompatConfig: Adding: com.android.server.compat.config.Change@6e8d55
06-21 19:21:38.843  1318  1318 D CompatConfig: Adding: com.android.server.compat.config.Change@2e0436a
06-21 19:21:38.843  1318  1318 D CompatConfig: Adding: com.android.server.compat.config.Change@c03305b
06-21 19:21:38.843  1318  1318 D CompatConfig: Adding: com.android.server.compat.config.Change@77980f8
06-21 19:21:38.843  1318  1318 D CompatConfig: Adding: com.android.server.compat.config.Change@bd7a9d1
06-21 19:21:38.843  1318  1341 I SystemConfig: Reading permissions from /system/etc/permissions/android.hardware.touchscreen.multitouch.xml
06-21 19:21:38.843  1318  1318 D CompatConfig: No directory /apex/com.android.media.swcodec/etc/compatconfig, skipping
06-21 19:21:38.843  1318  1318 D CompatConfig: No directory /apex/com.android.media/etc/compatconfig, skipping
06-21 19:21:38.843  1318  1318 D CompatConfig: No directory /apex/com.android.ipsec/etc/compatconfig, skipping
06-21 19:21:38.843  1318  1318 D CompatConfig: No directory /apex/com.android.i18n/etc/compatconfig, skipping
06-21 19:21:38.843  1318  1318 D CompatConfig: No directory /apex/com.android.extservices/etc/compatconfig, skipping
06-21 19:21:38.843  1318  1318 D CompatConfig: No directory /apex/com.android.conscrypt/etc/compatconfig, skipping
06-21 19:21:38.843  1318  1341 I SystemConfig: Reading permissions from /system/etc/permissions/android.hardware.ethernet.xml
06-21 19:21:38.843  1318  1318 D CompatConfig: Found a config file: /apex/com.android.art/etc/compatconfig/libcore-platform-compat-config.xml
06-21 19:21:38.843  1318  1341 I SystemConfig: Reading permissions from /system/etc/permissions/com.android.location.provider.xml
06-21 19:21:38.843  1318  1318 D CompatConfig: Adding: com.android.server.compat.config.Change@f41d5c2
06-21 19:21:38.843  1318  1318 D CompatConfig: Adding: com.android.server.compat.config.Change@9377710
06-21 19:21:38.843  1318  1318 D CompatConfig: Adding: com.android.server.compat.config.Change@944c209
06-21 19:21:38.843  1318  1341 I SystemConfig: Reading permissions from /system/etc/permissions/com.android.networkstack.tethering.xml
06-21 19:21:38.843  1318  1318 D CompatConfig: Adding: com.android.server.compat.config.Change@15b8c0e
06-21 19:21:38.843  1318  1318 D CompatConfig: Adding: com.android.server.compat.config.Change@97b162f
06-21 19:21:38.843  1318  1318 D CompatConfig: No directory /apex/com.android.appsearch/etc/compatconfig, skipping
06-21 19:21:38.843  1318  1341 I SystemConfig: Reading permissions from /system/etc/permissions/org.apache.http.legacy.xml
06-21 19:21:38.843  1318  1318 D CompatConfig: No directory /apex/com.android.adbd/etc/compatconfig, skipping
06-21 19:21:38.843  1318  1341 I SystemConfig: Reading permissions from /system/etc/permissions/android.hardware.camera.flash-autofocus.xml
06-21 19:21:38.843  1318  1341 I SystemConfig: Reading permissions from /system/etc/permissions/com.android.documentsui.xml
06-21 19:21:38.844  1318  1341 I SystemConfig: Reading permissions from /system/etc/permissions/android.hardware.touchscreen.multitouch.distinct.xml
06-21 19:21:38.844  1318  1341 I SystemConfig: Reading permissions from /system/etc/permissions/android.hardware.wifi.xml
06-21 19:21:38.844  1318  1341 I SystemConfig: Reading permissions from /system/etc/permissions/privapp-permissions-google.xml
06-21 19:21:38.844  1318  1318 I SystemServerTiming: StartFileIntegrityService
06-21 19:21:38.844  1318  1318 I SystemServiceManager: Starting com.android.server.security.FileIntegrityService
06-21 19:21:38.844  1318  1318 I SystemServerTiming: StartInstaller
06-21 19:21:38.844  1318  1318 I SystemServiceManager: Starting com.android.server.pm.Installer
06-21 19:21:38.845  1318  1318 I SystemServerTiming: DeviceIdentifiersPolicyService
06-21 19:21:38.845  1318  1318 I SystemServiceManager: Starting com.android.server.os.DeviceIdentifiersPolicyService
06-21 19:21:38.845  1318  1318 I SystemServerTiming: UriGrantsManagerService
06-21 19:21:38.845  1318  1318 I SystemServiceManager: Starting com.android.server.uri.UriGrantsManagerService$Lifecycle
06-21 19:21:38.845  1318  1318 I SystemServerTiming: StartPowerStatsService
06-21 19:21:38.845  1318  1318 I SystemServiceManager: Starting com.android.server.powerstats.PowerStatsService
06-21 19:21:38.846  1318  1341 I SystemConfig: Reading permissions from /system/etc/permissions/split-permissions-google.xml
06-21 19:21:38.846  1318  1341 I SystemConfig: Reading permissions from /system/etc/permissions/android.hardware.touchscreen.multitouch.jazzhand.xml
06-21 19:21:38.847  1318  1341 I SystemConfig: Reading permissions from /system/etc/permissions/android.software.webview.xml
06-21 19:21:38.847  1318  1318 I SystemServerTiming: StartIStatsService
06-21 19:21:38.847  1318  1341 I SystemConfig: Reading permissions from /system/etc/permissions/android.hardware.location.gps.xml
06-21 19:21:38.847  1318  1341 I SystemConfig: Reading permissions from /system/etc/permissions/android.hardware.usb.host.xml
06-21 19:21:38.847  1318  1318 I SystemServerTiming: MemtrackProxyService
06-21 19:21:38.847  1318  1341 I SystemConfig: Reading permissions from /system/etc/permissions/android.test.base.xml
06-21 19:21:38.847  1318  1341 I SystemConfig: Reading permissions from /system/etc/permissions/privapp-permissions-platform.xml
06-21 19:21:38.847  1318  1318 I SystemServerTiming: StartActivityManager
06-21 19:21:38.847  1318  1318 I SystemServiceManager: Starting com.android.server.wm.ActivityTaskManagerService$Lifecycle
06-21 19:21:38.848  1318  1341 I SystemConfig: Reading permissions from /system/etc/permissions/android.hardware.telephony.gsm.xml
06-21 19:21:38.848  1318  1341 I SystemConfig: Reading permissions from /system/etc/permissions/handheld_core_hardware.xml
06-21 19:21:38.848  1318  1341 I SystemConfig: Reading permissions from /system/etc/permissions/platform.xml
06-21 19:21:38.849  1318  1341 I SystemConfig: Reading permissions from /product/etc/sysconfig/preinstalled-packages-platform-handheld-product.xml
06-21 19:21:38.849  1318  1341 I SystemConfig: Reading permissions from /product/etc/sysconfig/preinstalled-packages-platform-overlays.xml
06-21 19:21:38.849  1318  1318 I SystemServiceManager: Starting com.android.server.am.ActivityManagerService$Lifecycle
06-21 19:21:38.849  1318  1341 W SystemConfig: No directory /product/etc/permissions, skipping
06-21 19:21:38.849  1318  1341 W SystemConfig: No directory /system_ext/etc/sysconfig, skipping
06-21 19:21:38.849  1318  1341 I SystemConfig: Reading permissions from /system_ext/etc/permissions/com.android.systemui.xml
06-21 19:21:38.850  1318  1341 I SystemConfig: Reading permissions from /system_ext/etc/permissions/com.android.settings.xml
06-21 19:21:38.850  1318  1318 I ActivityManager: Memory class: 192
06-21 19:21:38.850  1318  1341 I SystemConfig: Reading permissions from /apex/com.android.ipsec/etc/permissions/android.net.ipsec.ike.xml
06-21 19:21:38.851  1318  1341 W SystemConfig: Failed to read public libraries file /vendor/etc/public.libraries.txt
06-21 19:21:38.851  1318  1341 W SystemConfig: java.io.FileNotFoundException: /vendor/etc/public.libraries.txt: open failed: ENOENT (No such file or directory)
06-21 19:21:38.851  1318  1341 W SystemConfig: 	at libcore.io.IoBridge.open(IoBridge.java:575)
06-21 19:21:38.851  1318  1341 W SystemConfig: 	at java.io.FileInputStream.<init>(FileInputStream.java:160)
06-21 19:21:38.851  1318  1341 W SystemConfig: 	at java.io.FileReader.<init>(FileReader.java:72)
06-21 19:21:38.851  1318  1341 W SystemConfig: 	at com.android.server.SystemConfig.readPublicLibrariesListFile(SystemConfig.java:1617)
06-21 19:21:38.851  1318  1341 W SystemConfig: 	at com.android.server.SystemConfig.readPublicNativeLibrariesList(SystemConfig.java:1599)
06-21 19:21:38.851  1318  1341 W SystemConfig: 	at com.android.server.SystemConfig.<init>(SystemConfig.java:484)
06-21 19:21:38.851  1318  1341 W SystemConfig: 	at com.android.server.SystemConfig.getInstance(SystemConfig.java:272)
06-21 19:21:38.851  1318  1341 W SystemConfig: 	at com.android.server.SystemServer$$ExternalSyntheticLambda5.run(Unknown Source:0)
06-21 19:21:38.851  1318  1341 W SystemConfig: 	at com.android.server.SystemServerInitThreadPool.lambda$submitTask$0$SystemServerInitThreadPool(SystemServerInitThreadPool.java:105)
06-21 19:21:38.851  1318  1341 W SystemConfig: 	at com.android.server.SystemServerInitThreadPool$$ExternalSyntheticLambda0.run(Unknown Source:6)
06-21 19:21:38.851  1318  1341 W SystemConfig: 	at java.util.concurrent.Executors$RunnableAdapter.call(Executors.java:462)
06-21 19:21:38.851  1318  1341 W SystemConfig: 	at java.util.concurrent.FutureTask.run(FutureTask.java:266)
06-21 19:21:38.851  1318  1341 W SystemConfig: 	at java.util.concurrent.ThreadPoolExecutor.runWorker(ThreadPoolExecutor.java:1167)
06-21 19:21:38.851  1318  1341 W SystemConfig: 	at java.util.concurrent.ThreadPoolExecutor$Worker.run(ThreadPoolExecutor.java:641)
06-21 19:21:38.851  1318  1341 W SystemConfig: 	at com.android.internal.util.ConcurrentUtils$1$1.run(ConcurrentUtils.java:65)
06-21 19:21:38.851  1318  1341 W SystemConfig: Caused by: android.system.ErrnoException: open failed: ENOENT (No such file or directory)
06-21 19:21:38.851  1318  1341 W SystemConfig: 	at libcore.io.Linux.open(Native Method)
06-21 19:21:38.851  1318  1341 W SystemConfig: 	at libcore.io.ForwardingOs.open(ForwardingOs.java:567)
06-21 19:21:38.851  1318  1341 W SystemConfig: 	at libcore.io.BlockGuardOs.open(BlockGuardOs.java:273)
06-21 19:21:38.851  1318  1341 W SystemConfig: 	at libcore.io.IoBridge.open(IoBridge.java:561)
06-21 19:21:38.851  1318  1341 W SystemConfig: 	... 14 more
06-21 19:21:38.852  1318  1346 I Binder  : Setting heavy hitter watcher config: false, 0, 0.0
06-21 19:21:38.857  1318  1318 D BatteryStatsImpl: Reading daily items from /data/system/batterystats-daily.xml
06-21 19:21:38.859  1318  1353 I KernelCpuUidFreqTimeReader: mPerClusterTimesAvailable=false
06-21 19:21:38.860  1318  1353 W KernelCpuUidFreqTimeBpfMapReader: Failed to start tracking
06-21 19:21:38.860  1318  1353 W KernelCpuProcStringReader: File not found. It's normal if not implemented: /proc/uid_time_in_state
06-21 19:21:38.860  1318  1353 W KernelCpuUidActiveTimeBpfMapReader: Failed to start tracking
06-21 19:21:38.860  1318  1353 W KernelCpuProcStringReader: File not found. It's normal if not implemented: /proc/uid_concurrent_active_time
06-21 19:21:38.860  1318  1353 W KernelCpuUidClusterTimeBpfMapReader: Failed to start tracking
06-21 19:21:38.860  1318  1353 W KernelCpuProcStringReader: File not found. It's normal if not implemented: /proc/uid_concurrent_policy_time
06-21 19:21:38.861  1318  1353 W KernelMemoryBandwidthStats: No kernel memory bandwidth stats available
06-21 19:21:38.870  1318  1318 I IntentFirewall: Read new rules (A:0 B:0 S:0)
06-21 19:21:38.872  1318  1318 D AppOps  : AppOpsService published
06-21 19:21:38.872  1318  1318 I SystemServerTiming: StartDataLoaderManagerService
06-21 19:21:38.872  1318  1318 I SystemServiceManager: Starting com.android.server.pm.DataLoaderManagerService
06-21 19:21:38.872  1318  1318 I SystemServerTiming: StartIncrementalService
06-21 19:21:38.872  1318  1318 I SystemServerTiming: StartPowerManager
06-21 19:21:38.872  1318  1318 I SystemServiceManager: Starting com.android.server.power.PowerManagerService
06-21 19:21:38.875  1318  1318 I SystemServerTiming: StartThermalManager
06-21 19:21:38.875  1318  1318 I SystemServiceManager: Starting com.android.server.power.ThermalManagerService
06-21 19:21:38.875  1318  1318 I SystemServerTiming: StartHintManager
06-21 19:21:38.875  1318  1318 I SystemServiceManager: Starting com.android.server.power.hint.HintManagerService
06-21 19:21:38.875  1318  1318 I SystemServerTiming: InitPowerManagement
06-21 19:21:38.875  1318  1318 I SystemServerTiming: StartRecoverySystemService
06-21 19:21:38.875  1318  1318 I SystemServiceManager: Starting com.android.server.recoverysystem.RecoverySystemService$Lifecycle
06-21 19:21:38.875  1318  1318 I PackageWatchdog: Syncing state, reason: added new observer
06-21 19:21:38.875  1318  1318 I PackageWatchdog: Not pruning observers, elapsed time: 0ms
06-21 19:21:38.875  1318  1318 I PackageWatchdog: Cancelling state sync, nothing to sync
06-21 19:21:38.875  1318  1345 I PackageWatchdog: Saving observer state to file
06-21 19:21:38.876  1318  1318 I SystemServerTiming: StartLightsService
06-21 19:21:38.876  1318  1318 I SystemServiceManager: Starting com.android.server.lights.LightsService
06-21 19:21:38.876  1318  1318 I SystemServerTiming: StartSidekickService
06-21 19:21:38.876  1318  1318 I SystemServerTiming: StartDisplayManager
06-21 19:21:38.876  1318  1318 I SystemServiceManager: Starting com.android.server.display.DisplayManagerService
06-21 19:21:38.878  1318  1318 I SystemServerTiming: WaitForDisplay
06-21 19:21:38.878  1318  1318 I SystemServiceManager: Starting phase 100
06-21 19:21:38.878  1318  1318 I SystemServerTiming: OnBootPhase_100
06-21 19:21:38.878  1318  1318 I SystemServerTiming: OnBootPhase_100_com.android.server.security.FileIntegrityService
06-21 19:21:38.878  1318  1318 I SystemServerTiming: OnBootPhase_100_com.android.server.pm.Installer
06-21 19:21:38.878  1318  1318 I SystemServerTiming: OnBootPhase_100_com.android.server.os.DeviceIdentifiersPolicyService
06-21 19:21:38.878  1318  1318 I SystemServerTiming: OnBootPhase_100_com.android.server.uri.UriGrantsManagerService$Lifecycle
06-21 19:21:38.878  1318  1318 I SystemServerTiming: OnBootPhase_100_com.android.server.powerstats.PowerStatsService
06-21 19:21:38.878  1318  1318 I SystemServerTiming: OnBootPhase_100_com.android.server.wm.ActivityTaskManagerService$Lifecycle
06-21 19:21:38.878  1318  1318 I SystemServerTiming: OnBootPhase_100_com.android.server.am.ActivityManagerService$Lifecycle
06-21 19:21:38.878  1318  1318 I SystemServerTiming: OnBootPhase_100_com.android.server.pm.DataLoaderManagerService
06-21 19:21:38.878  1318  1318 I SystemServerTiming: OnBootPhase_100_com.android.server.power.PowerManagerService
06-21 19:21:38.878  1318  1318 I SystemServerTiming: OnBootPhase_100_com.android.server.power.ThermalManagerService
06-21 19:21:38.878  1318  1318 I SystemServerTiming: OnBootPhase_100_com.android.server.power.hint.HintManagerService
06-21 19:21:38.878  1318  1318 I SystemServerTiming: OnBootPhase_100_com.android.server.recoverysystem.RecoverySystemService$Lifecycle
06-21 19:21:38.878  1318  1318 I SystemServerTiming: OnBootPhase_100_com.android.server.lights.LightsService
06-21 19:21:38.878  1318  1318 I SystemServerTiming: OnBootPhase_100_com.android.server.display.DisplayManagerService
06-21 19:21:38.879  1318  1337 I DisplayDeviceRepository: Display device added: DisplayDeviceInfo{"Built-in Screen": uniqueId="local:4619827820427265280", 1080 x 1920, modeId 1, defaultModeId 1, supportedModes [{id=1, width=1080, height=1920, fps=240.00005, alternativeRefreshRates=[15.000001]}, {id=2, width=1080, height=1920, fps=15.000001, alternativeRefreshRates=[240.00005]}], colorMode 0, supportedColorModes [0], hdrCapabilities HdrCapabilities{mSupportedHdrTypes=[], mMaxLuminance=500.0, mMaxAverageLuminance=500.0, mMinLuminance=0.0}, allmSupported false, gameContentTypeSupported false, density 280, 280.0 x 280.0 dpi, appVsyncOff 2000000, presDeadline 4166666, touch INTERNAL, rotation 0, type INTERNAL, address {port=0, model=0x401ceced0008c5, physicalDisplayId=4619827820427265280}, deviceProductInfo DeviceProductInfo{name=mumuscreen000, manufacturerPnpId=GGL, productId=1, modelYear=null, manufactureDate=ManufactureDate{week=27, year=2006}, connectionToSinkType=0}, state UNKNOWN, frameRateOverride , brightnessMinimum 0.0, brightnessMaximum 1.0, brightnessDefault 0.39763778, FLAG_DEFAULT_DISPLAY, FLAG_ROTATES_WITH_CONTENT, FLAG_SECURE, FLAG_SUPPORTS_PROTECTED_BUFFERS}
06-21 19:21:38.880  1318  1337 I LogicalDisplayMapper: Applying layout: [{addr: {port=0, model=0x401ceced0008c5, physicalDisplayId=4619827820427265280}, dispId: 0(ON)}], Previous layout: null
06-21 19:21:38.880  1318  1337 I LogicalDisplayMapper: Adding new display: 0: DisplayInfo{"Built-in Screen", displayId 0", displayGroupId -1, FLAG_SECURE, FLAG_SUPPORTS_PROTECTED_BUFFERS, FLAG_TRUSTED, real 1080 x 1920, largest app 1080 x 1920, smallest app 1080 x 1920, appVsyncOff 2000000, presDeadline 4166666, mode 1, defaultMode 1, modes [{id=1, width=1080, height=1920, fps=240.00005, alternativeRefreshRates=[15.000001]}, {id=2, width=1080, height=1920, fps=15.000001, alternativeRefreshRates=[240.00005]}], hdrCapabilities HdrCapabilities{mSupportedHdrTypes=[], mMaxLuminance=500.0, mMaxAverageLuminance=500.0, mMinLuminance=0.0}, userDisabledHdrTypes [], minimalPostProcessingSupported false, rotation 0, state UNKNOWN, type INTERNAL, uniqueId "local:4619827820427265280", app 1080 x 1920, density 280 (280.0 x 280.0) dpi, layerStack 0, colorMode 0, supportedColorModes [0], address {port=0, model=0x401ceced0008c5, physicalDisplayId=4619827820427265280}, deviceProductInfo DeviceProductInfo{name=mumuscreen000, manufacturerPnpId=GGL, productId=1, modelYear=null, manufactureDate=ManufactureDate{week=27, year=2006}, connectionToSinkType=0}, removeMode 0, refreshRateOverride 0.0, brightnessMinimum 0.0, brightnessMaximum 1.0, brightnessDefault 0.39763778}
06-21 19:21:38.880  1318  1337 I LogicalDisplayMapper: Setting new display group 0 for display 0, from previous group: null
06-21 19:21:38.880  1318  1318 I SystemServerTiming: StartDomainVerificationService
06-21 19:21:38.882  1318  1318 I SystemServerTiming: StartPackageManagerService
06-21 19:21:38.882  1318  1318 I Watchdog: Pausing HandlerChecker: main thread for reason: packagemanagermain. Pause count: 1
06-21 19:21:38.883  1318  1318 D PackageManager: read feature info, get name: android.hardware.vulkan.level, version: 0
06-21 19:21:38.883  1318  1318 D PackageManager: read feature info, get name: android.hardware.vulkan.version, version: 4194307
06-21 19:21:38.883  1318  1318 D PackageManager: read feature info, get name: android.hardware.vulkan.compute, version: 0
06-21 19:21:38.883  1318  1318 D PackageManager: read feature info, get name: android.hardware.opengles.aep, version: 0
06-21 19:21:38.883  1318  1318 D PackageManager: read feature info, get pattern: com.netease.sky.*
06-21 19:21:38.883  1318  1318 D PackageManager: read feature info, get name: android.hardware.vulkan.level, version: 0
06-21 19:21:38.883  1318  1318 D PackageManager: read feature info, get name: android.hardware.vulkan.version, version: 4194307
06-21 19:21:38.883  1318  1318 D PackageManager: read feature info, get name: android.hardware.vulkan.compute, version: 0
06-21 19:21:38.883  1318  1318 D PackageManager: read feature info, get name: android.hardware.opengles.aep, version: 0
06-21 19:21:38.883  1318  1318 D PackageManager: read feature info, get pattern: com.tencent.tmgp.eyou.eygy
06-21 19:21:38.883  1318  1318 D PackageManager: read feature info, get name: android.hardware.vulkan.level, version: 0
06-21 19:21:38.883  1318  1318 D PackageManager: read feature info, get name: android.hardware.vulkan.version, version: 4194307
06-21 19:21:38.883  1318  1318 D PackageManager: read feature info, get name: android.hardware.vulkan.compute, version: 0
06-21 19:21:38.883  1318  1318 D PackageManager: read feature info, get name: android.hardware.opengles.aep, version: 0
06-21 19:21:38.883  1318  1318 D PackageManager: read feature info, get pattern: com.tgc.sky.*
06-21 19:21:38.883  1318  1318 D PackageManager: read feature info, get name: android.hardware.vulkan.level, version: 0
06-21 19:21:38.883  1318  1318 D PackageManager: read feature info, get name: android.hardware.vulkan.version, version: 4194307
06-21 19:21:38.883  1318  1318 D PackageManager: read feature info, get name: android.hardware.vulkan.compute, version: 0
06-21 19:21:38.883  1318  1318 D PackageManager: read feature info, get name: android.hardware.opengles.aep, version: 0
06-21 19:21:38.883  1318  1318 D PackageManager: read feature info, get pattern: com.netease.sdk.*
06-21 19:21:38.883  1318  1318 D PackageManager: read feature info, get name: android.hardware.opengles.aep, version: 0
06-21 19:21:38.883  1318  1318 D PackageManager: read feature info, get name: android.hardware.faketouch, version: 0
06-21 19:21:38.883  1318  1318 D PackageManager: read feature info, get name: android.hardware.usb.accessory, version: 0
06-21 19:21:38.883  1318  1318 D PackageManager: read feature info, get name: android.hardware.touchscreen.multitouch, version: 0
06-21 19:21:38.883  1318  1318 D PackageManager: read feature info, get name: com.google.lens.feature.CAMERA_INTEGRATION, version: 0
06-21 19:21:38.883  1318  1318 D PackageManager: read feature info, get name: android.hardware.fingerprint, version: 0
06-21 19:21:38.883  1318  1318 D PackageManager: read feature info, get name: android.hardware.sensor.gyroscope, version: 0
06-21 19:21:38.883  1318  1318 D PackageManager: read feature info, get name: android.hardware.audio.low_latency, version: 0
06-21 19:21:38.883  1318  1318 D PackageManager: read feature info, get name: android.software.vulkan.deqp.level, version: 0
06-21 19:21:38.883  1318  1318 D PackageManager: read feature info, get name: android.hardware.telephony.gsm, version: 0
06-21 19:21:38.883  1318  1318 D PackageManager: read feature info, get name: android.hardware.telephony.ims, version: 0
06-21 19:21:38.883  1318  1318 D PackageManager: read feature info, get name: android.software.sip.voip, version: 0
06-21 19:21:38.883  1318  1318 D PackageManager: read feature info, get name: android.hardware.vr.high_performance, version: 0
06-21 19:21:38.883  1318  1318 D PackageManager: read feature info, get name: android.hardware.usb.host, version: 0
06-21 19:21:38.883  1318  1318 D PackageManager: read feature info, get name: android.software.verified_boot, version: 0
06-21 19:21:38.883  1318  1318 D PackageManager: read feature info, get name: android.hardware.camera.flash, version: 0
06-21 19:21:38.883  1318  1318 D PackageManager: read feature info, get name: android.hardware.camera.front, version: 0
06-21 19:21:38.883  1318  1318 D PackageManager: read feature info, get name: android.hardware.sensor.hifi_sensors, version: 0
06-21 19:21:38.883  1318  1318 D PackageManager: read feature info, get name: android.hardware.se.omapi.uicc, version: 0
06-21 19:21:38.883  1318  1318 D PackageManager: read feature info, get name: android.hardware.nfc, version: 0
06-21 19:21:38.883  1318  1318 D PackageManager: read feature info, get name: android.hardware.sensor.ambient_temperature, version: 0
06-21 19:21:38.883  1318  1318 D PackageManager: read feature info, get name: com.nxp.mifare, version: 0
06-21 19:21:38.883  1318  1318 D PackageManager: read feature info, get name: android.hardware.sensor.stepdetector, version: 0
06-21 19:21:38.883  1318  1318 D PackageManager: read feature info, get name: android.software.securely_removes_users, version: 0
06-21 19:21:38.883  1318  1318 D PackageManager: read feature info, get name: android.software.vr.mode, version: 0
06-21 19:21:38.883  1318  1318 D PackageManager: read feature info, get name: android.hardware.bluetooth_le, version: 0
06-21 19:21:38.883  1318  1318 D PackageManager: read feature info, get name: android.hardware.touchscreen.multitouch.jazzhand, version: 0
06-21 19:21:38.883  1318  1318 D PackageManager: read feature info, get name: android.hardware.vulkan.version, version: 0
06-21 19:21:38.883  1318  1318 D PackageManager: read feature info, get name: android.software.device_id_attestation, version: 0
06-21 19:21:38.883  1318  1318 D PackageManager: read feature info, get name: android.hardware.sensor.stepcounter, version: 0
06-21 19:21:38.883  1318  1318 D PackageManager: read feature info, get name: android.hardware.camera.capability.manual_post_processing, version: 0
06-21 19:21:38.883  1318  1318 D PackageManager: read feature info, get name: com.google.ar.core.depth, version: 0
06-21 19:21:38.883  1318  1318 D PackageManager: read feature info, get name: android.hardware.camera.any, version: 0
06-21 19:21:38.883  1318  1318 D PackageManager: read feature info, get name: android.hardware.camera.capability.raw, version: 0
06-21 19:21:38.883  1318  1318 D PackageManager: read feature info, get name: android.hardware.touchscreen.multitouch.distinct, version: 0
06-21 19:21:38.883  1318  1318 D PackageManager: read feature info, get name: android.software.sip, version: 0
06-21 19:21:38.883  1318  1318 D PackageManager: read feature info, get name: android.hardware.camera.capability.manual_sensor, version: 0
06-21 19:21:38.883  1318  1318 D PackageManager: read feature info, get name: com.google.android.apps.dialer.SUPPORTED, version: 0
06-21 19:21:38.883  1318  1318 D PackageManager: read feature info, get name: android.hardware.camera.level.full, version: 0
06-21 19:21:38.883  1318  1318 D PackageManager: read feature info, get name: android.software.live_wallpaper, version: 0
06-21 19:21:38.883  1318  1318 D PackageManager: read feature info, get name: android.software.ipsec_tunnels, version: 0
06-21 19:21:38.883  1318  1318 D PackageManager: read feature info, get name: android.software.freeform_window_management, version: 0
06-21 19:21:38.883  1318  1318 D PackageManager: read feature info, get name: android.hardware.audio.pro, version: 0
06-21 19:21:38.883  1318  1318 D PackageManager: read feature info, get name: android.hardware.nfc.hcef, version: 0
06-21 19:21:38.883  1318  1318 D PackageManager: read feature info, get name: android.hardware.location.gps, version: 0
06-21 19:21:38.883  1318  1318 D PackageManager: read feature info, get name: android.software.midi, version: 0
