06-21 19:21:39.245  1318  1318 I SystemServerTiming: OnBootPhase_500_com.android.server.media.projection.MediaProjectionManagerService
06-21 19:21:39.245  1318  1318 I SystemServerTiming: OnBootPhase_500_com.android.server.slice.SliceManagerService$Lifecycle
06-21 19:21:39.245  1318  1318 I SystemServerTiming: OnBootPhase_500_com.android.server.stats.StatsCompanion$Lifecycle
06-21 19:21:39.245  1318  1318 I SystemServerTiming: OnBootPhase_500_com.android.server.scheduling.RebootReadinessManagerService$Lifecycle
06-21 19:21:39.245  1318  1318 I SystemServerTiming: OnBootPhase_500_com.android.server.stats.pull.StatsPullAtomService
06-21 19:21:39.245  1318  1318 I SystemServerTiming: OnBootPhase_500_com.android.server.incident.IncidentCompanionService
06-21 19:21:39.245  1318  1318 I SystemServerTiming: OnBootPhase_500_com.android.server.MmsServiceBroker
06-21 19:21:39.245  1318  1318 I SystemServerTiming: OnBootPhase_500_com.android.server.autofill.AutofillManagerService
06-21 19:21:39.245  1318  1318 I SystemServerTiming: OnBootPhase_500_com.android.server.clipboard.ClipboardService
06-21 19:21:39.245  1318  1318 I SystemServerTiming: OnBootPhase_500_com.android.server.appbinding.AppBindingService$Lifecycle
06-21 19:21:39.245  1318  1318 I SystemServerTiming: OnBootPhase_500_com.android.server.tracing.TracingServiceProxy
06-21 19:21:39.245  1318  1318 I ActivityManager: Starting service: Intent { cmp=com.netease.nemu_vapi_android.nemu/com.netease.nemu_vapi_android.service.ApiService }
06-21 19:21:39.245  1318  1318 W ActivityManager: callingPackage:android, packageName:com.netease.nemu_vapi_android.nemu, name:com.netease.nemu_vapi_android.service.ApiService, isSkip: true
06-21 19:21:39.246  1318  1366 W AppHibernationService: Attempt to call isHibernatingForUser before states have been read from disk
06-21 19:21:39.246  1318  1318 I ActivityManager: com.netease.nemu_vapi_android.nemu is exempt from freezer
06-21 19:21:39.246  1318  1345 I HealthServiceWrapper: health: HealthServiceWrapper listening to instance default
06-21 19:21:39.246  1318  1318 D CompatibilityChangeReporter: Compat change id reported: 135634846; UID 1000; state: DISABLED
06-21 19:21:39.246  1318  1318 I SystemServerTiming: MakeWindowManagerServiceReady
06-21 19:21:39.247  1318  1345 D StatsPullAtomService: Registering pullers with statsd
06-21 19:21:39.247  1318  1345 I StatsPullAtomService: register thermal listener successfully
06-21 19:21:39.247  1166  1166 I android.hardware.wifi@1.0-service: Wifi HAL started
06-21 19:21:39.248  1318  1318 I SystemServerTiming: MakePowerManagerServiceReady
06-21 19:21:39.248  1318  1318 I AttentionDetector: readValuesFromDeviceConfig():
06-21 19:21:39.248  1318  1318 I AttentionDetector: mMaximumExtensionMillis=900000
06-21 19:21:39.248  1318  1318 I AttentionDetector: mPreDimCheckDurationMillis=2000
06-21 19:21:39.248  1318  1318 I AttentionDetector: mRequestedPostDimTimeoutMillis=0
06-21 19:21:39.248  1166  1166 W android.hardware.wifi@1.0-service: No active wlan interfaces in use! Using default
06-21 19:21:39.248  1166  1166 E android.hardware.wifi@1.0-service: Unknown iface name: wlan0
06-21 19:21:39.248  1166  1166 E android.hardware.wifi@1.0-service: Unknown iface name: wlan0
06-21 19:21:39.248  1318  1318 E DisplayPowerController[0]: failed to set up display white-balance: java.lang.IllegalStateException: cannot find sensor com.google.sensor.color
06-21 19:21:39.248  1318  1318 W DisplayPowerController[0]: Screen brightness nits configuration is unavailable; falling back
06-21 19:21:39.248  1318  1347 I ActivityManager: Start proc 1471:com.netease.nemu_vapi_android.nemu/1000 for service {com.netease.nemu_vapi_android.nemu/com.netease.nemu_vapi_android.service.ApiService}
06-21 19:21:39.249  1166  1166 I android.hardware.wifi@1.0-service: Adding interface handle for wlan0
06-21 19:21:39.249  1166  1166 W android.hardware.wifi@1.0-service: No active wlan interfaces in use! Using default
06-21 19:21:39.249  1166  1166 E android.hardware.wifi@1.0-service: Failed to register radio mode change callback
06-21 19:21:39.249  1166  1166 W android.hardware.wifi@1.0-service: No active wlan interfaces in use! Using default
06-21 19:21:39.249  1166  1166 I android.hardware.wifi@1.0-service: Configured chip in mode 0
06-21 19:21:39.249  1166  1166 W android.hardware.wifi@1.0-service: No active wlan interfaces in use! Using default
06-21 19:21:39.249  1166  1166 I android.hardware.wifi@1.0-service: Adding interface handle for wlan0
06-21 19:21:39.249  1166  1166 E android.hardware.wifi@1.0-service: Failed to set DFS flag; DFS channels may be unavailable.
06-21 19:21:39.249  1318  1359 W KeyguardServiceDelegate: onScreenTurningOn(): no keyguard service!
06-21 19:21:39.249  1318  1359 V DisplayPowerController[0]: Brightness [0.39763778] reason changing to: 'override', previous reason: '0'.
06-21 19:21:39.249  1318  1318 I FaceDownDetector: readValuesFromDeviceConfig():
06-21 19:21:39.249  1318  1318 I FaceDownDetector: mAccelerationThreshold=0.2
06-21 19:21:39.249  1318  1318 I FaceDownDetector: mZAccelerationThreshold=-9.5
06-21 19:21:39.249  1318  1318 I FaceDownDetector: mTimeThreshold=PT1S
06-21 19:21:39.249  1318  1318 I FaceDownDetector: mIsEnabled=true
06-21 19:21:39.250  1318  1474 E DisplayDeviceConfig: requesting nits when no mapping exists.
06-21 19:21:39.250  1318  1337 I DisplayDeviceRepository: Display device changed state: "Built-in Screen", ON
06-21 19:21:39.250  1318  1474 E DisplayDeviceConfig: requesting nits when no mapping exists.
06-21 19:21:39.250  1318  1346 I DropBoxManagerService: add tag=system_server_wtf isTagEnabled=true flags=0x2
06-21 19:21:39.250  1182  1182 I wificond: ConvertMacAddressFromVecToStr: 08:74:a8:89:13:d5
06-21 19:21:39.250  1182  1182 I wificond: get mac address: 08:74:a8:89:13:d5
06-21 19:21:39.250  1182  1182 I wificond: createClientInterface: wiphy_index 1 iface_name wlan0
06-21 19:21:39.250  1182  1182 I wificond: create scanner for interface with index: 2
06-21 19:21:39.250  1182  1182 I wificond: subscribe scan result for interface with index: 2
06-21 19:21:39.250  1182  1182 I wificond: add channel type 0 support at wiphy index: 1
06-21 19:21:39.250  1182  1182 I wificond: add channel type 1 support at wiphy index: 1
06-21 19:21:39.250  1318  1318 I ScreenUndimDetector: readValuesFromDeviceConfig():
06-21 19:21:39.250  1318  1318 I ScreenUndimDetector: mKeepScreenOnForMillis=600000
06-21 19:21:39.250  1318  1318 I ScreenUndimDetector: mKeepScreenOnNotificationEnabled=true
06-21 19:21:39.250  1318  1318 I ScreenUndimDetector: mUndimsRequired=2
06-21 19:21:39.251  1318  1318 I SystemServerTiming: StartPermissionPolicyService
06-21 19:21:39.251  1318  1318 I SystemServiceManager: Starting com.android.server.policy.PermissionPolicyService
06-21 19:21:39.251  1318  1318 I SystemServerTiming: MakePackageManagerServiceReady
06-21 19:21:39.252  1318  1318 I UserManagerService: backup user files, duration: 0 ms
06-21 19:21:39.254  1318  1346 W DropBoxManagerService: Dropping: system_server_wtf (1137 > 0 bytes)
06-21 19:21:39.254  1318  1318 V UserDataPreparer: Found /data/user_de/0 with serial number 0
06-21 19:21:39.254  1318  1318 V UserDataPreparer: Found /data/user/0 with serial number 0
06-21 19:21:39.254  1318  1318 V UserDataPreparer: Found /data/system_de/0 with serial number 0
06-21 19:21:39.254  1318  1318 V UserDataPreparer: Found /data/system_ce/0 with serial number 0
06-21 19:21:39.254  1318  1318 V UserDataPreparer: Found /data/misc_ce/0 with serial number 0
06-21 19:21:39.254  1318  1346 I DropBoxManagerService: add tag=system_server_wtf isTagEnabled=true flags=0x2
06-21 19:21:39.254  1318  1346 W DropBoxManagerService: Dropping: system_server_wtf (1137 > 0 bytes)
06-21 19:21:39.254  1318  1318 I PackageManager: Permission ownership changed. Updating all permissions.
06-21 19:21:39.260  1318  1365 E DefaultPermGrantPolicy: Package not found: com.verizon.mips.services
06-21 19:21:39.260  1318  1365 E DefaultPermGrantPolicy: Package not found: com.google.intelligence.sense
06-21 19:21:39.260  1318  1365 E DefaultPermGrantPolicy: Package not found: com.qualcomm.ltebc_vzw
06-21 19:21:39.260  1318  1365 E DefaultPermGrantPolicy: Package not found: com.google.android.projection.gearhead
06-21 19:21:39.260  1318  1365 E DefaultPermGrantPolicy: Package not found: com.google.android.settings.intelligence
06-21 19:21:39.260  1318  1365 E DefaultPermGrantPolicy: Package not found: com.google.android.cbrsnetworkmonitor
06-21 19:21:39.260  1318  1365 E DefaultPermGrantPolicy: Package not found: com.google.android.apps.scone
06-21 19:21:39.260  1318  1365 E DefaultPermGrantPolicy: Package not found: com.google.android.wfcactivation
06-21 19:21:39.260  1318  1365 E DefaultPermGrantPolicy: Package not found: com.google.oslo
06-21 19:21:39.260  1318  1365 E DefaultPermGrantPolicy: Package not found: com.google.vr.apps.ornament
06-21 19:21:39.260  1318  1365 E DefaultPermGrantPolicy: Package not found: com.google.android.apps.miphone.aiai
06-21 19:21:39.260  1318  1365 E DefaultPermGrantPolicy: Package not found: com.google.android.apps.gcs
06-21 19:21:39.260  1318  1365 E DefaultPermGrantPolicy: Package not found: com.google.android.apps.messaging
06-21 19:21:39.260  1318  1365 E DefaultPermGrantPolicy: Package not found: com.google.android.apps.nexuslauncher
06-21 19:21:39.260  1318  1365 E DefaultPermGrantPolicy: Package not found: com.google.android.dialer
06-21 19:21:39.260  1318  1318 I SystemServerTiming: MakeDisplayManagerServiceReady
06-21 19:21:39.260  1318  1365 E DefaultPermGrantPolicy: Package not found: com.google.android.gm.exchange
06-21 19:21:39.261  1318  1337 E DisplayModeDirector: Asked about unknown display, returning empty display mode specs!(id=0)
06-21 19:21:39.261  1318  1337 E DisplayModeDirector: Asked about unknown display, returning empty display mode specs!(id=0)
06-21 19:21:39.261  1318  1365 E DefaultPermGrantPolicy: Package not found: com.google.android.googlequicksearchbox
06-21 19:21:39.261  1318  1365 E DefaultPermGrantPolicy: Package not found: com.google.android.gsf.login
06-21 19:21:39.261  1318  1365 E DefaultPermGrantPolicy: Package not found: com.google.android.packageinstaller
06-21 19:21:39.261  1318  1365 E DefaultPermGrantPolicy: Package not found: com.google.android.setupwizard
06-21 19:21:39.261  1318  1365 E DefaultPermGrantPolicy: Package not found: com.google.android.syncadapters.calendar
06-21 19:21:39.261  1318  1365 E DefaultPermGrantPolicy: Package not found: com.google.android.tag
06-21 19:21:39.261  1318  1365 E DefaultPermGrantPolicy: Package not found: com.google.android.talk
06-21 19:21:39.261  1318  1318 I SystemServerTiming: StartDeviceSpecificServices
06-21 19:21:39.261  1318  1318 I SystemServerTiming: GameManagerService
06-21 19:21:39.261  1318  1318 I SystemServiceManager: Starting com.android.server.app.GameManagerService$Lifecycle
06-21 19:21:39.262  1318  1318 I SystemServerTiming: StartBootPhaseDeviceSpecificServicesReady
06-21 19:21:39.262  1318  1318 I SystemServiceManager: Starting phase 520
06-21 19:21:39.262  1318  1318 I SystemServerTiming: OnBootPhase_520
06-21 19:21:39.262  1318  1318 I SystemServerTiming: OnBootPhase_520_com.android.server.security.FileIntegrityService
06-21 19:21:39.262  1318  1318 I SystemServerTiming: OnBootPhase_520_com.android.server.pm.Installer
06-21 19:21:39.262  1318  1318 I SystemServerTiming: OnBootPhase_520_com.android.server.os.DeviceIdentifiersPolicyService
06-21 19:21:39.262  1318  1318 I SystemServerTiming: OnBootPhase_520_com.android.server.uri.UriGrantsManagerService$Lifecycle
06-21 19:21:39.262  1318  1318 I SystemServerTiming: OnBootPhase_520_com.android.server.powerstats.PowerStatsService
06-21 19:21:39.262  1318  1318 I SystemServerTiming: OnBootPhase_520_com.android.server.wm.ActivityTaskManagerService$Lifecycle
06-21 19:21:39.262  1318  1318 I SystemServerTiming: OnBootPhase_520_com.android.server.am.ActivityManagerService$Lifecycle
06-21 19:21:39.262  1318  1318 I SystemServerTiming: OnBootPhase_520_com.android.server.pm.DataLoaderManagerService
06-21 19:21:39.262  1318  1318 I SystemServerTiming: OnBootPhase_520_com.android.server.power.PowerManagerService
06-21 19:21:39.262  1318  1318 I SystemServerTiming: OnBootPhase_520_com.android.server.power.ThermalManagerService
06-21 19:21:39.262  1318  1318 I SystemServerTiming: OnBootPhase_520_com.android.server.power.hint.HintManagerService
06-21 19:21:39.262  1318  1318 I SystemServerTiming: OnBootPhase_520_com.android.server.recoverysystem.RecoverySystemService$Lifecycle
06-21 19:21:39.262  1318  1318 I SystemServerTiming: OnBootPhase_520_com.android.server.lights.LightsService
06-21 19:21:39.262  1318  1318 I SystemServerTiming: OnBootPhase_520_com.android.server.display.DisplayManagerService
06-21 19:21:39.262  1318  1318 I SystemServerTiming: OnBootPhase_520_com.android.server.pm.verify.domain.DomainVerificationService
06-21 19:21:39.262  1318  1318 I SystemServerTiming: OnBootPhase_520_com.android.server.pm.PackageInstallerService$Lifecycle
06-21 19:21:39.262  1318  1318 I SystemServerTiming: OnBootPhase_520_com.android.server.pm.UserManagerService$LifeCycle
06-21 19:21:39.262  1318  1318 I SystemServerTiming: OnBootPhase_520_com.android.server.om.OverlayManagerService
06-21 19:21:39.262  1318  1318 I SystemServerTiming: OnBootPhase_520_com.android.server.SensorPrivacyService
06-21 19:21:39.262  1318  1318 I SystemServerTiming: OnBootPhase_520_com.android.server.sensors.SensorService
06-21 19:21:39.262  1318  1318 I SystemServerTiming: OnBootPhase_520_com.android.server.SystemConfigService
06-21 19:21:39.262  1318  1318 I SystemServerTiming: OnBootPhase_520_com.android.server.BatteryService
06-21 19:21:39.262  1318  1318 I SystemServerTiming: OnBootPhase_520_com.android.server.usage.UsageStatsService
06-21 19:21:39.262  1318  1318 I SystemServerTiming: OnBootPhase_520_com.android.server.webkit.WebViewUpdateService
06-21 19:21:39.262  1318  1318 I SystemServerTiming: OnBootPhase_520_com.android.server.CachedDeviceStateService
06-21 19:21:39.262  1318  1318 I SystemServerTiming: OnBootPhase_520_com.android.server.BinderCallsStatsService$LifeCycle
06-21 19:21:39.262  1318  1318 I SystemServerTiming: OnBootPhase_520_com.android.server.LooperStatsService$Lifecycle
06-21 19:21:39.262  1318  1318 I SystemServerTiming: OnBootPhase_520_com.android.server.rollback.RollbackManagerService
06-21 19:21:39.262  1318  1318 I SystemServerTiming: OnBootPhase_520_com.android.server.os.NativeTombstoneManagerService
06-21 19:21:39.262  1318  1318 I SystemServerTiming: OnBootPhase_520_com.android.server.os.BugreportManagerService
06-21 19:21:39.262  1318  1318 I SystemServerTiming: OnBootPhase_520_com.android.server.gpu.GpuService
06-21 19:21:39.262  1318  1318 I SystemServerTiming: OnBootPhase_520_com.android.server.security.KeyChainSystemService
06-21 19:21:39.262  1318  1318 I SystemServerTiming: OnBootPhase_520_com.android.server.telecom.TelecomLoaderService
06-21 19:21:39.262  1318  1318 I SystemServerTiming: OnBootPhase_520_com.android.server.accounts.AccountManagerService$Lifecycle
06-21 19:21:39.262  1318  1318 I SystemServerTiming: OnBootPhase_520_com.android.server.content.ContentService$Lifecycle
06-21 19:21:39.262  1318  1318 I SystemServerTiming: OnBootPhase_520_com.android.server.DropBoxManagerService
06-21 19:21:39.262  1318  1318 I SystemServerTiming: OnBootPhase_520_com.android.role.RoleService
06-21 19:21:39.262  1318  1318 I SystemServerTiming: OnBootPhase_520_com.android.server.vibrator.VibratorManagerService$Lifecycle
06-21 19:21:39.262  1318  1318 I SystemServerTiming: OnBootPhase_520_com.android.server.alarm.AlarmManagerService
06-21 19:21:39.262  1318  1318 I SystemServerTiming: OnBootPhase_520_com.android.server.devicestate.DeviceStateManagerService
06-21 19:21:39.262  1318  1318 I SystemServerTiming: OnBootPhase_520_com.android.server.camera.CameraServiceProxy
06-21 19:21:39.262  1318  1318 I SystemServerTiming: OnBootPhase_520_com.android.server.BluetoothService
06-21 19:21:39.262  1318  1318 I SystemServerTiming: OnBootPhase_520_com.android.server.connectivity.IpConnectivityMetrics
06-21 19:21:39.262  1318  1318 I SystemServerTiming: OnBootPhase_520_com.android.server.PinnerService
06-21 19:21:39.262  1318  1318 I SystemServerTiming: OnBootPhase_520_com.google.android.startop.iorap.IorapForwardingService
06-21 19:21:39.262  1318  1318 I SystemServerTiming: OnBootPhase_520_com.android.server.integrity.AppIntegrityManagerService
06-21 19:21:39.262  1318  1318 I SystemServerTiming: OnBootPhase_520_com.android.server.inputmethod.InputMethodManagerService$Lifecycle
06-21 19:21:39.262  1318  1318 I SystemServerTiming: OnBootPhase_520_com.android.server.accessibility.AccessibilityManagerService$Lifecycle
06-21 19:21:39.262  1318  1318 I SystemServerTiming: OnBootPhase_520_com.android.server.StorageManagerService$Lifecycle
06-21 19:21:39.262  1318  1318 I SystemServerTiming: OnBootPhase_520_com.android.server.usage.StorageStatsService$Lifecycle
06-21 19:21:39.262  1318  1318 I SystemServerTiming: OnBootPhase_520_com.android.server.UiModeManagerService
06-21 19:21:39.262  1318  1318 I SystemServerTiming: OnBootPhase_520_com.android.server.locksettings.LockSettingsService$Lifecycle
06-21 19:21:39.262  1318  1318 I SystemServerTiming: OnBootPhase_520_com.android.server.testharness.TestHarnessModeService
06-21 19:21:39.262  1318  1318 I SystemServerTiming: OnBootPhase_520_com.android.server.DeviceIdleController
06-21 19:21:39.262  1318  1318 I SystemServerTiming: OnBootPhase_520_com.android.server.devicepolicy.DevicePolicyManagerService$Lifecycle
06-21 19:21:39.262  1318  1318 I SystemServerTiming: OnBootPhase_520_com.android.server.texttospeech.TextToSpeechManagerService
06-21 19:21:39.262  1318  1318 I SystemServerTiming: OnBootPhase_520_com.android.server.speech.SpeechRecognitionManagerService
06-21 19:21:39.262  1318  1318 I SystemServerTiming: OnBootPhase_520_com.android.server.searchui.SearchUiManagerService
06-21 19:21:39.262  1318  1318 I SystemServerTiming: OnBootPhase_520_com.android.server.smartspace.SmartspaceManagerService
06-21 19:21:39.262  1318  1318 I SystemServerTiming: OnBootPhase_520_com.android.server.graphics.fonts.FontManagerService$Lifecycle
06-21 19:21:39.262  1318  1318 I SystemServerTiming: OnBootPhase_520_com.android.server.textservices.TextServicesManagerService$Lifecycle
06-21 19:21:39.262  1318  1318 I SystemServerTiming: OnBootPhase_520_com.android.server.textclassifier.TextClassificationManagerService$Lifecycle
06-21 19:21:39.262  1318  1318 I SystemServerTiming: OnBootPhase_520_com.android.server.NetworkScoreService$Lifecycle
06-21 19:21:39.262  1318  1318 I SystemServerTiming: OnBootPhase_520_com.android.server.wifi.WifiService
06-21 19:21:39.262  1318  1318 I SystemServerTiming: OnBootPhase_520_com.android.server.wifi.scanner.WifiScanningService
06-21 19:21:39.262  1318  1318 I SystemServerTiming: OnBootPhase_520_com.android.server.ethernet.EthernetService
06-21 19:21:39.262  1318  1318 I SystemServerTiming: OnBootPhase_520_com.android.server.ConnectivityServiceInitializer
06-21 19:21:39.262  1318  1318 I SystemServerTiming: OnBootPhase_520_com.android.server.notification.NotificationManagerService
06-21 19:21:39.262  1318  1318 I SystemServerTiming: OnBootPhase_520_com.android.server.storage.DeviceStorageMonitorService
06-21 19:21:39.262  1318  1318 I SystemServerTiming: OnBootPhase_520_com.android.server.location.LocationManagerService$Lifecycle
06-21 19:21:39.262  1318  1318 I SystemServerTiming: OnBootPhase_520_com.android.server.timedetector.TimeDetectorService$Lifecycle
06-21 19:21:39.262  1318  1318 I SystemServerTiming: OnBootPhase_520_com.android.server.timezonedetector.TimeZoneDetectorService$Lifecycle
06-21 19:21:39.262  1318  1318 I SystemServerTiming: OnBootPhase_520_com.android.server.timezonedetector.location.LocationTimeZoneManagerService$Lifecycle
06-21 19:21:39.262  1318  1318 I SystemServerTiming: OnBootPhase_520_com.android.server.search.SearchManagerService$Lifecycle
06-21 19:21:39.262  1318  1318 I SystemServerTiming: OnBootPhase_520_com.android.server.wallpaper.WallpaperManagerService$Lifecycle
06-21 19:21:39.262  1318  1318 I SystemServerTiming: OnBootPhase_520_com.android.server.audio.AudioService$Lifecycle
06-21 19:21:39.262  1318  1318 I SystemServerTiming: OnBootPhase_520_com.android.server.soundtrigger_middleware.SoundTriggerMiddlewareService$Lifecycle
06-21 19:21:39.262  1318  1318 I SystemServerTiming: OnBootPhase_520_com.android.server.DockObserver
06-21 19:21:39.262  1318  1318 I SystemServerTiming: OnBootPhase_520_com.android.server.adb.AdbService$Lifecycle
06-21 19:21:39.262  1318  1318 I SystemServerTiming: OnBootPhase_520_com.android.server.usb.UsbService$Lifecycle
06-21 19:21:39.262  1318  1318 I SystemServerTiming: OnBootPhase_520_com.android.server.twilight.TwilightService
06-21 19:21:39.262  1318  1318 I SystemServerTiming: OnBootPhase_520_com.android.server.display.color.ColorDisplayService
06-21 19:21:39.262  1318  1318 I SystemServerTiming: OnBootPhase_520_com.android.server.job.JobSchedulerService
06-21 19:21:39.262  1318  1318 I SystemServerTiming: OnBootPhase_520_com.android.server.soundtrigger.SoundTriggerService
06-21 19:21:39.262  1318  1318 D SoundTriggerService: onBootPhase: 520 : false
06-21 19:21:39.262  1318  1318 I SystemServerTiming: OnBootPhase_520_com.android.server.trust.TrustManagerService
06-21 19:21:39.262  1318  1318 I SystemServerTiming: OnBootPhase_520_com.android.server.backup.BackupManagerService$Lifecycle
06-21 19:21:39.262  1318  1318 I SystemServerTiming: OnBootPhase_520_com.android.server.appwidget.AppWidgetService
06-21 19:21:39.262  1318  1318 I SystemServerTiming: OnBootPhase_520_com.android.server.voiceinteraction.VoiceInteractionManagerService
06-21 19:21:39.262  1318  1318 I SystemServerTiming: OnBootPhase_520_com.android.server.apphibernation.AppHibernationService
06-21 19:21:39.262  1318  1318 I SystemServerTiming: OnBootPhase_520_com.android.server.GestureLauncherService
06-21 19:21:39.262  1318  1318 I SystemServerTiming: OnBootPhase_520_com.android.server.SensorNotificationService
06-21 19:21:39.262  1318  1318 I SystemServerTiming: OnBootPhase_520_com.android.server.emergency.EmergencyAffordanceService
06-21 19:21:39.262  1318  1318 I SystemServerTiming: OnBootPhase_520_com.android.server.blob.BlobStoreManagerService
06-21 19:21:39.262  1318  1318 I SystemServerTiming: OnBootPhase_520_com.android.server.dreams.DreamManagerService
06-21 19:21:39.262  1318  1318 I SystemServerTiming: OnBootPhase_520_com.android.server.print.PrintManagerService
06-21 19:21:39.262  1318  1318 I SystemServerTiming: OnBootPhase_520_com.android.server.companion.CompanionDeviceManagerService
06-21 19:21:39.262  1318  1318 I SystemServerTiming: OnBootPhase_520_com.android.server.restrictions.RestrictionsManagerService
06-21 19:21:39.262  1318  1318 I SystemServerTiming: OnBootPhase_520_com.android.server.media.MediaSessionService
06-21 19:21:39.262  1318  1318 I SystemServerTiming: OnBootPhase_520_com.android.server.media.MediaResourceMonitorService
06-21 19:21:39.262  1318  1318 I SystemServerTiming: OnBootPhase_520_com.android.server.biometrics.BiometricService
06-21 19:21:39.262  1318  1318 I SystemServerTiming: OnBootPhase_520_com.android.server.biometrics.AuthService
06-21 19:21:39.262  1318  1318 I SystemServerTiming: OnBootPhase_520_com.android.server.pm.ShortcutService$Lifecycle
06-21 19:21:39.262  1318  1318 I SystemServerTiming: OnBootPhase_520_com.android.server.pm.LauncherAppsService
06-21 19:21:39.262  1318  1318 I SystemServerTiming: OnBootPhase_520_com.android.server.pm.CrossProfileAppsService
06-21 19:21:39.262  1318  1318 I SystemServerTiming: OnBootPhase_520_com.android.server.people.PeopleService
06-21 19:21:39.262  1318  1318 I SystemServerTiming: OnBootPhase_520_com.android.server.media.metrics.MediaMetricsManagerService
06-21 19:21:39.262  1318  1318 I SystemServerTiming: OnBootPhase_520_com.android.server.media.projection.MediaProjectionManagerService
06-21 19:21:39.262  1318  1318 I SystemServerTiming: OnBootPhase_520_com.android.server.slice.SliceManagerService$Lifecycle
06-21 19:21:39.262  1318  1318 I SystemServerTiming: OnBootPhase_520_com.android.server.stats.StatsCompanion$Lifecycle
06-21 19:21:39.262  1318  1318 I SystemServerTiming: OnBootPhase_520_com.android.server.scheduling.RebootReadinessManagerService$Lifecycle
06-21 19:21:39.262  1318  1318 I SystemServerTiming: OnBootPhase_520_com.android.server.stats.pull.StatsPullAtomService
06-21 19:21:39.262  1318  1318 I SystemServerTiming: OnBootPhase_520_com.android.server.incident.IncidentCompanionService
06-21 19:21:39.262  1318  1318 I SystemServerTiming: OnBootPhase_520_com.android.server.MmsServiceBroker
06-21 19:21:39.262  1318  1318 I SystemServerTiming: OnBootPhase_520_com.android.server.autofill.AutofillManagerService
06-21 19:21:39.262  1318  1318 I SystemServerTiming: OnBootPhase_520_com.android.server.clipboard.ClipboardService
06-21 19:21:39.262  1318  1318 I SystemServerTiming: OnBootPhase_520_com.android.server.appbinding.AppBindingService$Lifecycle
06-21 19:21:39.262  1318  1318 I SystemServerTiming: OnBootPhase_520_com.android.server.tracing.TracingServiceProxy
06-21 19:21:39.262  1318  1318 I SystemServerTiming: OnBootPhase_520_com.android.server.policy.PermissionPolicyService
06-21 19:21:39.262  1318  1318 I SystemServerTiming: OnBootPhase_520_com.android.server.pm.StagingManager$Lifecycle
06-21 19:21:39.262  1318  1318 I SystemServerTiming: OnBootPhase_520_com.android.server.app.GameManagerService$Lifecycle
06-21 19:21:39.262  1318  1318 I SystemServerTiming: AppSearchManagerService
06-21 19:21:39.262  1318  1318 I SystemServiceManager: Starting com.android.server.appsearch.AppSearchManagerService
06-21 19:21:39.262  1318  1332 D CompatibilityChangeReporter: Compat change id reported: 168419799; UID 1000; state: DISABLED
06-21 19:21:39.264  1318  1318 I SystemServerTiming: StartMediaCommunicationService
06-21 19:21:39.264  1318  1318 I SystemServiceManager: Starting com.android.server.media.MediaCommunicationService
06-21 19:21:39.264  1318  1318 I SystemServerTiming: AppCompatOverridesService
06-21 19:21:39.264  1318  1318 I SystemServiceManager: Starting com.android.server.compat.overrides.AppCompatOverridesService$Lifecycle
06-21 19:21:39.264  1318  1318 I SystemServerTiming: PhaseActivityManagerReady
06-21 19:21:39.264  1318  1318 I SystemServerTiming: controllersReady
06-21 19:21:39.264  1318  1318 D RecentTaskMonitor: VAddressShellNotifier#notifyClearAllTabs :{"uri":"player\/tab","need_response":false,"params":{"action":"clear"}}
06-21 19:21:39.265  1318  1392 I SystemServerTimingAsync: InitThreadPoolExec:Update app-ops uidState in case package bin.mt.plus.canary changed
06-21 19:21:39.265  1318  1409 I SystemServerTimingAsync: InitThreadPoolExec:Update app-ops uidState in case package com.android.providers.media.module changed
06-21 19:21:39.265  1318  1341 I SystemServerTimingAsync: InitThreadPoolExec:Update app-ops uidState in case package com.android.systemui changed
06-21 19:21:39.265  1318  1375 I SystemServerTimingAsync: InitThreadPoolExec:Update app-ops uidState in case package com.aide.ui.crustacean changed
06-21 19:21:39.265  1318  1380 I SystemServerTimingAsync: InitThreadPoolExec:Update app-ops uidState in case package com.android.browser changed
06-21 19:21:39.265  1318  1393 I SystemServerTimingAsync: InitThreadPoolExec:Update app-ops uidState in case package com.google.android.syncadapters.contacts changed
06-21 19:21:39.265  1318  1392 I SystemServerTimingAsync: InitThreadPoolExec:Update app-ops uidState in case package com.android.vending changed
06-21 19:21:39.265  1318  1409 I SystemServerTimingAsync: InitThreadPoolExec:Update app-ops uidState in case package com.google.android.gms changed
06-21 19:21:39.265  1318  1392 I SystemServerTimingAsync: InitThreadPoolExec:Update app-ops uidState in case package com.android.providers.contacts changed
06-21 19:21:39.265  1318  1392 I SystemServerTimingAsync: InitThreadPoolExec:Update app-ops uidState in case package com.google.android.contacts changed
06-21 19:21:39.265  1318  1392 I SystemServerTimingAsync: InitThreadPoolExec:Update app-ops uidState in case package com.android.externalstorage changed
06-21 19:21:39.265  1318  1392 I SystemServerTimingAsync: InitThreadPoolExec:Update app-ops uidState in case package com.android.phone changed
06-21 19:21:39.265  1318  1341 I SystemServerTimingAsync: InitThreadPoolExec:Update app-ops uidState in case package com.android.networkstack.tethering changed
06-21 19:21:39.265  1318  1392 I SystemServerTimingAsync: InitThreadPoolExec:Update app-ops uidState in case package android changed
06-21 19:21:39.265  1318  1341 I SystemServerTimingAsync: InitThreadPoolExec:Update app-ops uidState in case package com.android.settings changed
06-21 19:21:39.265  1318  1341 I SystemServerTimingAsync: InitThreadPoolExec:Update app-ops uidState in case package com.mumu.launcher changed
06-21 19:21:39.265  1318  1341 I SystemServerTimingAsync: InitThreadPoolExec:Update app-ops uidState in case package com.mumu.store changed
06-21 19:21:39.265  1318  1380 I SystemServerTimingAsync: InitThreadPoolExec:Update app-ops uidState in case package com.netease.nemu_vapi_android.nemu changed
06-21 19:21:39.265  1318  1318 I SystemServerTiming: killProcesses
06-21 19:21:39.265  1318  1318 I ActivityManager: System now ready
06-21 19:21:39.266  1318  1318 I SystemServerTiming: updateTopComponentForFactoryTest
06-21 19:21:39.266  1318  1318 I SystemServerTiming: registerActivityLaunchObserver
06-21 19:21:39.266  1318  1318 I SystemServerTiming: watchDeviceProvisioning
06-21 19:21:39.267  1318  1318 I SystemServerTiming: retrieveSettings
06-21 19:21:39.267  1318  1318 I ActivityTaskManager: Config changes=10000104 {1.0 ?mcc?mnc [en_US,zh_TW] ldltr sw617dp w1097dp h593dp 280dpi lrg long land -touch -keyb/v/v -nav/h winConfig={ mBounds=Rect(0, 0 - 1920, 1080) mAppBounds=Rect(0, 0 - 1920, 1080) mMaxBounds=Rect(0, 0 - 1920, 1080) mWindowingMode=fullscreen mDisplayWindowingMode=fullscreen mActivityType=undefined mAlwaysOnTop=undefined mRotation=ROTATION_90} s.6 fontWeightAdjustment=0}
06-21 19:21:39.268  1318  1318 I WindowManager: Override config changes=10000104 {1.0 ?mcc?mnc [en_US,zh_TW] ldltr sw617dp w1097dp h593dp 280dpi lrg long land -touch -keyb/v/v -nav/h winConfig={ mBounds=Rect(0, 0 - 1920, 1080) mAppBounds=Rect(0, 0 - 1920, 1080) mMaxBounds=Rect(0, 0 - 1920, 1080) mWindowingMode=fullscreen mDisplayWindowingMode=fullscreen mActivityType=undefined mAlwaysOnTop=undefined mRotation=ROTATION_90} s.6 fontWeightAdjustment=0} for displayId=0
06-21 19:21:39.269  1318  1318 I SystemServerTiming: Ugm.onSystemReady
06-21 19:21:39.269  1318  1318 I SystemServerTiming: updateForceBackgroundCheck
06-21 19:21:39.269  1318  1318 I SystemServer: Making services ready
06-21 19:21:39.269  1318  1318 I SystemServerTiming: StartActivityManagerReadyPhase
06-21 19:21:39.269  1318  1318 I SystemServiceManager: Starting phase 550
06-21 19:21:39.269  1318  1318 I SystemServerTiming: OnBootPhase_550
06-21 19:21:39.269  1318  1318 I SystemServerTiming: OnBootPhase_550_com.android.server.security.FileIntegrityService
06-21 19:21:39.269  1318  1318 I SystemServerTiming: OnBootPhase_550_com.android.server.pm.Installer
06-21 19:21:39.269  1318  1318 I SystemServerTiming: OnBootPhase_550_com.android.server.os.DeviceIdentifiersPolicyService
06-21 19:21:39.269  1318  1318 I SystemServerTiming: OnBootPhase_550_com.android.server.uri.UriGrantsManagerService$Lifecycle
06-21 19:21:39.269  1318  1318 I SystemServerTiming: OnBootPhase_550_com.android.server.powerstats.PowerStatsService
06-21 19:21:39.269  1318  1318 I SystemServerTiming: OnBootPhase_550_com.android.server.wm.ActivityTaskManagerService$Lifecycle
06-21 19:21:39.269  1318  1318 I SystemServerTiming: OnBootPhase_550_com.android.server.am.ActivityManagerService$Lifecycle
06-21 19:21:39.269  1318  1318 I SystemServerTiming: OnBootPhase_550_com.android.server.pm.DataLoaderManagerService
06-21 19:21:39.269  1318  1318 I SystemServerTiming: OnBootPhase_550_com.android.server.power.PowerManagerService
06-21 19:21:39.269  1318  1318 I SystemServerTiming: OnBootPhase_550_com.android.server.power.ThermalManagerService
06-21 19:21:39.269  1318  1318 E ThermalHalWrapper: Thermal HAL 2.0 service not connected.
06-21 19:21:39.270  1318  1318 E ThermalHalWrapper: Thermal HAL 1.1 service not connected.
06-21 19:21:39.270  1318  1318 E ThermalHalWrapper: Thermal HAL 1.0 service not connected.
06-21 19:21:39.270  1318  1318 W ThermalManagerService: No Thermal HAL service on this device
06-21 19:21:39.270  1318  1318 I SystemServerTiming: OnBootPhase_550_com.android.server.power.hint.HintManagerService
06-21 19:21:39.270  1318  1318 I SystemServerTiming: OnBootPhase_550_com.android.server.recoverysystem.RecoverySystemService$Lifecycle
06-21 19:21:39.270  1318  1318 I SystemServerTiming: OnBootPhase_550_com.android.server.lights.LightsService
06-21 19:21:39.270  1318  1318 I SystemServerTiming: OnBootPhase_550_com.android.server.display.DisplayManagerService
06-21 19:21:39.270  1318  1318 I SystemServerTiming: OnBootPhase_550_com.android.server.pm.verify.domain.DomainVerificationService
06-21 19:21:39.270  1318  1318 I SystemServerTiming: OnBootPhase_550_com.android.server.pm.PackageInstallerService$Lifecycle
06-21 19:21:39.270  1318  1318 I SystemServerTiming: OnBootPhase_550_com.android.server.pm.UserManagerService$LifeCycle
06-21 19:21:39.270  1318  1318 I SystemServerTiming: OnBootPhase_550_com.android.server.om.OverlayManagerService
06-21 19:21:39.270  1318  1318 I SystemServerTiming: OnBootPhase_550_com.android.server.SensorPrivacyService
06-21 19:21:39.270  1318  1318 I SystemServerTiming: OnBootPhase_550_com.android.server.sensors.SensorService
06-21 19:21:39.270  1318  1318 I SystemServerTiming: OnBootPhase_550_com.android.server.SystemConfigService
06-21 19:21:39.270  1318  1318 I SystemServerTiming: OnBootPhase_550_com.android.server.BatteryService
06-21 19:21:39.270  1318  1318 I SystemServerTiming: OnBootPhase_550_com.android.server.usage.UsageStatsService
06-21 19:21:39.270  1318  1318 I SystemServerTiming: OnBootPhase_550_com.android.server.webkit.WebViewUpdateService
06-21 19:21:39.270  1318  1318 I SystemServerTiming: OnBootPhase_550_com.android.server.CachedDeviceStateService
06-21 19:21:39.270  1318  1318 I SystemServerTiming: OnBootPhase_550_com.android.server.BinderCallsStatsService$LifeCycle
06-21 19:21:39.270  1318  1318 I SystemServerTiming: OnBootPhase_550_com.android.server.LooperStatsService$Lifecycle
06-21 19:21:39.270  1318  1318 I SystemServerTiming: OnBootPhase_550_com.android.server.rollback.RollbackManagerService
06-21 19:21:39.270  1318  1318 I SystemServerTiming: OnBootPhase_550_com.android.server.os.NativeTombstoneManagerService
06-21 19:21:39.270  1318  1318 I SystemServerTiming: OnBootPhase_550_com.android.server.os.BugreportManagerService
06-21 19:21:39.270  1318  1318 I SystemServerTiming: OnBootPhase_550_com.android.server.gpu.GpuService
06-21 19:21:39.270  1318  1318 I SystemServerTiming: OnBootPhase_550_com.android.server.security.KeyChainSystemService
06-21 19:21:39.270  1318  1318 I SystemServerTiming: OnBootPhase_550_com.android.server.telecom.TelecomLoaderService
06-21 19:21:39.270  1318  1318 W ActivityManager: Unable to start service Intent { act=com.android.ITelecomService cmp=com.android.server.telecom/.components.TelecomService } U=0: not found
06-21 19:21:39.270  1318  1318 I SystemServerTiming: OnBootPhase_550_com.android.server.accounts.AccountManagerService$Lifecycle
06-21 19:21:39.270  1318  1318 I SystemServerTiming: OnBootPhase_550_com.android.server.content.ContentService$Lifecycle
06-21 19:21:39.285  1318  1332 W StorageManagerService: No primary storage defined yet; hacking together a stub
06-21 19:21:39.286  1471  1471 W ContextImpl: Calling a method in the system process without a qualified user: android.app.ContextImpl.bindService:1911 android.content.ContextWrapper.bindService:810 com.netease.nemu_vapi_android.service.ApiService.bindRemoteAppService:37 com.netease.nemu_vapi_android.service.ApiService.onCreate:30 android.app.ActivityThread.handleCreateService:4628 
06-21 19:21:39.286  1318  1332 W ActivityManager: callingPackage:com.netease.nemu_vapi_android.nemu, packageName:com.netease.nemu_vapi_android.nemu, name:com.netease.nemu_vapi_android.service.AppService, isSkip: true
06-21 19:21:39.286  1318  1366 W AppHibernationService: Attempt to call isHibernatingForUser before states have been read from disk
06-21 19:21:39.288  1318  1318 W SyncManager: Failure adding authority: auth=com.google.android.gms.plus.action enabled=false syncable=1
06-21 19:21:39.289  1318  1318 I SystemServerTiming: OnBootPhase_550_com.android.server.DropBoxManagerService
06-21 19:21:39.289  1318  1318 I SystemServerTiming: OnBootPhase_550_com.android.role.RoleService
06-21 19:21:39.289  1318  1318 I SystemServerTiming: OnBootPhase_550_com.android.server.vibrator.VibratorManagerService$Lifecycle
06-21 19:21:39.289  1318  1318 I SystemServerTiming: OnBootPhase_550_com.android.server.alarm.AlarmManagerService
06-21 19:21:39.289  1318  1318 I SystemServerTiming: OnBootPhase_550_com.android.server.devicestate.DeviceStateManagerService
06-21 19:21:39.289  1318  1318 I SystemServerTiming: OnBootPhase_550_com.android.server.camera.CameraServiceProxy
06-21 19:21:39.289  1318  1318 I SystemServerTiming: OnBootPhase_550_com.android.server.BluetoothService
06-21 19:21:39.289  1318  1318 D BluetoothManagerService: Bluetooth boot completed
06-21 19:21:39.289  1318  1318 D BluetoothManagerService: Auto-enabling Bluetooth.
06-21 19:21:39.289  1318  1336 D BluetoothManagerService: MESSAGE_ENABLE(0): mBluetooth = null
06-21 19:21:39.289  1318  1336 D BluetoothManagerService: Persisting Bluetooth Setting: 1
06-21 19:21:39.289  1318  1336 D BluetoothManagerService: binding Bluetooth service
06-21 19:21:39.289  1318  1318 I SystemServerTiming: OnBootPhase_550_com.android.server.connectivity.IpConnectivityMetrics
06-21 19:21:39.289  1318  1318 I SystemServerTiming: OnBootPhase_550_com.android.server.PinnerService
06-21 19:21:39.289  1318  1318 I SystemServerTiming: OnBootPhase_550_com.google.android.startop.iorap.IorapForwardingService
06-21 19:21:39.289  1318  1318 I SystemServerTiming: OnBootPhase_550_com.android.server.integrity.AppIntegrityManagerService
06-21 19:21:39.289  1318  1318 I SystemServerTiming: OnBootPhase_550_com.android.server.inputmethod.InputMethodManagerService$Lifecycle
06-21 19:21:39.289  1318  1336 E BluetoothManagerService: Fail to bind to: Intent { act=android.bluetooth.IBluetooth }
06-21 19:21:39.296  1318  1346 E ActivityManager: Failure starting process com.android.settings
06-21 19:21:39.296  1318  1346 E ActivityManager: java.lang.SecurityException: Package com.android.settings is not encryption aware!
06-21 19:21:39.296  1318  1346 E ActivityManager: 	at com.android.server.pm.PackageManagerService.checkPackageStartable(PackageManagerService.java:9191)
06-21 19:21:39.296  1318  1346 E ActivityManager: 	at com.android.server.am.ProcessList.startProcessLocked(ProcessList.java:1843)
06-21 19:21:39.296  1318  1346 E ActivityManager: 	at com.android.server.am.ProcessList.startProcessLocked(ProcessList.java:2489)
06-21 19:21:39.296  1318  1346 E ActivityManager: 	at com.android.server.am.ProcessList.startProcessLocked(ProcessList.java:2627)
06-21 19:21:39.296  1318  1346 E ActivityManager: 	at com.android.server.am.ActivityManagerService.startProcessLocked(ActivityManagerService.java:2721)
06-21 19:21:39.296  1318  1346 E ActivityManager: 	at com.android.server.am.BroadcastQueue.processNextBroadcastLocked(BroadcastQueue.java:1721)
06-21 19:21:39.296  1318  1346 E ActivityManager: 	at com.android.server.am.BroadcastQueue.processNextBroadcast(BroadcastQueue.java:995)
06-21 19:21:39.296  1318  1346 E ActivityManager: 	at com.android.server.am.BroadcastQueue.access$000(BroadcastQueue.java:86)
06-21 19:21:39.296  1318  1346 E ActivityManager: 	at com.android.server.am.BroadcastQueue$BroadcastHandler.handleMessage(BroadcastQueue.java:204)
06-21 19:21:39.296  1318  1346 E ActivityManager: 	at android.os.Handler.dispatchMessage(Handler.java:106)
06-21 19:21:39.296  1318  1346 E ActivityManager: 	at android.os.Looper.loopOnce(Looper.java:201)
06-21 19:21:39.296  1318  1346 E ActivityManager: 	at android.os.Looper.loop(Looper.java:288)
06-21 19:21:39.296  1318  1346 E ActivityManager: 	at android.os.HandlerThread.run(HandlerThread.java:67)
06-21 19:21:39.296  1318  1346 E ActivityManager: 	at com.android.server.ServiceThread.run(ServiceThread.java:44)
06-21 19:21:39.296  1318  1346 I ActivityManager: Force stopping com.android.settings appid=1000 user=0: start failure
06-21 19:21:39.296  1318  1366 W AppHibernationService: Attempt to call isHibernatingForUser before states have been read from disk
06-21 19:21:39.297  1318  1346 W BroadcastQueue: Unable to launch app com.android.settings/1000 for broadcast Intent { act=android.app.action.STATSD_STARTED flg=0x1000010 }: process is bad
06-21 19:21:39.297  1318  1346 W BroadcastQueue: Discarding broadcast before first receiver is invoked: BroadcastRecord{a2ea9a0 u0 android.app.action.STATSD_STARTED}
06-21 19:21:39.297  1318  1366 W AppHibernationService: Attempt to call isHibernatingForUser before states have been read from disk
06-21 19:21:39.297  1318  1332 D CompatibilityChangeReporter: Compat change id reported: 171306433; UID 1000; state: ENABLED
06-21 19:21:39.297  1318  1346 D CompatibilityChangeReporter: Compat change id reported: 135634846; UID 10022; state: DISABLED
06-21 19:21:39.298  1318  1318 I SystemServerTiming: OnBootPhase_550_com.android.server.accessibility.AccessibilityManagerService$Lifecycle
06-21 19:21:39.298  1318  1318 I SystemServerTiming: OnBootPhase_550_com.android.server.StorageManagerService$Lifecycle
06-21 19:21:39.298  1318  1318 I SystemServerTiming: OnBootPhase_550_com.android.server.usage.StorageStatsService$Lifecycle
06-21 19:21:39.298  1318  1318 I SystemServerTiming: OnBootPhase_550_com.android.server.UiModeManagerService
06-21 19:21:39.298  1318  1318 I SystemServerTiming: OnBootPhase_550_com.android.server.locksettings.LockSettingsService$Lifecycle
06-21 19:21:39.298  1318  1318 I RebootEscrowManager: No reboot escrow data found for users, skipping loading escrow data
06-21 19:21:39.298  1318  1318 I SystemServerTiming: OnBootPhase_550_com.android.server.testharness.TestHarnessModeService
06-21 19:21:39.298  1318  1318 I SystemServerTiming: OnBootPhase_550_com.android.server.DeviceIdleController
06-21 19:21:39.298  1318  1318 I SystemServerTiming: OnBootPhase_550_com.android.server.devicepolicy.DevicePolicyManagerService$Lifecycle
06-21 19:21:39.298  1318  1318 I SystemServerTiming: OnBootPhase_550_com.android.server.texttospeech.TextToSpeechManagerService
06-21 19:21:39.298  1318  1318 I SystemServerTiming: OnBootPhase_550_com.android.server.speech.SpeechRecognitionManagerService
06-21 19:21:39.298  1318  1318 I SystemServerTiming: OnBootPhase_550_com.android.server.searchui.SearchUiManagerService
06-21 19:21:39.298  1318  1318 I SystemServerTiming: OnBootPhase_550_com.android.server.smartspace.SmartspaceManagerService
06-21 19:21:39.298  1318  1318 I SystemServerTiming: OnBootPhase_550_com.android.server.graphics.fonts.FontManagerService$Lifecycle
06-21 19:21:39.298  1318  1318 I SystemServerTiming: OnBootPhase_550_com.android.server.textservices.TextServicesManagerService$Lifecycle
06-21 19:21:39.298  1318  1318 I SystemServerTiming: OnBootPhase_550_com.android.server.textclassifier.TextClassificationManagerService$Lifecycle
06-21 19:21:39.298  1318  1318 I SystemServerTiming: OnBootPhase_550_com.android.server.NetworkScoreService$Lifecycle
06-21 19:21:39.298  1318  1318 I SystemServerTiming: OnBootPhase_550_com.android.server.wifi.WifiService
06-21 19:21:39.298  1318  1318 I SystemServerTiming: OnBootPhase_550_com.android.server.wifi.scanner.WifiScanningService
06-21 19:21:39.298  1318  1318 I SystemServerTiming: OnBootPhase_550_com.android.server.ethernet.EthernetService
06-21 19:21:39.298  1318  1318 I SystemServerTiming: OnBootPhase_550_com.android.server.ConnectivityServiceInitializer
06-21 19:21:39.298  1318  1318 I SystemServerTiming: OnBootPhase_550_com.android.server.notification.NotificationManagerService
06-21 19:21:39.298  1318  1318 I SystemServerTiming: OnBootPhase_550_com.android.server.storage.DeviceStorageMonitorService
06-21 19:21:39.298  1318  1318 I SystemServerTiming: OnBootPhase_550_com.android.server.location.LocationManagerService$Lifecycle
06-21 19:21:39.298  1318  1318 I SystemServerTiming: OnBootPhase_550_com.android.server.timedetector.TimeDetectorService$Lifecycle
06-21 19:21:39.298  1318  1318 I SystemServerTiming: OnBootPhase_550_com.android.server.timezonedetector.TimeZoneDetectorService$Lifecycle
06-21 19:21:39.298  1318  1318 I SystemServerTiming: OnBootPhase_550_com.android.server.timezonedetector.location.LocationTimeZoneManagerService$Lifecycle
06-21 19:21:39.298  1318  1318 I SystemServerTiming: OnBootPhase_550_com.android.server.search.SearchManagerService$Lifecycle
06-21 19:21:39.298  1318  1318 I SystemServerTiming: OnBootPhase_550_com.android.server.wallpaper.WallpaperManagerService$Lifecycle
06-21 19:21:39.299  1318  1318 I WallpaperManagerService: No static wallpaper imagery; defaults will be shown
06-21 19:21:39.299  1318  1318 V WallpaperManagerService: bindWallpaperComponentLocked: componentName=ComponentInfo{com.android.systemui/com.android.systemui.ImageWallpaper}
06-21 19:21:39.299  1318  1318 W ActivityManager: callingPackage:android, packageName:com.android.systemui, name:com.android.systemui.ImageWallpaper, isSkip: true
06-21 19:21:39.299  1318  1366 W AppHibernationService: Attempt to call isHibernatingForUser before states have been read from disk
06-21 19:21:39.300  1318  1318 D CompatibilityChangeReporter: Compat change id reported: 135634846; UID 10039; state: DISABLED
06-21 19:21:39.300  1318  1318 D CompatibilityChangeReporter: Compat change id reported: 177438394; UID 10039; state: DISABLED
06-21 19:21:39.300  1318  1318 D CompatibilityChangeReporter: Compat change id reported: 135772972; UID 10039; state: DISABLED
06-21 19:21:39.300  1318  1318 D CompatibilityChangeReporter: Compat change id reported: 135754954; UID 10039; state: ENABLED
06-21 19:21:39.300  1318  1347 D CompatibilityChangeReporter: Compat change id reported: 143937733; UID 10039; state: ENABLED
06-21 19:21:39.300  1318  1318 W WallpaperManagerService: Invalid wallpaper data
06-21 19:21:39.300  1318  1318 E WallpaperManagerService: Unable to apply new wallpaper
06-21 19:21:39.300  1318  1318 I SystemServerTiming: OnBootPhase_550_com.android.server.audio.AudioService$Lifecycle
06-21 19:21:39.300  1318  1318 I SystemServerTiming: OnBootPhase_550_com.android.server.soundtrigger_middleware.SoundTriggerMiddlewareService$Lifecycle
06-21 19:21:39.300  1318  1318 I SystemServerTiming: OnBootPhase_550_com.android.server.DockObserver
06-21 19:21:39.300  1318  1318 I SystemServerTiming: OnBootPhase_550_com.android.server.adb.AdbService$Lifecycle
06-21 19:21:39.301  1318  1318 I SystemServerTiming: OnBootPhase_550_com.android.server.usb.UsbService$Lifecycle
06-21 19:21:39.301  1318  1318 I SystemServerTiming: OnBootPhase_550_com.android.server.twilight.TwilightService
06-21 19:21:39.301  1318  1318 I SystemServerTiming: OnBootPhase_550_com.android.server.display.color.ColorDisplayService
06-21 19:21:39.301  1318  1318 I SystemServerTiming: OnBootPhase_550_com.android.server.job.JobSchedulerService
06-21 19:21:39.301  1318  1318 I SystemServerTiming: OnBootPhase_550_com.android.server.soundtrigger.SoundTriggerService
06-21 19:21:39.301  1318  1318 D SoundTriggerService: onBootPhase: 550 : false
06-21 19:21:39.301  1318  1318 I SystemServerTiming: OnBootPhase_550_com.android.server.trust.TrustManagerService
06-21 19:21:39.301  1318  1318 I SystemServerTiming: OnBootPhase_550_com.android.server.backup.BackupManagerService$Lifecycle
06-21 19:21:39.301  1318  1318 I SystemServerTiming: OnBootPhase_550_com.android.server.appwidget.AppWidgetService
06-21 19:21:39.301  1318  1318 I SystemServerTiming: OnBootPhase_550_com.android.server.voiceinteraction.VoiceInteractionManagerService
06-21 19:21:39.301  1318  1318 I SystemServerTiming: OnBootPhase_550_com.android.server.apphibernation.AppHibernationService
06-21 19:21:39.301  1318  1318 I SystemServerTiming: OnBootPhase_550_com.android.server.GestureLauncherService
06-21 19:21:39.301  1318  1318 I SystemServerTiming: OnBootPhase_550_com.android.server.SensorNotificationService
06-21 19:21:39.301  1318  1341 I SystemServerTimingAsync: InitThreadPoolExec:UsbService$Lifecycle#onBootPhase
06-21 19:21:39.301  1318  1318 I SystemServerTiming: OnBootPhase_550_com.android.server.emergency.EmergencyAffordanceService
06-21 19:21:39.301  1318  1318 I SystemServerTiming: OnBootPhase_550_com.android.server.blob.BlobStoreManagerService
06-21 19:21:39.301  1318  1318 I SystemServerTiming: OnBootPhase_550_com.android.server.dreams.DreamManagerService
06-21 19:21:39.301  1318  1318 I SystemServerTiming: OnBootPhase_550_com.android.server.print.PrintManagerService
06-21 19:21:39.301  1318  1318 I SystemServerTiming: OnBootPhase_550_com.android.server.companion.CompanionDeviceManagerService
06-21 19:21:39.301  1318  1318 I SystemServerTiming: OnBootPhase_550_com.android.server.restrictions.RestrictionsManagerService
06-21 19:21:39.301  1318  1318 I SystemServerTiming: OnBootPhase_550_com.android.server.media.MediaSessionService
