06-21 19:21:39.001  1318  1369 W PackageParsing: Unknown element under <manifest>: module at /data/app/~~udJuOtLx6Kdc4aFWDRZB_A==/com.criticalforceentertainment.criticalops-2IsaGhSGImN-syDU7SfxAQ==/base.apk Binary XML file line #2
06-21 19:21:39.001  1318  1369 W PackageParsing: Unknown element under <manifest>: module at /data/app/~~udJuOtLx6Kdc4aFWDRZB_A==/com.criticalforceentertainment.criticalops-2IsaGhSGImN-syDU7SfxAQ==/base.apk Binary XML file line #2
06-21 19:21:39.001  1318  1369 W PackageParsing: Unknown element under <manifest>: module at /data/app/~~udJuOtLx6Kdc4aFWDRZB_A==/com.criticalforceentertainment.criticalops-2IsaGhSGImN-syDU7SfxAQ==/base.apk Binary XML file line #2
06-21 19:21:39.001  1318  1369 W PackageParsing: Unknown element under <manifest>: module at /data/app/~~udJuOtLx6Kdc4aFWDRZB_A==/com.criticalforceentertainment.criticalops-2IsaGhSGImN-syDU7SfxAQ==/base.apk Binary XML file line #2
06-21 19:21:39.001  1318  1369 W PackageParsing: Unknown element under <manifest>: module at /data/app/~~udJuOtLx6Kdc4aFWDRZB_A==/com.criticalforceentertainment.criticalops-2IsaGhSGImN-syDU7SfxAQ==/base.apk Binary XML file line #2
06-21 19:21:39.001  1318  1369 W PackageParsing: Unknown element under <manifest>: module at /data/app/~~udJuOtLx6Kdc4aFWDRZB_A==/com.criticalforceentertainment.criticalops-2IsaGhSGImN-syDU7SfxAQ==/base.apk Binary XML file line #2
06-21 19:21:39.001  1318  1369 W PackageParsing: Unknown element under <manifest>: module at /data/app/~~udJuOtLx6Kdc4aFWDRZB_A==/com.criticalforceentertainment.criticalops-2IsaGhSGImN-syDU7SfxAQ==/base.apk Binary XML file line #2
06-21 19:21:39.001  1318  1369 W PackageParsing: Unknown element under <manifest>: module at /data/app/~~udJuOtLx6Kdc4aFWDRZB_A==/com.criticalforceentertainment.criticalops-2IsaGhSGImN-syDU7SfxAQ==/base.apk Binary XML file line #2
06-21 19:21:39.001  1318  1369 W PackageParsing: Unknown element under <manifest>: module at /data/app/~~udJuOtLx6Kdc4aFWDRZB_A==/com.criticalforceentertainment.criticalops-2IsaGhSGImN-syDU7SfxAQ==/base.apk Binary XML file line #2
06-21 19:21:39.001  1318  1369 W PackageParsing: Unknown element under <manifest>: module at /data/app/~~udJuOtLx6Kdc4aFWDRZB_A==/com.criticalforceentertainment.criticalops-2IsaGhSGImN-syDU7SfxAQ==/base.apk Binary XML file line #2
06-21 19:21:39.001  1318  1369 W PackageParsing: Unknown element under <manifest>: module at /data/app/~~udJuOtLx6Kdc4aFWDRZB_A==/com.criticalforceentertainment.criticalops-2IsaGhSGImN-syDU7SfxAQ==/base.apk Binary XML file line #2
06-21 19:21:39.001  1318  1369 W PackageParsing: Unknown element under <manifest>: module at /data/app/~~udJuOtLx6Kdc4aFWDRZB_A==/com.criticalforceentertainment.criticalops-2IsaGhSGImN-syDU7SfxAQ==/base.apk Binary XML file line #2
06-21 19:21:39.001  1318  1369 W PackageParsing: Unknown element under <manifest>: module at /data/app/~~udJuOtLx6Kdc4aFWDRZB_A==/com.criticalforceentertainment.criticalops-2IsaGhSGImN-syDU7SfxAQ==/base.apk Binary XML file line #2
06-21 19:21:39.001  1318  1369 W PackageParsing: Unknown element under <manifest>: module at /data/app/~~udJuOtLx6Kdc4aFWDRZB_A==/com.criticalforceentertainment.criticalops-2IsaGhSGImN-syDU7SfxAQ==/base.apk Binary XML file line #2
06-21 19:21:39.001  1318  1369 W PackageParsing: Unknown element under <manifest>: module at /data/app/~~udJuOtLx6Kdc4aFWDRZB_A==/com.criticalforceentertainment.criticalops-2IsaGhSGImN-syDU7SfxAQ==/base.apk Binary XML file line #2
06-21 19:21:39.001  1318  1369 W PackageParsing: Unknown element under <manifest>: module at /data/app/~~udJuOtLx6Kdc4aFWDRZB_A==/com.criticalforceentertainment.criticalops-2IsaGhSGImN-syDU7SfxAQ==/base.apk Binary XML file line #2
06-21 19:21:39.001  1318  1369 W PackageParsing: Unknown element under <manifest>: module at /data/app/~~udJuOtLx6Kdc4aFWDRZB_A==/com.criticalforceentertainment.criticalops-2IsaGhSGImN-syDU7SfxAQ==/base.apk Binary XML file line #2
06-21 19:21:39.001  1318  1369 W PackageParsing: Unknown element under <manifest>: module at /data/app/~~udJuOtLx6Kdc4aFWDRZB_A==/com.criticalforceentertainment.criticalops-2IsaGhSGImN-syDU7SfxAQ==/base.apk Binary XML file line #2
06-21 19:21:39.001  1318  1369 W PackageParsing: Unknown element under <manifest>: module at /data/app/~~udJuOtLx6Kdc4aFWDRZB_A==/com.criticalforceentertainment.criticalops-2IsaGhSGImN-syDU7SfxAQ==/base.apk Binary XML file line #2
06-21 19:21:39.001  1318  1369 W PackageParsing: Unknown element under <manifest>: module at /data/app/~~udJuOtLx6Kdc4aFWDRZB_A==/com.criticalforceentertainment.criticalops-2IsaGhSGImN-syDU7SfxAQ==/base.apk Binary XML file line #2
06-21 19:21:39.001  1318  1369 W PackageParsing: Unknown element under <manifest>: module at /data/app/~~udJuOtLx6Kdc4aFWDRZB_A==/com.criticalforceentertainment.criticalops-2IsaGhSGImN-syDU7SfxAQ==/base.apk Binary XML file line #2
06-21 19:21:39.001  1318  1369 W PackageParsing: Unknown element under <manifest>: module at /data/app/~~udJuOtLx6Kdc4aFWDRZB_A==/com.criticalforceentertainment.criticalops-2IsaGhSGImN-syDU7SfxAQ==/base.apk Binary XML file line #2
06-21 19:21:39.001  1318  1369 W PackageParsing: Unknown element under <manifest>: module at /data/app/~~udJuOtLx6Kdc4aFWDRZB_A==/com.criticalforceentertainment.criticalops-2IsaGhSGImN-syDU7SfxAQ==/base.apk Binary XML file line #2
06-21 19:21:39.001  1318  1369 W PackageParsing: Unknown element under <manifest>: module at /data/app/~~udJuOtLx6Kdc4aFWDRZB_A==/com.criticalforceentertainment.criticalops-2IsaGhSGImN-syDU7SfxAQ==/base.apk Binary XML file line #2
06-21 19:21:39.001  1318  1369 W PackageParsing: Unknown element under <manifest>: module at /data/app/~~udJuOtLx6Kdc4aFWDRZB_A==/com.criticalforceentertainment.criticalops-2IsaGhSGImN-syDU7SfxAQ==/base.apk Binary XML file line #2
06-21 19:21:39.001  1318  1369 W PackageParsing: Unknown element under <manifest>: module at /data/app/~~udJuOtLx6Kdc4aFWDRZB_A==/com.criticalforceentertainment.criticalops-2IsaGhSGImN-syDU7SfxAQ==/base.apk Binary XML file line #2
06-21 19:21:39.001  1318  1369 W PackageParsing: Unknown element under <manifest>: module at /data/app/~~udJuOtLx6Kdc4aFWDRZB_A==/com.criticalforceentertainment.criticalops-2IsaGhSGImN-syDU7SfxAQ==/base.apk Binary XML file line #2
06-21 19:21:39.001  1318  1369 W PackageParsing: Unknown element under <manifest>: module at /data/app/~~udJuOtLx6Kdc4aFWDRZB_A==/com.criticalforceentertainment.criticalops-2IsaGhSGImN-syDU7SfxAQ==/base.apk Binary XML file line #2
06-21 19:21:39.002  1318  1369 W PackageParsing: Unknown element under <manifest>: module at /data/app/~~udJuOtLx6Kdc4aFWDRZB_A==/com.criticalforceentertainment.criticalops-2IsaGhSGImN-syDU7SfxAQ==/base.apk Binary XML file line #2
06-21 19:21:39.002  1318  1369 W PackageParsing: Unknown element under <manifest>: module at /data/app/~~udJuOtLx6Kdc4aFWDRZB_A==/com.criticalforceentertainment.criticalops-2IsaGhSGImN-syDU7SfxAQ==/base.apk Binary XML file line #2
06-21 19:21:39.002  1318  1369 W PackageParsing: Unknown element under <manifest>: module at /data/app/~~udJuOtLx6Kdc4aFWDRZB_A==/com.criticalforceentertainment.criticalops-2IsaGhSGImN-syDU7SfxAQ==/base.apk Binary XML file line #2
06-21 19:21:39.002  1318  1369 W PackageParsing: Unknown element under <manifest>: module at /data/app/~~udJuOtLx6Kdc4aFWDRZB_A==/com.criticalforceentertainment.criticalops-2IsaGhSGImN-syDU7SfxAQ==/base.apk Binary XML file line #2
06-21 19:21:39.002  1318  1369 W PackageParsing: Unknown element under <manifest>: module at /data/app/~~udJuOtLx6Kdc4aFWDRZB_A==/com.criticalforceentertainment.criticalops-2IsaGhSGImN-syDU7SfxAQ==/base.apk Binary XML file line #2
06-21 19:21:39.002  1318  1369 W PackageParsing: Unknown element under <manifest>: module at /data/app/~~udJuOtLx6Kdc4aFWDRZB_A==/com.criticalforceentertainment.criticalops-2IsaGhSGImN-syDU7SfxAQ==/base.apk Binary XML file line #2
06-21 19:21:39.002  1318  1369 W PackageParsing: Unknown element under <manifest>: module at /data/app/~~udJuOtLx6Kdc4aFWDRZB_A==/com.criticalforceentertainment.criticalops-2IsaGhSGImN-syDU7SfxAQ==/base.apk Binary XML file line #2
06-21 19:21:39.002  1318  1369 W PackageParsing: Unknown element under <manifest>: module at /data/app/~~udJuOtLx6Kdc4aFWDRZB_A==/com.criticalforceentertainment.criticalops-2IsaGhSGImN-syDU7SfxAQ==/base.apk Binary XML file line #2
06-21 19:21:39.002  1318  1369 W PackageParsing: Unknown element under <manifest>: module at /data/app/~~udJuOtLx6Kdc4aFWDRZB_A==/com.criticalforceentertainment.criticalops-2IsaGhSGImN-syDU7SfxAQ==/base.apk Binary XML file line #2
06-21 19:21:39.002  1318  1369 W PackageParsing: Unknown element under <manifest>: module at /data/app/~~udJuOtLx6Kdc4aFWDRZB_A==/com.criticalforceentertainment.criticalops-2IsaGhSGImN-syDU7SfxAQ==/base.apk Binary XML file line #2
06-21 19:21:39.002  1318  1369 W PackageParsing: Unknown element under <manifest>: module at /data/app/~~udJuOtLx6Kdc4aFWDRZB_A==/com.criticalforceentertainment.criticalops-2IsaGhSGImN-syDU7SfxAQ==/base.apk Binary XML file line #2
06-21 19:21:39.002  1318  1369 W PackageParsing: Unknown element under <manifest>: module at /data/app/~~udJuOtLx6Kdc4aFWDRZB_A==/com.criticalforceentertainment.criticalops-2IsaGhSGImN-syDU7SfxAQ==/base.apk Binary XML file line #2
06-21 19:21:39.002  1318  1369 W PackageParsing: Unknown element under <manifest>: module at /data/app/~~udJuOtLx6Kdc4aFWDRZB_A==/com.criticalforceentertainment.criticalops-2IsaGhSGImN-syDU7SfxAQ==/base.apk Binary XML file line #2
06-21 19:21:39.002  1318  1369 W PackageParsing: Unknown element under <manifest>: module at /data/app/~~udJuOtLx6Kdc4aFWDRZB_A==/com.criticalforceentertainment.criticalops-2IsaGhSGImN-syDU7SfxAQ==/base.apk Binary XML file line #2
06-21 19:21:39.002  1318  1369 W PackageParsing: Unknown element under <manifest>: module at /data/app/~~udJuOtLx6Kdc4aFWDRZB_A==/com.criticalforceentertainment.criticalops-2IsaGhSGImN-syDU7SfxAQ==/base.apk Binary XML file line #2
06-21 19:21:39.002  1318  1369 W PackageParsing: Unknown element under <manifest>: module at /data/app/~~udJuOtLx6Kdc4aFWDRZB_A==/com.criticalforceentertainment.criticalops-2IsaGhSGImN-syDU7SfxAQ==/base.apk Binary XML file line #2
06-21 19:21:39.002  1318  1369 W PackageParsing: Unknown element under <manifest>: module at /data/app/~~udJuOtLx6Kdc4aFWDRZB_A==/com.criticalforceentertainment.criticalops-2IsaGhSGImN-syDU7SfxAQ==/base.apk Binary XML file line #2
06-21 19:21:39.002  1318  1369 W PackageParsing: Unknown element under <manifest>: module at /data/app/~~udJuOtLx6Kdc4aFWDRZB_A==/com.criticalforceentertainment.criticalops-2IsaGhSGImN-syDU7SfxAQ==/base.apk Binary XML file line #2
06-21 19:21:39.002  1318  1369 W PackageParsing: Unknown element under <manifest>: module at /data/app/~~udJuOtLx6Kdc4aFWDRZB_A==/com.criticalforceentertainment.criticalops-2IsaGhSGImN-syDU7SfxAQ==/base.apk Binary XML file line #2
06-21 19:21:39.002  1318  1369 W PackageParsing: Unknown element under <manifest>: module at /data/app/~~udJuOtLx6Kdc4aFWDRZB_A==/com.criticalforceentertainment.criticalops-2IsaGhSGImN-syDU7SfxAQ==/base.apk Binary XML file line #2
06-21 19:21:39.002  1318  1369 W PackageParsing: Unknown element under <manifest>: module at /data/app/~~udJuOtLx6Kdc4aFWDRZB_A==/com.criticalforceentertainment.criticalops-2IsaGhSGImN-syDU7SfxAQ==/base.apk Binary XML file line #2
06-21 19:21:39.002  1318  1369 W PackageParsing: Unknown element under <manifest>: module at /data/app/~~udJuOtLx6Kdc4aFWDRZB_A==/com.criticalforceentertainment.criticalops-2IsaGhSGImN-syDU7SfxAQ==/base.apk Binary XML file line #2
06-21 19:21:39.002  1318  1369 W PackageParsing: Unknown element under <manifest>: module at /data/app/~~udJuOtLx6Kdc4aFWDRZB_A==/com.criticalforceentertainment.criticalops-2IsaGhSGImN-syDU7SfxAQ==/base.apk Binary XML file line #2
06-21 19:21:39.003  1318  1369 W PackageParsing: Unknown element under <manifest>: module at /data/app/~~udJuOtLx6Kdc4aFWDRZB_A==/com.criticalforceentertainment.criticalops-2IsaGhSGImN-syDU7SfxAQ==/base.apk Binary XML file line #2
06-21 19:21:39.003  1318  1369 W PackageParsing: Unknown element under <manifest>: module at /data/app/~~udJuOtLx6Kdc4aFWDRZB_A==/com.criticalforceentertainment.criticalops-2IsaGhSGImN-syDU7SfxAQ==/base.apk Binary XML file line #2
06-21 19:21:39.003  1318  1369 W PackageParsing: Unknown element under <manifest>: module at /data/app/~~udJuOtLx6Kdc4aFWDRZB_A==/com.criticalforceentertainment.criticalops-2IsaGhSGImN-syDU7SfxAQ==/base.apk Binary XML file line #2
06-21 19:21:39.003  1318  1369 W PackageParsing: Unknown element under <manifest>: module at /data/app/~~udJuOtLx6Kdc4aFWDRZB_A==/com.criticalforceentertainment.criticalops-2IsaGhSGImN-syDU7SfxAQ==/base.apk Binary XML file line #2
06-21 19:21:39.003  1318  1369 W PackageParsing: Unknown element under <manifest>: module at /data/app/~~udJuOtLx6Kdc4aFWDRZB_A==/com.criticalforceentertainment.criticalops-2IsaGhSGImN-syDU7SfxAQ==/base.apk Binary XML file line #2
06-21 19:21:39.003  1318  1369 W PackageParsing: Unknown element under <manifest>: module at /data/app/~~udJuOtLx6Kdc4aFWDRZB_A==/com.criticalforceentertainment.criticalops-2IsaGhSGImN-syDU7SfxAQ==/base.apk Binary XML file line #2
06-21 19:21:39.003  1318  1369 W PackageParsing: Unknown element under <manifest>: module at /data/app/~~udJuOtLx6Kdc4aFWDRZB_A==/com.criticalforceentertainment.criticalops-2IsaGhSGImN-syDU7SfxAQ==/base.apk Binary XML file line #2
06-21 19:21:39.003  1318  1369 W PackageParsing: Unknown element under <manifest>: module at /data/app/~~udJuOtLx6Kdc4aFWDRZB_A==/com.criticalforceentertainment.criticalops-2IsaGhSGImN-syDU7SfxAQ==/base.apk Binary XML file line #2
06-21 19:21:39.003  1318  1369 W PackageParsing: Unknown element under <manifest>: module at /data/app/~~udJuOtLx6Kdc4aFWDRZB_A==/com.criticalforceentertainment.criticalops-2IsaGhSGImN-syDU7SfxAQ==/base.apk Binary XML file line #2
06-21 19:21:39.003  1318  1369 W PackageParsing: Unknown element under <manifest>: module at /data/app/~~udJuOtLx6Kdc4aFWDRZB_A==/com.criticalforceentertainment.criticalops-2IsaGhSGImN-syDU7SfxAQ==/base.apk Binary XML file line #2
06-21 19:21:39.003  1318  1369 W PackageParsing: Unknown element under <manifest>: module at /data/app/~~udJuOtLx6Kdc4aFWDRZB_A==/com.criticalforceentertainment.criticalops-2IsaGhSGImN-syDU7SfxAQ==/base.apk Binary XML file line #2
06-21 19:21:39.003  1318  1369 W PackageParsing: Unknown element under <manifest>: module at /data/app/~~udJuOtLx6Kdc4aFWDRZB_A==/com.criticalforceentertainment.criticalops-2IsaGhSGImN-syDU7SfxAQ==/base.apk Binary XML file line #2
06-21 19:21:39.003  1318  1369 W PackageParsing: Unknown element under <manifest>: module at /data/app/~~udJuOtLx6Kdc4aFWDRZB_A==/com.criticalforceentertainment.criticalops-2IsaGhSGImN-syDU7SfxAQ==/base.apk Binary XML file line #2
06-21 19:21:39.003  1318  1369 W PackageParsing: Unknown element under <manifest>: module at /data/app/~~udJuOtLx6Kdc4aFWDRZB_A==/com.criticalforceentertainment.criticalops-2IsaGhSGImN-syDU7SfxAQ==/base.apk Binary XML file line #2
06-21 19:21:39.003  1318  1369 W PackageParsing: Unknown element under <manifest>: module at /data/app/~~udJuOtLx6Kdc4aFWDRZB_A==/com.criticalforceentertainment.criticalops-2IsaGhSGImN-syDU7SfxAQ==/base.apk Binary XML file line #2
06-21 19:21:39.003  1318  1369 W PackageParsing: Unknown element under <manifest>: module at /data/app/~~udJuOtLx6Kdc4aFWDRZB_A==/com.criticalforceentertainment.criticalops-2IsaGhSGImN-syDU7SfxAQ==/base.apk Binary XML file line #2
06-21 19:21:39.003  1318  1369 W PackageParsing: Unknown element under <manifest>: module at /data/app/~~udJuOtLx6Kdc4aFWDRZB_A==/com.criticalforceentertainment.criticalops-2IsaGhSGImN-syDU7SfxAQ==/base.apk Binary XML file line #2
06-21 19:21:39.003  1318  1369 W PackageParsing: Unknown element under <manifest>: module at /data/app/~~udJuOtLx6Kdc4aFWDRZB_A==/com.criticalforceentertainment.criticalops-2IsaGhSGImN-syDU7SfxAQ==/base.apk Binary XML file line #2
06-21 19:21:39.003  1318  1369 W PackageParsing: Unknown element under <manifest>: module at /data/app/~~udJuOtLx6Kdc4aFWDRZB_A==/com.criticalforceentertainment.criticalops-2IsaGhSGImN-syDU7SfxAQ==/base.apk Binary XML file line #2
06-21 19:21:39.003  1318  1369 W PackageParsing: Unknown element under <manifest>: module at /data/app/~~udJuOtLx6Kdc4aFWDRZB_A==/com.criticalforceentertainment.criticalops-2IsaGhSGImN-syDU7SfxAQ==/base.apk Binary XML file line #2
06-21 19:21:39.003  1318  1369 W PackageParsing: Unknown element under <manifest>: module at /data/app/~~udJuOtLx6Kdc4aFWDRZB_A==/com.criticalforceentertainment.criticalops-2IsaGhSGImN-syDU7SfxAQ==/base.apk Binary XML file line #2
06-21 19:21:39.003  1318  1369 W PackageParsing: Unknown element under <manifest>: module at /data/app/~~udJuOtLx6Kdc4aFWDRZB_A==/com.criticalforceentertainment.criticalops-2IsaGhSGImN-syDU7SfxAQ==/base.apk Binary XML file line #2
06-21 19:21:39.003  1318  1369 W PackageParsing: Unknown element under <manifest>: module at /data/app/~~udJuOtLx6Kdc4aFWDRZB_A==/com.criticalforceentertainment.criticalops-2IsaGhSGImN-syDU7SfxAQ==/base.apk Binary XML file line #2
06-21 19:21:39.004  1318  1369 W PackageParsing: Unknown element under <manifest>: module at /data/app/~~udJuOtLx6Kdc4aFWDRZB_A==/com.criticalforceentertainment.criticalops-2IsaGhSGImN-syDU7SfxAQ==/base.apk Binary XML file line #2
06-21 19:21:39.004  1318  1369 W PackageParsing: Unknown element under <manifest>: module at /data/app/~~udJuOtLx6Kdc4aFWDRZB_A==/com.criticalforceentertainment.criticalops-2IsaGhSGImN-syDU7SfxAQ==/base.apk Binary XML file line #2
06-21 19:21:39.004  1318  1369 W PackageParsing: Unknown element under <manifest>: module at /data/app/~~udJuOtLx6Kdc4aFWDRZB_A==/com.criticalforceentertainment.criticalops-2IsaGhSGImN-syDU7SfxAQ==/base.apk Binary XML file line #2
06-21 19:21:39.005  1318  1318 D PackageSettings: is current abi select file newer than recorded? current modified time:1749521958000, last modified time: 1747207286000
06-21 19:21:39.005  1318  1318 D PackageManager: need to derive abi as current abi select file is newer
06-21 19:21:39.040  1318  1318 I NativeHelper: com.criticalforceentertainment.criticalops use max number of library use abi:x86_64 index:0
06-21 19:21:39.068  1318  1318 I PackageManager: Finished scanning non-system apps. Time: 125 ms, packageCount: 6 , timePerPackage: 20 , cached: 3
06-21 19:21:39.068  1318  1318 W PackageManager: There should probably be exactly one storage manager; found 0: matches=[]
06-21 19:21:39.068  1318  1318 E PackageManager: There should probably be exactly one setup wizard; found 0: matches=[]
06-21 19:21:39.069  1318  1318 I PackageManager: Time to scan packages: 0.161 seconds
06-21 19:21:39.069  1318  1318 V PackageManager: reconcileAppsData for null u0 0x3 migrateAppData=true onlyCoreApps=true
06-21 19:21:39.069  1318  1374 I PackageManager: Permission ownership changed. Updating all permissions.
06-21 19:21:39.082  1318  1318 V PackageManager: reconcileAppsData finished 14 packages
06-21 19:21:39.082  1318  1318 I PackageManagerTiming: write settings
06-21 19:21:39.082  1318  1318 D PackageSettings: update abi select file last modified time: 1749521958000
06-21 19:21:39.082  1318  1375 I SystemServerTimingAsync: InitThreadPoolExec:prepareAppData
06-21 19:21:39.083  1318  1318 D PackageSettings: save abi select file last modified time: 1749521958000
06-21 19:21:39.090  1318  1318 I PackageManagerTiming: GC
06-21 19:21:39.090  1318  1318 I PackageManager: Fix for b/169414761 is applied
06-21 19:21:39.100  1318  1318 V UserManagerService: Checking that all system packages are whitelisted.
06-21 19:21:39.100  1318  1318 W UserManagerService: checkWhitelistedSystemPackages(mode=ENFORCE|IMPLICIT_WHITELIST|IMPLICIT_WHITELIST_SYSTEM) has 52 warnings:
06-21 19:21:39.100  1318  1318 W UserManagerService: com.android.theme.color.amethyst is allowlisted but not present.
06-21 19:21:39.100  1318  1318 W UserManagerService: com.android.theme.icon.pebble is allowlisted but not present.
06-21 19:21:39.100  1318  1318 W UserManagerService: com.android.theme.color.sand is allowlisted but not present.
06-21 19:21:39.100  1318  1318 W UserManagerService: com.android.wallpapercropper is allowlisted but not present.
06-21 19:21:39.100  1318  1318 W UserManagerService: com.android.theme.icon.vessel is allowlisted but not present.
06-21 19:21:39.100  1318  1318 W UserManagerService: com.android.theme.color.cinnamon is allowlisted but not present.
06-21 19:21:39.100  1318  1318 W UserManagerService: com.android.theme.icon_pack.victor.settings is allowlisted but not present.
06-21 19:21:39.100  1318  1318 W UserManagerService: com.android.theme.icon_pack.rounded.systemui is allowlisted but not present.
06-21 19:21:39.100  1318  1318 W UserManagerService: com.android.theme.icon.taperedrect is allowlisted but not present.
06-21 19:21:39.100  1318  1318 W UserManagerService: com.android.theme.icon_pack.rounded.android is allowlisted but not present.
06-21 19:21:39.100  1318  1318 W UserManagerService: com.android.theme.icon_pack.victor.systemui is allowlisted but not present.
06-21 19:21:39.100  1318  1318 W UserManagerService: com.android.theme.icon_pack.circular.themepicker is allowlisted but not present.
06-21 19:21:39.100  1318  1318 W UserManagerService: com.android.theme.color.tangerine is allowlisted but not present.
06-21 19:21:39.100  1318  1318 W UserManagerService: com.android.theme.color.aquamarine is allowlisted but not present.
06-21 19:21:39.100  1318  1318 W UserManagerService: com.android.theme.color.black is allowlisted but not present.
06-21 19:21:39.100  1318  1318 W UserManagerService: com.android.theme.color.green is allowlisted but not present.
06-21 19:21:39.100  1318  1318 W UserManagerService: com.android.theme.color.ocean is allowlisted but not present.
06-21 19:21:39.100  1318  1318 W UserManagerService: com.android.theme.color.space is allowlisted but not present.
06-21 19:21:39.100  1318  1318 W UserManagerService: com.android.theme.icon_pack.rounded.launcher is allowlisted but not present.
06-21 19:21:39.100  1318  1318 W UserManagerService: com.android.theme.icon_pack.kai.settings is allowlisted but not present.
06-21 19:21:39.100  1318  1318 W UserManagerService: com.android.internal.systemui.navbar.twobutton is allowlisted but not present.
06-21 19:21:39.100  1318  1318 W UserManagerService: com.android.theme.icon_pack.sam.settings is allowlisted but not present.
06-21 19:21:39.100  1318  1318 W UserManagerService: com.android.theme.icon_pack.kai.themepicker is allowlisted but not present.
06-21 19:21:39.100  1318  1318 W UserManagerService: com.android.theme.icon_pack.victor.launcher is allowlisted but not present.
06-21 19:21:39.100  1318  1318 W UserManagerService: com.android.theme.icon_pack.filled.settings is allowlisted but not present.
06-21 19:21:39.100  1318  1318 W UserManagerService: com.android.theme.icon_pack.kai.systemui is allowlisted but not present.
06-21 19:21:39.100  1318  1318 W UserManagerService: com.android.theme.icon_pack.circular.settings is allowlisted but not present.
06-21 19:21:39.100  1318  1318 W UserManagerService: com.android.theme.icon_pack.sam.systemui is allowlisted but not present.
06-21 19:21:39.100  1318  1318 W UserManagerService: com.android.theme.icon.teardrop is allowlisted but not present.
06-21 19:21:39.100  1318  1318 W UserManagerService: com.android.theme.icon_pack.rounded.themepicker is allowlisted but not present.
06-21 19:21:39.100  1318  1318 W UserManagerService: com.android.theme.icon_pack.filled.systemui is allowlisted but not present.
06-21 19:21:39.100  1318  1318 W UserManagerService: com.android.theme.icon_pack.sam.android is allowlisted but not present.
06-21 19:21:39.100  1318  1318 W UserManagerService: com.android.theme.icon_pack.filled.android is allowlisted but not present.
06-21 19:21:39.100  1318  1318 W UserManagerService: com.android.theme.icon_pack.circular.systemui is allowlisted but not present.
06-21 19:21:39.100  1318  1318 W UserManagerService: com.android.theme.icon_pack.kai.android is allowlisted but not present.
06-21 19:21:39.100  1318  1318 W UserManagerService: com.android.theme.icon_pack.kai.launcher is allowlisted but not present.
06-21 19:21:39.100  1318  1318 W UserManagerService: com.android.theme.icon_pack.sam.launcher is allowlisted but not present.
06-21 19:21:39.100  1318  1318 W UserManagerService: com.android.theme.icon.squircle is allowlisted but not present.
06-21 19:21:39.100  1318  1318 W UserManagerService: com.android.theme.icon_pack.victor.android is allowlisted but not present.
06-21 19:21:39.100  1318  1318 W UserManagerService: com.android.theme.color.palette is allowlisted but not present.
06-21 19:21:39.100  1318  1318 W UserManagerService: com.android.theme.icon_pack.filled.launcher is allowlisted but not present.
06-21 19:21:39.100  1318  1318 W UserManagerService: com.android.theme.color.carbon is allowlisted but not present.
06-21 19:21:39.100  1318  1318 W UserManagerService: com.android.theme.icon_pack.circular.launcher is allowlisted but not present.
06-21 19:21:39.100  1318  1318 W UserManagerService: com.android.theme.icon_pack.filled.themepicker is allowlisted but not present.
06-21 19:21:39.100  1318  1318 W UserManagerService: com.android.wallpaperbackup is allowlisted but not present.
06-21 19:21:39.100  1318  1318 W UserManagerService: com.android.theme.icon_pack.victor.themepicker is allowlisted but not present.
06-21 19:21:39.100  1318  1318 W UserManagerService: com.android.theme.color.orchid is allowlisted but not present.
06-21 19:21:39.100  1318  1318 W UserManagerService: com.android.theme.color.purple is allowlisted but not present.
06-21 19:21:39.100  1318  1318 W UserManagerService: com.android.theme.icon_pack.sam.themepicker is allowlisted but not present.
06-21 19:21:39.100  1318  1318 W UserManagerService: com.android.theme.icon.roundedrect is allowlisted but not present.
06-21 19:21:39.100  1318  1318 W UserManagerService: com.android.theme.icon_pack.rounded.settings is allowlisted but not present.
06-21 19:21:39.100  1318  1318 W UserManagerService: com.android.theme.icon_pack.circular.android is allowlisted but not present.
06-21 19:21:39.100  1318  1318 I Watchdog: Resuming HandlerChecker: main thread for reason: packagemanagermain. Pause count: 0
06-21 19:21:39.100  1318  1318 I SystemServerDexLoadReporter: Configuring system server dex reporter
06-21 19:21:39.103  1318  1318 I SystemServerTiming: StartOtaDexOptService
06-21 19:21:39.103  1318  1318 I Watchdog: Pausing HandlerChecker: main thread for reason: moveab. Pause count: 1
06-21 19:21:39.103  1318  1318 D OTADexopt: No upgrade, skipping A/B artifacts check.
06-21 19:21:39.103  1318  1318 I Watchdog: Resuming HandlerChecker: main thread for reason: moveab. Pause count: 0
06-21 19:21:39.103  1318  1318 I SystemServerTiming: StartUserManagerService
06-21 19:21:39.103  1318  1318 I SystemServiceManager: Starting com.android.server.pm.UserManagerService$LifeCycle
06-21 19:21:39.103  1318  1318 I SystemServerTiming: InitAttributerCache
06-21 19:21:39.103  1318  1318 I SystemServerTiming: SetSystemProcess
06-21 19:21:39.104  1318  1348 I ActivityManager: Connection with lmkd established
06-21 19:21:39.104  1318  1318 I SystemServerTiming: InitWatchdog
06-21 19:21:39.104  1318  1318 I SystemServerTiming: StartOverlayManagerService
06-21 19:21:39.110  1318  1332 V HistoricalRegistry: Interaction before persistence initialized
06-21 19:21:39.110  1318  1331 V HistoricalRegistry: Interaction before persistence initialized
06-21 19:21:39.112  1318  1318 I SystemServerTiming: StartSensorPrivacyService
06-21 19:21:39.112  1318  1318 I SystemServerTiming: StartSensorService
06-21 19:21:39.112  1318  1318 I SystemServiceManager: Starting com.android.server.sensors.SensorService
06-21 19:21:39.112  1318  1318 I SystemServerTiming: startCoreServices
06-21 19:21:39.112  1318  1318 I SystemServerTiming: StartSystemConfigService
06-21 19:21:39.112  1318  1318 I SystemServiceManager: Starting com.android.server.SystemConfigService
06-21 19:21:39.112  1318  1334 W ActivityTaskManager: Skip updateConfiguration because mWindowManager isn't set
06-21 19:21:39.112  1318  1380 I SystemServerTimingAsync: InitThreadPoolExec:StartNativeSensorService
06-21 19:21:39.112  1318  1380 I SystemServerTimingAsync: StartNativeSensorService
06-21 19:21:39.112  1318  1318 I SystemServerTiming: StartBatteryService
06-21 19:21:39.112  1318  1318 I SystemServiceManager: Starting com.android.server.BatteryService
06-21 19:21:39.113  1318  1380 V HistoricalRegistry: Interaction before persistence initialized
06-21 19:21:39.114  1318  1318 I HealthServiceWrapper: health: HealthServiceWrapper listening to instance default
06-21 19:21:39.114  1318  1318 I BatteryService: health: Waited 0ms and received the update.
06-21 19:21:39.114  1318  1318 I SystemServerTiming: StartUsageService
06-21 19:21:39.114  1318  1318 I SystemServiceManager: Starting com.android.server.usage.UsageStatsService
06-21 19:21:39.115  1318  1318 I SystemServerTiming: StartWebViewUpdateService
06-21 19:21:39.115  1318  1318 I SystemServiceManager: Starting com.android.server.webkit.WebViewUpdateService
06-21 19:21:39.115  1318  1318 I SystemServerTiming: StartCachedDeviceStateService
06-21 19:21:39.115  1318  1318 I SystemServiceManager: Starting com.android.server.CachedDeviceStateService
06-21 19:21:39.115  1318  1318 I SystemServerTiming: StartBinderCallsStatsService
06-21 19:21:39.115  1318  1318 I SystemServiceManager: Starting com.android.server.BinderCallsStatsService$LifeCycle
06-21 19:21:39.115  1318  1318 I SystemServerTiming: StartLooperStatsService
06-21 19:21:39.115  1318  1318 I SystemServiceManager: Starting com.android.server.LooperStatsService$Lifecycle
06-21 19:21:39.115  1318  1318 I SystemServerTiming: StartRollbackManagerService
06-21 19:21:39.116  1318  1318 I SystemServiceManager: Starting com.android.server.rollback.RollbackManagerService
06-21 19:21:39.116  1318  1318 I PackageWatchdog: Syncing state, reason: added new observer
06-21 19:21:39.116  1318  1318 I PackageWatchdog: Not pruning observers, elapsed time: 0ms
06-21 19:21:39.116  1318  1318 I PackageWatchdog: Cancelling state sync, nothing to sync
06-21 19:21:39.116  1318  1345 I PackageWatchdog: Saving observer state to file
06-21 19:21:39.116  1318  1318 I SystemServerTiming: StartNativeTombstoneManagerService
06-21 19:21:39.116  1318  1318 I SystemServiceManager: Starting com.android.server.os.NativeTombstoneManagerService
06-21 19:21:39.117  1318  1318 I SystemServerTiming: StartBugreportManagerService
06-21 19:21:39.117  1318  1318 I SystemServiceManager: Starting com.android.server.os.BugreportManagerService
06-21 19:21:39.117  1318  1318 I SystemServerTiming: GpuService
06-21 19:21:39.117  1318  1318 I SystemServiceManager: Starting com.android.server.gpu.GpuService
06-21 19:21:39.117  1318  1318 I SystemServerTiming: startOtherServices
06-21 19:21:39.117  1318  1318 I SystemServerTiming: StartKeyAttestationApplicationIdProviderService
06-21 19:21:39.117  1318  1392 I SystemServerTimingAsync: InitThreadPoolExec:SecondaryZygotePreload
06-21 19:21:39.117  1318  1392 I SystemServer: SecondaryZygotePreload
06-21 19:21:39.117  1318  1392 I SystemServerTimingAsync: SecondaryZygotePreload
06-21 19:21:39.117  1318  1318 I SystemServerTiming: StartKeyChainSystemService
06-21 19:21:39.117  1318  1318 I SystemServiceManager: Starting com.android.server.security.KeyChainSystemService
06-21 19:21:39.117  1318  1318 I SystemServerTiming: StartSchedulingPolicyService
06-21 19:21:39.117  1318  1393 I SystemServerTimingAsync: InitThreadPoolExec:SchedulingPolicyService.<init>
06-21 19:21:39.117  1318  1318 I SystemServerTiming: StartTelecomLoaderService
06-21 19:21:39.117  1318  1318 I SystemServiceManager: Starting com.android.server.telecom.TelecomLoaderService
06-21 19:21:39.117  1318  1318 I SystemServerTiming: StartTelephonyRegistry
06-21 19:21:39.118  1318  1318 I SystemServerTiming: StartEntropyMixer
06-21 19:21:39.118  1318  1318 I EntropyMixer: Writing entropy...
06-21 19:21:39.118  1318  1318 I SystemServerTiming: StartAccountManagerService
06-21 19:21:39.118  1318  1318 I SystemServiceManager: Starting com.android.server.accounts.AccountManagerService$Lifecycle
06-21 19:21:39.119  1318  1318 I SystemServerTiming: StartContentService
06-21 19:21:39.119  1318  1318 I SystemServiceManager: Starting com.android.server.content.ContentService$Lifecycle
06-21 19:21:39.119  1318  1318 I SystemServerTiming: InstallSystemProviders
06-21 19:21:39.127  1318  1318 W SettingsState: No settings state /data/system/users/0/settings_config.xml
06-21 19:21:39.127  1318  1318 I SettingsState: directory info for directory/file /data/system/users/0/settings_config.xml with stacktrace 
06-21 19:21:39.127  1318  1318 I SettingsState: java.lang.Exception
06-21 19:21:39.127  1318  1318 I SettingsState: 	at com.android.providers.settings.SettingsState.logSettingsDirectoryInformation(SettingsState.java:877)
06-21 19:21:39.127  1318  1318 I SettingsState: 	at com.android.providers.settings.SettingsState.readStateSyncLocked(SettingsState.java:1008)
06-21 19:21:39.127  1318  1318 I SettingsState: 	at com.android.providers.settings.SettingsState.<init>(SettingsState.java:283)
06-21 19:21:39.127  1318  1318 I SettingsState: 	at com.android.providers.settings.SettingsProvider$SettingsRegistry.ensureSettingsStateLocked(SettingsProvider.java:2908)
06-21 19:21:39.127  1318  1318 I SettingsState: 	at com.android.providers.settings.SettingsProvider$SettingsRegistry.ensureSettingsForUserLocked(SettingsProvider.java:2873)
06-21 19:21:39.127  1318  1318 I SettingsState: 	at com.android.providers.settings.SettingsProvider$SettingsRegistry.peekSettingsStateLocked(SettingsProvider.java:3216)
06-21 19:21:39.127  1318  1318 I SettingsState: 	at com.android.providers.settings.SettingsProvider$SettingsRegistry.getSettingsNamesLocked(SettingsProvider.java:2838)
06-21 19:21:39.127  1318  1318 I SettingsState: 	at com.android.providers.settings.SettingsProvider$SettingsRegistry.syncSsaidTableOnStartLocked(SettingsProvider.java:2821)
06-21 19:21:39.127  1318  1318 I SettingsState: 	at com.android.providers.settings.SettingsProvider$SettingsRegistry.access$100(SettingsProvider.java:2687)
06-21 19:21:39.127  1318  1318 I SettingsState: 	at com.android.providers.settings.SettingsProvider.onCreate(SettingsProvider.java:398)
06-21 19:21:39.127  1318  1318 I SettingsState: 	at android.content.ContentProvider.attachInfo(ContentProvider.java:2410)
06-21 19:21:39.127  1318  1318 I SettingsState: 	at android.content.ContentProvider.attachInfo(ContentProvider.java:2380)
06-21 19:21:39.127  1318  1318 I SettingsState: 	at android.app.ActivityThread.installProvider(ActivityThread.java:7649)
06-21 19:21:39.127  1318  1318 I SettingsState: 	at android.app.ActivityThread.installContentProviders(ActivityThread.java:7166)
06-21 19:21:39.127  1318  1318 I SettingsState: 	at android.app.ActivityThread.installSystemProviders(ActivityThread.java:7830)
06-21 19:21:39.127  1318  1318 I SettingsState: 	at com.android.server.am.ContentProviderHelper.installSystemProviders(ContentProviderHelper.java:1250)
06-21 19:21:39.127  1318  1318 I SettingsState: 	at com.android.server.SystemServer.startOtherServices(SystemServer.java:1458)
06-21 19:21:39.127  1318  1318 I SettingsState: 	at com.android.server.SystemServer.run(SystemServer.java:905)
06-21 19:21:39.127  1318  1318 I SettingsState: 	at com.android.server.SystemServer.main(SystemServer.java:611)
06-21 19:21:39.127  1318  1318 I SettingsState: 	at java.lang.reflect.Method.invoke(Native Method)
06-21 19:21:39.127  1318  1318 I SettingsState: 	at com.android.internal.os.RuntimeInit$MethodAndArgsCaller.run(RuntimeInit.java:571)
06-21 19:21:39.127  1318  1318 I SettingsState: 	at com.android.internal.os.ZygoteInit.main(ZygoteInit.java:1069)
06-21 19:21:39.127  1318  1318 I SettingsState: ancestor directory /data/system/users/0 exists
06-21 19:21:39.127  1318  1318 I SettingsState: ancestor directory /data/system/users/0 permissions: r: true w: true x: true
06-21 19:21:39.127  1318  1318 I SettingsState: ancestor's parent directory /data/system/users permissions: r: true w: true x: true
06-21 19:21:39.132  1318  1318 D ActivityManager: cgroup.freeze not present
06-21 19:21:39.132  1318  1346 D ActivityManager: Freezer disabled
06-21 19:21:39.132  1318  1318 I SystemServerTiming: StartDropBoxManager
06-21 19:21:39.132  1318  1318 I SystemServiceManager: Starting com.android.server.DropBoxManagerService
06-21 19:21:39.132  1318  1318 I SystemServerTiming: StartRoleManagerService
06-21 19:21:39.132  1318  1318 I SystemServiceManager: Starting com.android.role.RoleService
06-21 19:21:39.133  1318  1318 I SystemServerTiming: StartVibratorManagerService
06-21 19:21:39.133  1318  1318 I SystemServiceManager: Starting com.android.server.vibrator.VibratorManagerService$Lifecycle
06-21 19:21:39.134  1318  1318 I SystemServerTiming: StartDynamicSystemService
06-21 19:21:39.134  1318  1318 I SystemServerTiming: StartConsumerIrService
06-21 19:21:39.135  1318  1318 I SystemServerTiming: StartAlarmManagerService
06-21 19:21:39.135  1318  1318 I SystemServiceManager: Starting com.android.server.alarm.AlarmManagerService
06-21 19:21:39.135  1181  1402 I storaged: storaged: Start
06-21 19:21:39.136  1318  1318 I SystemServerTiming: StartInputManagerService
06-21 19:21:39.136  1318  1318 I InputManager: Initializing input manager, mUseDevInputEventForAudioJack=false
06-21 19:21:39.137  1318  1375 I PackageManager: Deferred reconcileAppsData finished 54 packages
06-21 19:21:39.137  1318  1318 I SystemServerTiming: DeviceStateManagerService
06-21 19:21:39.137  1318  1318 I SystemServiceManager: Starting com.android.server.devicestate.DeviceStateManagerService
06-21 19:21:39.138  1318  1318 I SystemServerTiming: StartCameraServiceProxy
06-21 19:21:39.138  1318  1318 I SystemServiceManager: Starting com.android.server.camera.CameraServiceProxy
06-21 19:21:39.138  1318  1318 I SystemServerTiming: StartWindowManagerService
06-21 19:21:39.138  1318  1318 I SystemServiceManager: Starting phase 200
06-21 19:21:39.138  1318  1318 I SystemServerTiming: OnBootPhase_200
06-21 19:21:39.138  1318  1318 I SystemServerTiming: OnBootPhase_200_com.android.server.security.FileIntegrityService
06-21 19:21:39.138  1318  1318 I SystemServerTiming: OnBootPhase_200_com.android.server.pm.Installer
06-21 19:21:39.138  1318  1318 I SystemServerTiming: OnBootPhase_200_com.android.server.os.DeviceIdentifiersPolicyService
06-21 19:21:39.138  1318  1318 I SystemServerTiming: OnBootPhase_200_com.android.server.uri.UriGrantsManagerService$Lifecycle
06-21 19:21:39.138  1318  1318 I SystemServerTiming: OnBootPhase_200_com.android.server.powerstats.PowerStatsService
06-21 19:21:39.138  1318  1318 I SystemServerTiming: OnBootPhase_200_com.android.server.wm.ActivityTaskManagerService$Lifecycle
06-21 19:21:39.138  1318  1318 I SystemServerTiming: OnBootPhase_200_com.android.server.am.ActivityManagerService$Lifecycle
06-21 19:21:39.138  1318  1318 I SystemServerTiming: OnBootPhase_200_com.android.server.pm.DataLoaderManagerService
06-21 19:21:39.138  1318  1318 I SystemServerTiming: OnBootPhase_200_com.android.server.power.PowerManagerService
06-21 19:21:39.138  1318  1318 I SystemServerTiming: OnBootPhase_200_com.android.server.power.ThermalManagerService
06-21 19:21:39.138  1318  1318 I SystemServerTiming: OnBootPhase_200_com.android.server.power.hint.HintManagerService
06-21 19:21:39.138  1318  1318 I SystemServerTiming: OnBootPhase_200_com.android.server.recoverysystem.RecoverySystemService$Lifecycle
06-21 19:21:39.138  1318  1318 I SystemServerTiming: OnBootPhase_200_com.android.server.lights.LightsService
06-21 19:21:39.138  1318  1318 I SystemServerTiming: OnBootPhase_200_com.android.server.display.DisplayManagerService
06-21 19:21:39.138  1318  1318 I SystemServerTiming: OnBootPhase_200_com.android.server.pm.verify.domain.DomainVerificationService
06-21 19:21:39.138  1318  1318 I SystemServerTiming: OnBootPhase_200_com.android.server.pm.PackageInstallerService$Lifecycle
06-21 19:21:39.138  1318  1318 I SystemServerTiming: OnBootPhase_200_com.android.server.pm.UserManagerService$LifeCycle
06-21 19:21:39.138  1318  1318 I SystemServerTiming: OnBootPhase_200_com.android.server.om.OverlayManagerService
06-21 19:21:39.138  1318  1318 I SystemServerTiming: OnBootPhase_200_com.android.server.SensorPrivacyService
06-21 19:21:39.138  1318  1318 I SystemServerTiming: OnBootPhase_200_com.android.server.sensors.SensorService
06-21 19:21:39.138  1318  1318 I SystemServerTiming: OnBootPhase_200_com.android.server.SystemConfigService
06-21 19:21:39.138  1318  1318 I SystemServerTiming: OnBootPhase_200_com.android.server.BatteryService
06-21 19:21:39.138  1318  1318 I SystemServerTiming: OnBootPhase_200_com.android.server.usage.UsageStatsService
06-21 19:21:39.138  1318  1318 I SystemServerTiming: OnBootPhase_200_com.android.server.webkit.WebViewUpdateService
06-21 19:21:39.138  1318  1318 I SystemServerTiming: OnBootPhase_200_com.android.server.CachedDeviceStateService
06-21 19:21:39.138  1318  1318 I SystemServerTiming: OnBootPhase_200_com.android.server.BinderCallsStatsService$LifeCycle
06-21 19:21:39.138  1318  1318 I SystemServerTiming: OnBootPhase_200_com.android.server.LooperStatsService$Lifecycle
06-21 19:21:39.138  1318  1318 I SystemServerTiming: OnBootPhase_200_com.android.server.rollback.RollbackManagerService
06-21 19:21:39.138  1318  1318 I SystemServerTiming: OnBootPhase_200_com.android.server.os.NativeTombstoneManagerService
06-21 19:21:39.138  1318  1318 I SystemServerTiming: OnBootPhase_200_com.android.server.os.BugreportManagerService
06-21 19:21:39.138  1318  1318 I SystemServerTiming: OnBootPhase_200_com.android.server.gpu.GpuService
06-21 19:21:39.138  1318  1318 I SystemServerTiming: OnBootPhase_200_com.android.server.security.KeyChainSystemService
06-21 19:21:39.138  1318  1318 I SystemServerTiming: OnBootPhase_200_com.android.server.telecom.TelecomLoaderService
06-21 19:21:39.138  1318  1318 I SystemServerTiming: OnBootPhase_200_com.android.server.accounts.AccountManagerService$Lifecycle
06-21 19:21:39.138  1318  1318 I SystemServerTiming: OnBootPhase_200_com.android.server.content.ContentService$Lifecycle
06-21 19:21:39.138  1318  1318 I SystemServerTiming: OnBootPhase_200_com.android.server.DropBoxManagerService
06-21 19:21:39.138  1318  1318 I SystemServerTiming: OnBootPhase_200_com.android.role.RoleService
06-21 19:21:39.138  1318  1318 I SystemServerTiming: OnBootPhase_200_com.android.server.vibrator.VibratorManagerService$Lifecycle
06-21 19:21:39.138  1318  1318 I SystemServerTiming: OnBootPhase_200_com.android.server.alarm.AlarmManagerService
06-21 19:21:39.138  1318  1318 I SystemServerTiming: OnBootPhase_200_com.android.server.devicestate.DeviceStateManagerService
06-21 19:21:39.138  1318  1318 I SystemServerTiming: OnBootPhase_200_com.android.server.camera.CameraServiceProxy
06-21 19:21:39.138  1318  1318 I WindowManager: No existing display settings, starting empty
06-21 19:21:39.138  1318  1318 I WindowManager: No existing display settings, starting empty
06-21 19:21:39.141  1318  1318 I SystemServerTiming: SetWindowManagerService
06-21 19:21:39.146  1318  1318 I ActivityTaskManager: Loaded persisted task ids for user 0
06-21 19:21:39.146  1318  1318 I SystemServerTiming: WindowManagerServiceOnInitReady
06-21 19:21:39.148  1318  1318 I SystemServerTiming: StartInputManager
06-21 19:21:39.148  1318  1318 I InputManager: Starting input manager
06-21 19:21:39.148  1318  1409 I SystemServerTimingAsync: InitThreadPoolExec:StartHidlServices
06-21 19:21:39.148  1318  1409 I SystemServerTimingAsync: StartHidlServices
06-21 19:21:39.149  1318  1318 I SystemServerTiming: DisplayManagerWindowManagerAndInputReady
06-21 19:21:39.149  1318  1337 I LogicalDisplayMapper: Requesting Transition to state: 0, from state=-1, interactive=true
06-21 19:21:39.149  1318  1337 I LogicalDisplayMapper: Applying layout: [{addr: {port=0, model=0x401ceced0008c5, physicalDisplayId=4619827820427265280}, dispId: 0(ON)}], Previous layout: [{addr: {port=0, model=0x401ceced0008c5, physicalDisplayId=4619827820427265280}, dispId: 0(ON)}]
06-21 19:21:39.149  1318  1318 I SystemServerTiming: StartBluetoothService
06-21 19:21:39.149  1318  1318 I SystemServiceManager: Starting com.android.server.BluetoothService
06-21 19:21:39.149  1318  1318 D BluetoothManagerService: Loading stored name and address
06-21 19:21:39.149  1318  1318 D BluetoothManagerService: Stored bluetooth Name=XiaoMi M2007J17C,Address=null
06-21 19:21:39.149  1318  1318 D BluetoothManagerService: Bluetooth persisted state: 1
06-21 19:21:39.149  1318  1318 D BluetoothManagerService: Startup: Bluetooth persisted state is ON.
06-21 19:21:39.149  1318  1318 D BluetoothManagerService: Detected SystemUiUid: 10039
06-21 19:21:39.149  1318  1318 I SystemServerTiming: IpConnectivityMetrics
06-21 19:21:39.149  1318  1318 I SystemServiceManager: Starting com.android.server.connectivity.IpConnectivityMetrics
06-21 19:21:39.150  1318  1318 I SystemServerTiming: PinnerService
06-21 19:21:39.150  1318  1318 I SystemServiceManager: Starting com.android.server.PinnerService
06-21 19:21:39.150  1318  1318 V HistoricalRegistry: Interaction before persistence initialized
06-21 19:21:39.150  1318  1318 I SystemServerTiming: IorapForwardingService
06-21 19:21:39.150  1318  1318 I SystemServiceManager: Starting com.google.android.startop.iorap.IorapForwardingService
06-21 19:21:39.150  1318  1318 I SystemServerTiming: SignedConfigService
06-21 19:21:39.150  1318  1318 I SystemServerTiming: AppIntegrityService
06-21 19:21:39.150  1318  1318 I SystemServiceManager: Starting com.android.server.integrity.AppIntegrityManagerService
06-21 19:21:39.150  1318  1318 E IntegrityFileManager: Error creating staging and rules directory
06-21 19:21:39.150  1318  1318 I SystemServerTiming: StartInputMethodManagerLifecycle
06-21 19:21:39.150  1318  1318 I SystemServiceManager: Starting com.android.server.inputmethod.InputMethodManagerService$Lifecycle
06-21 19:21:39.151  1318  1318 I SystemServerTiming: StartAccessibilityManagerService
06-21 19:21:39.151  1318  1318 I SystemServiceManager: Starting com.android.server.accessibility.AccessibilityManagerService$Lifecycle
06-21 19:21:39.152  1318  1318 I SystemServerTiming: MakeDisplayReady
06-21 19:21:39.152  1318  1318 I ActivityTaskManager: Config changes=20005df8 {1.0 ?mcc?mnc [en_US] ldltr sw617dp w1097dp h593dp 280dpi lrg long land ?uimode ?night -touch -keyb/v/v -nav/h winConfig={ mBounds=Rect(0, 0 - 1920, 1080) mAppBounds=Rect(0, 0 - 1920, 1080) mMaxBounds=Rect(0, 0 - 1920, 1080) mWindowingMode=fullscreen mDisplayWindowingMode=fullscreen mActivityType=undefined mAlwaysOnTop=undefined mRotation=ROTATION_90} s.2 ?fontWeightAdjustment}
06-21 19:21:39.152  1318  1318 I WindowManager: Override config changes=60007dfc {1.0 ?mcc?mnc [en_US] ldltr sw617dp w1097dp h593dp 280dpi lrg long land ?uimode ?night -touch -keyb/v/v -nav/h winConfig={ mBounds=Rect(0, 0 - 1920, 1080) mAppBounds=Rect(0, 0 - 1920, 1080) mMaxBounds=Rect(0, 0 - 1920, 1080) mWindowingMode=fullscreen mDisplayWindowingMode=fullscreen mActivityType=undefined mAlwaysOnTop=undefined mRotation=ROTATION_90} s.2 ?fontWeightAdjustment} for displayId=0
06-21 19:21:39.153  1318  1318 I SystemServerTiming: StartStorageManagerService
06-21 19:21:39.153  1318  1318 I SystemServiceManager: Starting com.android.server.StorageManagerService$Lifecycle
06-21 19:21:39.154  1318  1415 D StorageManagerService: Thinking about init, mBootCompleted=false, mDaemonConnected=true
06-21 19:21:39.154  1318  1415 D StorageManagerService: Thinking about reset, mBootCompleted=false, mDaemonConnected=true
06-21 19:21:39.154  1318  1415 D StorageManagerService: Thinking about init, mBootCompleted=false, mDaemonConnected=true
06-21 19:21:39.154  1318  1415 D StorageManagerService: Thinking about reset, mBootCompleted=false, mDaemonConnected=true
06-21 19:21:39.154  1318  1318 I SystemServerTiming: StartStorageStatsService
06-21 19:21:39.154  1318  1318 I SystemServiceManager: Starting com.android.server.usage.StorageStatsService$Lifecycle
06-21 19:21:39.155  1318  1318 I SystemServerTiming: StartUiModeManager
06-21 19:21:39.155  1318  1318 I SystemServiceManager: Starting com.android.server.UiModeManagerService
06-21 19:21:39.155  1318  1341 I SystemServerTimingAsync: InitThreadPoolExec:UiModeManager.onStart
06-21 19:21:39.155  1318  1318 I SystemServerTiming: UpdatePackagesIfNeeded
06-21 19:21:39.155  1318  1318 I Watchdog: Pausing HandlerChecker: main thread for reason: dexopt. Pause count: 1
06-21 19:21:39.155  1318  1318 I Watchdog: Resuming HandlerChecker: main thread for reason: dexopt. Pause count: 0
06-21 19:21:39.155  1318  1318 I SystemServerTiming: PerformFstrimIfNeeded
06-21 19:21:39.155  1318  1318 I SystemServerTiming: StartLockSettingsService
06-21 19:21:39.155  1318  1318 I SystemServiceManager: Starting com.android.server.locksettings.LockSettingsService$Lifecycle
06-21 19:21:39.158  1318  1318 I SystemServerTiming: StartTestHarnessMode
06-21 19:21:39.158  1318  1318 I SystemServiceManager: Starting com.android.server.testharness.TestHarnessModeService
06-21 19:21:39.158  1318  1318 I OemLock : OemLock HAL not present on device
06-21 19:21:39.158  1318  1318 I SystemServerTiming: StartDeviceIdleController
06-21 19:21:39.158  1318  1318 I SystemServiceManager: Starting com.android.server.DeviceIdleController
06-21 19:21:39.159  1318  1318 I SystemServerTiming: StartDevicePolicyManager
06-21 19:21:39.159  1318  1318 I SystemServiceManager: Starting com.android.server.devicepolicy.DevicePolicyManagerService$Lifecycle
06-21 19:21:39.161  1318  1318 I DevicePolicyManager: Set ro.organization_owned property to false
