06-21 19:21:39.301  1318  1347 I ActivityManager: Start proc 1506:com.android.systemui/u0a39 for service {com.android.systemui/com.android.systemui.ImageWallpaper}
06-21 19:21:39.301  1318  1318 I SystemServerTiming: OnBootPhase_550_com.android.server.media.MediaResourceMonitorService
06-21 19:21:39.301  1318  1318 I SystemServerTiming: OnBootPhase_550_com.android.server.biometrics.BiometricService
06-21 19:21:39.302  1318  1318 I SystemServerTiming: OnBootPhase_550_com.android.server.biometrics.AuthService
06-21 19:21:39.302  1318  1318 I SystemServerTiming: OnBootPhase_550_com.android.server.pm.ShortcutService$Lifecycle
06-21 19:21:39.302  1318  1318 I SystemServerTiming: OnBootPhase_550_com.android.server.pm.LauncherAppsService
06-21 19:21:39.302  1318  1318 I SystemServerTiming: OnBootPhase_550_com.android.server.pm.CrossProfileAppsService
06-21 19:21:39.302  1318  1318 I SystemServerTiming: OnBootPhase_550_com.android.server.people.PeopleService
06-21 19:21:39.302  1318  1318 I SystemServerTiming: OnBootPhase_550_com.android.server.media.metrics.MediaMetricsManagerService
06-21 19:21:39.302  1318  1318 I SystemServerTiming: OnBootPhase_550_com.android.server.media.projection.MediaProjectionManagerService
06-21 19:21:39.302  1318  1439 D BluetoothManagerService: Trying to bind to profile: 1, while Bluetooth was disabled
06-21 19:21:39.302  1318  1318 I SystemServerTiming: OnBootPhase_550_com.android.server.slice.SliceManagerService$Lifecycle
06-21 19:21:39.302  1318  1318 I SystemServerTiming: OnBootPhase_550_com.android.server.stats.StatsCompanion$Lifecycle
06-21 19:21:39.302  1318  1318 I SystemServerTiming: OnBootPhase_550_com.android.server.scheduling.RebootReadinessManagerService$Lifecycle
06-21 19:21:39.302  1318  1318 I SystemServerTiming: OnBootPhase_550_com.android.server.stats.pull.StatsPullAtomService
06-21 19:21:39.302  1318  1318 I SystemServerTiming: OnBootPhase_550_com.android.server.incident.IncidentCompanionService
06-21 19:21:39.302  1318  1318 I SystemServerTiming: OnBootPhase_550_com.android.server.MmsServiceBroker
06-21 19:21:39.302  1318  1318 I SystemServerTiming: OnBootPhase_550_com.android.server.autofill.AutofillManagerService
06-21 19:21:39.302  1318  1318 I SystemServerTiming: OnBootPhase_550_com.android.server.clipboard.ClipboardService
06-21 19:21:39.302  1318  1318 I SystemServerTiming: OnBootPhase_550_com.android.server.appbinding.AppBindingService$Lifecycle
06-21 19:21:39.302  1318  1318 I AppBindingService: Updating constants with: null
06-21 19:21:39.302  1318  1318 I SystemServerTiming: OnBootPhase_550_com.android.server.tracing.TracingServiceProxy
06-21 19:21:39.302  1318  1318 I SystemServerTiming: OnBootPhase_550_com.android.server.policy.PermissionPolicyService
06-21 19:21:39.302  1318  1318 I PackageManager: Permission ownership changed. Updating all permissions.
06-21 19:21:39.309  1318  1318 I SystemServerTiming: OnBootPhase_550_com.android.server.pm.StagingManager$Lifecycle
06-21 19:21:39.309  1318  1318 I SystemServerTiming: OnBootPhase_550_com.android.server.app.GameManagerService$Lifecycle
06-21 19:21:39.309  1318  1318 I SystemServerTiming: OnBootPhase_550_com.android.server.appsearch.AppSearchManagerService
06-21 19:21:39.309  1318  1318 I SystemServerTiming: OnBootPhase_550_com.android.server.media.MediaCommunicationService
06-21 19:21:39.309  1318  1318 I SystemServerTiming: OnBootPhase_550_com.android.server.compat.overrides.AppCompatOverridesService$Lifecycle
06-21 19:21:39.309  1318  1318 I SystemServerTiming: StartObservingNativeCrashes
06-21 19:21:39.309  1318  1318 I SystemServerTiming: RegisterAppOpsPolicy
06-21 19:21:39.309  1318  1318 I SystemServerTiming: MakeNetworkManagementServiceReady
06-21 19:21:39.309  1318  1375 I SystemServerTimingAsync: InitThreadPoolExec:WebViewFactoryPreparation
06-21 19:21:39.309  1318  1375 I SystemServer: WebViewFactoryPreparation
06-21 19:21:39.309  1318  1375 I SystemServerTimingAsync: WebViewFactoryPreparation
06-21 19:21:39.312  1318  1318 I SystemServerTiming: MakeIpSecServiceReady
06-21 19:21:39.312  1318  1318 D IpSecService: IpSecService is ready
06-21 19:21:39.312  1318  1318 I SystemServerTiming: MakeNetworkStatsServiceReady
06-21 19:21:39.315  1318  1375 D CompatibilityChangeReporter: Compat change id reported: 135634846; UID 1000; state: DISABLED
06-21 19:21:39.315  1318  1375 D CompatibilityChangeReporter: Compat change id reported: 177438394; UID 1000; state: DISABLED
06-21 19:21:39.315  1318  1375 D CompatibilityChangeReporter: Compat change id reported: 135772972; UID 1000; state: DISABLED
06-21 19:21:39.315  1318  1375 D CompatibilityChangeReporter: Compat change id reported: 178038272; UID 1000; state: DISABLED
06-21 19:21:39.316  1318  1331 D CompatibilityChangeReporter: Compat change id reported: 168419799; UID 10039; state: DISABLED
06-21 19:21:39.318  1318  1420 W NetworkPolicy: setRestrictBackgroundUL: already false
06-21 19:21:39.319  1318  1508 V StorageManagerService: Package null does not have legacy storage
06-21 19:21:39.342  1318  1318 I SystemServerTiming: MakeConnectivityServiceReady
06-21 19:21:39.344  1318  1318 I SystemServerTiming: MakeVpnManagerServiceReady
06-21 19:21:39.345  1318  1318 I SystemServerTiming: MakeVcnManagementServiceReady
06-21 19:21:39.345  1318  1318 I SystemServerTiming: MakeNetworkPolicyServiceReady
06-21 19:21:39.346  1318  1318 I SystemServerTiming: PhaseThirdPartyAppsCanStart
06-21 19:21:39.346  1318  1318 I SystemServiceManager: Starting phase 600
06-21 19:21:39.346  1318  1318 I SystemServerTiming: OnBootPhase_600
06-21 19:21:39.346  1318  1318 I SystemServerTiming: OnBootPhase_600_com.android.server.security.FileIntegrityService
06-21 19:21:39.346  1318  1318 I SystemServerTiming: OnBootPhase_600_com.android.server.pm.Installer
06-21 19:21:39.346  1318  1318 I SystemServerTiming: OnBootPhase_600_com.android.server.os.DeviceIdentifiersPolicyService
06-21 19:21:39.346  1318  1318 I SystemServerTiming: OnBootPhase_600_com.android.server.uri.UriGrantsManagerService$Lifecycle
06-21 19:21:39.346  1318  1318 I SystemServerTiming: OnBootPhase_600_com.android.server.powerstats.PowerStatsService
06-21 19:21:39.346  1318  1318 I SystemServerTiming: OnBootPhase_600_com.android.server.wm.ActivityTaskManagerService$Lifecycle
06-21 19:21:39.346  1318  1318 I SystemServerTiming: OnBootPhase_600_com.android.server.am.ActivityManagerService$Lifecycle
06-21 19:21:39.346  1318  1318 I ExplicitHealthCheckController: Explicit health checks enabled.
06-21 19:21:39.346  1318  1318 I PackageWatchdog: Syncing state, reason: health check state enabled
06-21 19:21:39.346  1318  1318 I PackageWatchdog: Not pruning observers, elapsed time: 0ms
06-21 19:21:39.346  1318  1318 I PackageWatchdog: Cancelling state sync, nothing to sync
06-21 19:21:39.346  1318  1318 I SystemServerTiming: OnBootPhase_600_com.android.server.pm.DataLoaderManagerService
06-21 19:21:39.346  1318  1318 I SystemServerTiming: OnBootPhase_600_com.android.server.power.PowerManagerService
06-21 19:21:39.346  1318  1345 I PackageWatchdog: Saving observer state to file
06-21 19:21:39.346  1318  1318 I SystemServerTiming: OnBootPhase_600_com.android.server.power.ThermalManagerService
06-21 19:21:39.346  1318  1318 I SystemServerTiming: OnBootPhase_600_com.android.server.power.hint.HintManagerService
06-21 19:21:39.346  1318  1318 I SystemServerTiming: OnBootPhase_600_com.android.server.recoverysystem.RecoverySystemService$Lifecycle
06-21 19:21:39.346  1318  1318 I SystemServerTiming: OnBootPhase_600_com.android.server.lights.LightsService
06-21 19:21:39.346  1318  1318 I SystemServerTiming: OnBootPhase_600_com.android.server.display.DisplayManagerService
06-21 19:21:39.346  1318  1318 I SystemServerTiming: OnBootPhase_600_com.android.server.pm.verify.domain.DomainVerificationService
06-21 19:21:39.346  1318  1318 I SystemServerTiming: OnBootPhase_600_com.android.server.pm.PackageInstallerService$Lifecycle
06-21 19:21:39.346  1318  1318 I SystemServerTiming: OnBootPhase_600_com.android.server.pm.UserManagerService$LifeCycle
06-21 19:21:39.346  1318  1318 I SystemServerTiming: OnBootPhase_600_com.android.server.om.OverlayManagerService
06-21 19:21:39.346  1318  1318 I SystemServerTiming: OnBootPhase_600_com.android.server.SensorPrivacyService
06-21 19:21:39.346  1318  1318 I SystemServerTiming: OnBootPhase_600_com.android.server.sensors.SensorService
06-21 19:21:39.346  1318  1318 I SystemServerTiming: OnBootPhase_600_com.android.server.SystemConfigService
06-21 19:21:39.346  1318  1318 I SystemServerTiming: OnBootPhase_600_com.android.server.BatteryService
06-21 19:21:39.346  1318  1318 I SystemServerTiming: OnBootPhase_600_com.android.server.usage.UsageStatsService
06-21 19:21:39.346  1318  1318 I SystemServerTiming: OnBootPhase_600_com.android.server.webkit.WebViewUpdateService
06-21 19:21:39.346  1318  1318 I SystemServerTiming: OnBootPhase_600_com.android.server.CachedDeviceStateService
06-21 19:21:39.346  1318  1318 I SystemServerTiming: OnBootPhase_600_com.android.server.BinderCallsStatsService$LifeCycle
06-21 19:21:39.346  1318  1318 I SystemServerTiming: OnBootPhase_600_com.android.server.LooperStatsService$Lifecycle
06-21 19:21:39.346  1318  1318 I SystemServerTiming: OnBootPhase_600_com.android.server.rollback.RollbackManagerService
06-21 19:21:39.346  1318  1318 I SystemServerTiming: OnBootPhase_600_com.android.server.os.NativeTombstoneManagerService
06-21 19:21:39.346  1318  1318 I SystemServerTiming: OnBootPhase_600_com.android.server.os.BugreportManagerService
06-21 19:21:39.346  1318  1318 I SystemServerTiming: OnBootPhase_600_com.android.server.gpu.GpuService
06-21 19:21:39.346  1318  1318 I SystemServerTiming: OnBootPhase_600_com.android.server.security.KeyChainSystemService
06-21 19:21:39.346  1318  1318 I SystemServerTiming: OnBootPhase_600_com.android.server.telecom.TelecomLoaderService
06-21 19:21:39.346  1318  1318 I SystemServerTiming: OnBootPhase_600_com.android.server.accounts.AccountManagerService$Lifecycle
06-21 19:21:39.346  1318  1318 I SystemServerTiming: OnBootPhase_600_com.android.server.content.ContentService$Lifecycle
06-21 19:21:39.346  1318  1318 I SystemServerTiming: OnBootPhase_600_com.android.server.DropBoxManagerService
06-21 19:21:39.346  1318  1318 I SystemServerTiming: OnBootPhase_600_com.android.role.RoleService
06-21 19:21:39.346  1318  1318 I SystemServerTiming: OnBootPhase_600_com.android.server.vibrator.VibratorManagerService$Lifecycle
06-21 19:21:39.346  1318  1318 I SystemServerTiming: OnBootPhase_600_com.android.server.alarm.AlarmManagerService
06-21 19:21:39.346  1318  1318 I SystemServerTiming: OnBootPhase_600_com.android.server.devicestate.DeviceStateManagerService
06-21 19:21:39.346  1318  1318 I SystemServerTiming: OnBootPhase_600_com.android.server.camera.CameraServiceProxy
06-21 19:21:39.346  1318  1318 I SystemServerTiming: OnBootPhase_600_com.android.server.BluetoothService
06-21 19:21:39.346  1318  1318 I SystemServerTiming: OnBootPhase_600_com.android.server.connectivity.IpConnectivityMetrics
06-21 19:21:39.346  1318  1318 I SystemServerTiming: OnBootPhase_600_com.android.server.PinnerService
06-21 19:21:39.346  1318  1318 I SystemServerTiming: OnBootPhase_600_com.google.android.startop.iorap.IorapForwardingService
06-21 19:21:39.346  1318  1318 I SystemServerTiming: OnBootPhase_600_com.android.server.integrity.AppIntegrityManagerService
06-21 19:21:39.346  1318  1318 I SystemServerTiming: OnBootPhase_600_com.android.server.inputmethod.InputMethodManagerService$Lifecycle
06-21 19:21:39.346  1318  1318 I SystemServerTiming: OnBootPhase_600_com.android.server.accessibility.AccessibilityManagerService$Lifecycle
06-21 19:21:39.346  1318  1318 I SystemServerTiming: OnBootPhase_600_com.android.server.StorageManagerService$Lifecycle
06-21 19:21:39.346  1318  1318 I SystemServerTiming: OnBootPhase_600_com.android.server.usage.StorageStatsService$Lifecycle
06-21 19:21:39.346  1318  1318 I SystemServerTiming: OnBootPhase_600_com.android.server.UiModeManagerService
06-21 19:21:39.346  1318  1318 I SystemServerTiming: OnBootPhase_600_com.android.server.locksettings.LockSettingsService$Lifecycle
06-21 19:21:39.346  1318  1318 I SystemServerTiming: OnBootPhase_600_com.android.server.testharness.TestHarnessModeService
06-21 19:21:39.346  1318  1318 I SystemServerTiming: OnBootPhase_600_com.android.server.DeviceIdleController
06-21 19:21:39.346  1318  1318 I SystemServerTiming: OnBootPhase_600_com.android.server.devicepolicy.DevicePolicyManagerService$Lifecycle
06-21 19:21:39.346  1318  1318 I SystemServerTiming: OnBootPhase_600_com.android.server.texttospeech.TextToSpeechManagerService
06-21 19:21:39.346  1318  1318 I SystemServerTiming: OnBootPhase_600_com.android.server.speech.SpeechRecognitionManagerService
06-21 19:21:39.346  1318  1318 I SystemServerTiming: OnBootPhase_600_com.android.server.searchui.SearchUiManagerService
06-21 19:21:39.346  1318  1318 I SystemServerTiming: OnBootPhase_600_com.android.server.smartspace.SmartspaceManagerService
06-21 19:21:39.346  1318  1318 I SystemServerTiming: OnBootPhase_600_com.android.server.graphics.fonts.FontManagerService$Lifecycle
06-21 19:21:39.346  1318  1318 I SystemServerTiming: OnBootPhase_600_com.android.server.textservices.TextServicesManagerService$Lifecycle
06-21 19:21:39.346  1318  1318 I SystemServerTiming: OnBootPhase_600_com.android.server.textclassifier.TextClassificationManagerService$Lifecycle
06-21 19:21:39.346  1318  1318 I SystemServerTiming: OnBootPhase_600_com.android.server.NetworkScoreService$Lifecycle
06-21 19:21:39.346  1318  1318 I SystemServerTiming: OnBootPhase_600_com.android.server.wifi.WifiService
06-21 19:21:39.346  1318  1318 I SystemServerTiming: OnBootPhase_600_com.android.server.wifi.scanner.WifiScanningService
06-21 19:21:39.346  1318  1318 I SystemServerTiming: OnBootPhase_600_com.android.server.ethernet.EthernetService
06-21 19:21:39.346  1318  1318 I SystemServerTiming: OnBootPhase_600_com.android.server.ConnectivityServiceInitializer
06-21 19:21:39.346  1318  1318 I SystemServerTiming: OnBootPhase_600_com.android.server.notification.NotificationManagerService
06-21 19:21:39.346  1318  1318 I SystemServerTiming: OnBootPhase_600_com.android.server.storage.DeviceStorageMonitorService
06-21 19:21:39.346  1318  1318 I SystemServerTiming: OnBootPhase_600_com.android.server.location.LocationManagerService$Lifecycle
06-21 19:21:39.347  1318  1334 W ActivityManager: callingPackage:android, packageName:com.google.android.gms, name:com.google.android.location.network.NetworkLocationService, isSkip: true
06-21 19:21:39.347  1318  1366 W AppHibernationService: Attempt to call isHibernatingForUser before states have been read from disk
06-21 19:21:39.348  1318  1334 W ActivityManager: callingPackage:android, packageName:com.google.android.gms, name:com.google.android.location.fused.FusedLocationService, isSkip: true
06-21 19:21:39.348  1318  1366 W AppHibernationService: Attempt to call isHibernatingForUser before states have been read from disk
06-21 19:21:39.358  1318  1318 W ActivityManager: callingPackage:android, packageName:android, name:android.hardware.location.GeofenceHardwareService, isSkip: true
06-21 19:21:39.358  1318  1366 W AppHibernationService: Attempt to call isHibernatingForUser before states have been read from disk
06-21 19:21:39.358  1318  1318 D CompatibilityChangeReporter: Compat change id reported: 168419799; UID 1000; state: DISABLED
06-21 19:21:39.359  1318  1318 I SystemServerTiming: OnBootPhase_600_com.android.server.timedetector.TimeDetectorService$Lifecycle
06-21 19:21:39.359  1318  1318 I SystemServerTiming: OnBootPhase_600_com.android.server.timezonedetector.TimeZoneDetectorService$Lifecycle
06-21 19:21:39.359  1318  1318 I SystemServerTiming: OnBootPhase_600_com.android.server.timezonedetector.location.LocationTimeZoneManagerService$Lifecycle
06-21 19:21:39.359  1318  1318 I SystemServerTiming: OnBootPhase_600_com.android.server.search.SearchManagerService$Lifecycle
06-21 19:21:39.359  1318  1318 I SystemServerTiming: OnBootPhase_600_com.android.server.wallpaper.WallpaperManagerService$Lifecycle
06-21 19:21:39.359  1318  1318 I WallpaperManagerService: switch-user-0
06-21 19:21:39.359  1318  1318 V WallpaperManagerService: bindWallpaperComponentLocked: componentName=ComponentInfo{com.android.systemui/com.android.systemui.ImageWallpaper}
06-21 19:21:39.359  1318  1334 D CompatibilityChangeReporter: Compat change id reported: 168936375; UID 1000; state: DISABLED
06-21 19:21:39.359  1318  1334 D CompatibilityChangeReporter: Compat change id reported: 168936375; UID 1000; state: ENABLED
06-21 19:21:39.359  1318  1318 I SystemServerTiming: OnBootPhase_600_com.android.server.audio.AudioService$Lifecycle
06-21 19:21:39.359  1318  1318 I SystemServerTiming: OnBootPhase_600_com.android.server.soundtrigger_middleware.SoundTriggerMiddlewareService$Lifecycle
06-21 19:21:39.359  1318  1318 I SystemServerTiming: OnBootPhase_600_com.android.server.DockObserver
06-21 19:21:39.359  1318  1318 I SystemServerTiming: OnBootPhase_600_com.android.server.adb.AdbService$Lifecycle
06-21 19:21:39.359  1318  1318 I SystemServerTiming: OnBootPhase_600_com.android.server.usb.UsbService$Lifecycle
06-21 19:21:39.359  1318  1318 I SystemServerTiming: OnBootPhase_600_com.android.server.twilight.TwilightService
06-21 19:21:39.359  1318  1318 I SystemServerTiming: OnBootPhase_600_com.android.server.display.color.ColorDisplayService
06-21 19:21:39.359  1318  1318 I SystemServerTiming: OnBootPhase_600_com.android.server.job.JobSchedulerService
06-21 19:21:39.362  1318  1318 I SystemServerTiming: OnBootPhase_600_com.android.server.soundtrigger.SoundTriggerService
06-21 19:21:39.362  1318  1318 D SoundTriggerService: onBootPhase: 600 : false
06-21 19:21:39.362  1318  1318 I SystemServerTiming: OnBootPhase_600_com.android.server.trust.TrustManagerService
06-21 19:21:39.362  1318  1334 W ActivityManager: callingPackage:android, packageName:com.google.android.gms, name:com.google.android.gms.location.geocode.GeocodeService, isSkip: true
06-21 19:21:39.362  1318  1318 I SystemServerTiming: OnBootPhase_600_com.android.server.backup.BackupManagerService$Lifecycle
06-21 19:21:39.362  1318  1318 I SystemServerTiming: OnBootPhase_600_com.android.server.appwidget.AppWidgetService
06-21 19:21:39.362  1318  1318 I SystemServerTiming: OnBootPhase_600_com.android.server.voiceinteraction.VoiceInteractionManagerService
06-21 19:21:39.363  1318  1366 W AppHibernationService: Attempt to call isHibernatingForUser before states have been read from disk
06-21 19:21:39.363  1318  1334 W ActivityManager: callingPackage:android, packageName:com.google.android.gms, name:com.google.android.location.internal.server.HardwareArProviderService, isSkip: true
06-21 19:21:39.363  1318  1318 I SystemServerTiming: OnBootPhase_600_com.android.server.apphibernation.AppHibernationService
06-21 19:21:39.363  1318  1318 I SystemServerTiming: OnBootPhase_600_com.android.server.GestureLauncherService
06-21 19:21:39.363  1318  1366 W AppHibernationService: Attempt to call isHibernatingForUser before states have been read from disk
06-21 19:21:39.363  1318  1334 W ActivityManager: callingPackage:android, packageName:com.google.android.gms, name:com.google.android.location.internal.GoogleLocationManagerService, isSkip: true
06-21 19:21:39.363  1318  1318 I SystemServerTiming: OnBootPhase_600_com.android.server.SensorNotificationService
06-21 19:21:39.363  1318  1366 W AppHibernationService: Attempt to call isHibernatingForUser before states have been read from disk
06-21 19:21:39.363  1318  1318 I SystemServerTiming: OnBootPhase_600_com.android.server.emergency.EmergencyAffordanceService
06-21 19:21:39.363  1318  1318 I SystemServerTiming: OnBootPhase_600_com.android.server.blob.BlobStoreManagerService
06-21 19:21:39.364  1318  1318 I SystemServerTiming: OnBootPhase_600_com.android.server.dreams.DreamManagerService
06-21 19:21:39.364  1318  1318 I SystemServerTiming: OnBootPhase_600_com.android.server.print.PrintManagerService
06-21 19:21:39.364  1318  1318 I SystemServerTiming: OnBootPhase_600_com.android.server.companion.CompanionDeviceManagerService
06-21 19:21:39.364  1318  1318 I SystemServerTiming: OnBootPhase_600_com.android.server.restrictions.RestrictionsManagerService
06-21 19:21:39.364  1318  1318 I SystemServerTiming: OnBootPhase_600_com.android.server.media.MediaSessionService
06-21 19:21:39.364  1318  1318 I SystemServerTiming: OnBootPhase_600_com.android.server.media.MediaResourceMonitorService
06-21 19:21:39.364  1318  1318 I SystemServerTiming: OnBootPhase_600_com.android.server.biometrics.BiometricService
06-21 19:21:39.364  1318  1318 I SystemServerTiming: OnBootPhase_600_com.android.server.biometrics.AuthService
06-21 19:21:39.364  1318  1318 I SystemServerTiming: OnBootPhase_600_com.android.server.pm.ShortcutService$Lifecycle
06-21 19:21:39.364  1318  1318 I SystemServerTiming: OnBootPhase_600_com.android.server.pm.LauncherAppsService
06-21 19:21:39.364  1318  1318 I SystemServerTiming: OnBootPhase_600_com.android.server.pm.CrossProfileAppsService
06-21 19:21:39.364  1318  1318 I SystemServerTiming: OnBootPhase_600_com.android.server.people.PeopleService
06-21 19:21:39.364  1318  1318 I SystemServerTiming: OnBootPhase_600_com.android.server.media.metrics.MediaMetricsManagerService
06-21 19:21:39.364  1318  1318 I SystemServerTiming: OnBootPhase_600_com.android.server.media.projection.MediaProjectionManagerService
06-21 19:21:39.364  1318  1318 I SystemServerTiming: OnBootPhase_600_com.android.server.slice.SliceManagerService$Lifecycle
06-21 19:21:39.364  1318  1318 I SystemServerTiming: OnBootPhase_600_com.android.server.stats.StatsCompanion$Lifecycle
06-21 19:21:39.364  1318  1318 I SystemServerTiming: OnBootPhase_600_com.android.server.scheduling.RebootReadinessManagerService$Lifecycle
06-21 19:21:39.364  1318  1318 I SystemServerTiming: OnBootPhase_600_com.android.server.stats.pull.StatsPullAtomService
06-21 19:21:39.364  1318  1318 I SystemServerTiming: OnBootPhase_600_com.android.server.incident.IncidentCompanionService
06-21 19:21:39.364  1318  1318 I SystemServerTiming: OnBootPhase_600_com.android.server.MmsServiceBroker
06-21 19:21:39.364  1318  1318 I SystemServerTiming: OnBootPhase_600_com.android.server.autofill.AutofillManagerService
06-21 19:21:39.365  1318  1345 D StatsPullAtomService: Registering NetworkStats pullers with statsd
06-21 19:21:39.365  1318  1318 I SystemServerTiming: OnBootPhase_600_com.android.server.clipboard.ClipboardService
06-21 19:21:39.365  1318  1318 I SystemServerTiming: OnBootPhase_600_com.android.server.appbinding.AppBindingService$Lifecycle
06-21 19:21:39.365  1318  1318 I SystemServerTiming: OnBootPhase_600_com.android.server.tracing.TracingServiceProxy
06-21 19:21:39.365  1318  1318 I SystemServerTiming: OnBootPhase_600_com.android.server.policy.PermissionPolicyService
06-21 19:21:39.365  1318  1318 I SystemServerTiming: OnBootPhase_600_com.android.server.pm.StagingManager$Lifecycle
06-21 19:21:39.365  1318  1318 I SystemServerTiming: OnBootPhase_600_com.android.server.app.GameManagerService$Lifecycle
06-21 19:21:39.365  1318  1318 I SystemServerTiming: OnBootPhase_600_com.android.server.appsearch.AppSearchManagerService
06-21 19:21:39.365  1318  1318 I SystemServerTiming: OnBootPhase_600_com.android.server.media.MediaCommunicationService
06-21 19:21:39.365  1318  1318 I SystemServerTiming: OnBootPhase_600_com.android.server.compat.overrides.AppCompatOverridesService$Lifecycle
06-21 19:21:39.365  1318  1318 I SystemServerTiming: StartNetworkStack
06-21 19:21:39.365  1318  1318 D ConnectivityModuleConnector: Starting networking module android.net.INetworkStackConnector
06-21 19:21:39.365  1318  1318 D ConnectivityModuleConnector: Starting networking module in network_stack process
06-21 19:21:39.366  1318  1318 W ActivityManager: callingPackage:android, packageName:com.android.networkstack, name:com.android.server.NetworkStackService, isSkip: true
06-21 19:21:39.366  1318  1366 W AppHibernationService: Attempt to call isHibernatingForUser before states have been read from disk
06-21 19:21:39.366  1318  1318 D CompatibilityChangeReporter: Compat change id reported: 135634846; UID 1073; state: DISABLED
06-21 19:21:39.366  1318  1318 D ConnectivityModuleConnector: Networking module service start requested
06-21 19:21:39.366  1318  1318 I SystemServerTiming: StartTethering
06-21 19:21:39.366  1318  1318 D ConnectivityModuleConnector: Starting networking module android.net.ITetheringConnector
06-21 19:21:39.366  1318  1318 D ConnectivityModuleConnector: Starting networking module in network_stack process
06-21 19:21:39.367  1318  1318 W ActivityManager: callingPackage:android, packageName:com.android.networkstack.tethering, name:com.android.networkstack.tethering.TetheringService, isSkip: true
06-21 19:21:39.367  1318  1366 W AppHibernationService: Attempt to call isHibernatingForUser before states have been read from disk
06-21 19:21:39.367  1318  1318 D ConnectivityModuleConnector: Networking module service start requested
06-21 19:21:39.367  1318  1318 I SystemServerTiming: MakeCountryDetectionServiceReady
06-21 19:21:39.367  1318  1318 I SystemServerTiming: MakeNetworkTimeUpdateReady
06-21 19:21:39.368  1318  1347 I ActivityManager: Start proc 1604:com.android.networkstack.process/1073 for service {com.android.networkstack/com.android.server.NetworkStackService}
06-21 19:21:39.368  1318  1318 I SystemServerTiming: MakeInputManagerServiceReady
06-21 19:21:39.368  1318  1331 W StorageManagerService: No primary storage defined yet; hacking together a stub
06-21 19:21:39.369  1318  1318 I ActivityTaskManager: Config changes=100 {1.0 ?mcc?mnc [en_US,zh_TW] ldltr sw617dp w1097dp h593dp 280dpi lrg long land -touch -keyb/v/v -nav/h winConfig={ mBounds=Rect(0, 0 - 1920, 1080) mAppBounds=Rect(0, 0 - 1920, 1080) mMaxBounds=Rect(0, 0 - 1920, 1080) mWindowingMode=fullscreen mDisplayWindowingMode=fullscreen mActivityType=undefined mAlwaysOnTop=undefined mRotation=ROTATION_90} s.9 fontWeightAdjustment=0}
06-21 19:21:39.369  1318  1318 I WindowManager: Override config changes=100 {1.0 ?mcc?mnc [en_US,zh_TW] ldltr sw617dp w1097dp h593dp 280dpi lrg long land -touch -keyb/v/v -nav/h winConfig={ mBounds=Rect(0, 0 - 1920, 1080) mAppBounds=Rect(0, 0 - 1920, 1080) mMaxBounds=Rect(0, 0 - 1920, 1080) mWindowingMode=fullscreen mDisplayWindowingMode=fullscreen mActivityType=undefined mAlwaysOnTop=undefined mRotation=ROTATION_90} s.9 fontWeightAdjustment=0} for displayId=0
06-21 19:21:39.370  1318  1318 I SystemServerTiming: MakeTelephonyRegistryReady
06-21 19:21:39.370  1318  1318 I SystemServerTiming: MakeMediaRouterServiceReady
06-21 19:21:39.370  1318  1318 I SystemServerTiming: MakeMmsServiceReady
06-21 19:21:39.370  1318  1318 I MmsServiceBroker: Delay connecting to MmsService until an API is called
06-21 19:21:39.370  1318  1318 I SystemServerTiming: IncidentDaemonReady
06-21 19:21:39.370  1318  1318 I SystemServerTiming: getCurrentUser
06-21 19:21:39.370  1318  1318 I ActivityManager: Current user:0
06-21 19:21:39.370  1318  1318 I SystemServerTiming: ActivityManagerStartApps
06-21 19:21:39.370  1318  1318 I SystemServerTiming: ssm.StartUser-0
06-21 19:21:39.370  1318  1318 I SystemServiceManager: Calling onStartUser 0
06-21 19:21:39.370  1318  1318 I SystemServerTiming: ssm.onStartUser-0_com.android.server.security.FileIntegrityService
06-21 19:21:39.370  1318  1318 I SystemServerTiming: ssm.onStartUser-0_com.android.server.pm.Installer
06-21 19:21:39.370  1318  1318 I SystemServerTiming: ssm.onStartUser-0_com.android.server.os.DeviceIdentifiersPolicyService
06-21 19:21:39.370  1318  1318 I SystemServerTiming: ssm.onStartUser-0_com.android.server.uri.UriGrantsManagerService$Lifecycle
06-21 19:21:39.370  1318  1318 I SystemServerTiming: ssm.onStartUser-0_com.android.server.powerstats.PowerStatsService
06-21 19:21:39.370  1318  1318 I SystemServerTiming: ssm.onStartUser-0_com.android.server.wm.ActivityTaskManagerService$Lifecycle
06-21 19:21:39.370  1318  1318 I SystemServerTiming: ssm.onStartUser-0_com.android.server.am.ActivityManagerService$Lifecycle
06-21 19:21:39.370  1318  1318 I SystemServerTiming: ssm.onStartUser-0_com.android.server.pm.DataLoaderManagerService
06-21 19:21:39.370  1318  1318 I SystemServerTiming: ssm.onStartUser-0_com.android.server.power.PowerManagerService
06-21 19:21:39.370  1318  1318 I SystemServerTiming: ssm.onStartUser-0_com.android.server.power.ThermalManagerService
06-21 19:21:39.370  1318  1318 I SystemServerTiming: ssm.onStartUser-0_com.android.server.power.hint.HintManagerService
06-21 19:21:39.370  1318  1318 I SystemServerTiming: ssm.onStartUser-0_com.android.server.recoverysystem.RecoverySystemService$Lifecycle
06-21 19:21:39.370  1318  1318 I SystemServerTiming: ssm.onStartUser-0_com.android.server.lights.LightsService
06-21 19:21:39.370  1318  1318 I SystemServerTiming: ssm.onStartUser-0_com.android.server.display.DisplayManagerService
06-21 19:21:39.370  1318  1318 I SystemServerTiming: ssm.onStartUser-0_com.android.server.pm.verify.domain.DomainVerificationService
06-21 19:21:39.370  1318  1318 I SystemServerTiming: ssm.onStartUser-0_com.android.server.pm.PackageInstallerService$Lifecycle
06-21 19:21:39.370  1318  1318 I SystemServerTiming: ssm.onStartUser-0_com.android.server.pm.UserManagerService$LifeCycle
06-21 19:21:39.370  1318  1318 I SystemServerTiming: ssm.onStartUser-0_com.android.server.om.OverlayManagerService
06-21 19:21:39.370  1318  1318 I SystemServerTiming: ssm.onStartUser-0_com.android.server.SensorPrivacyService
06-21 19:21:39.370  1318  1318 I SystemServerTiming: ssm.onStartUser-0_com.android.server.sensors.SensorService
06-21 19:21:39.370  1318  1318 I SystemServerTiming: ssm.onStartUser-0_com.android.server.SystemConfigService
06-21 19:21:39.370  1318  1318 I SystemServerTiming: ssm.onStartUser-0_com.android.server.BatteryService
06-21 19:21:39.370  1318  1318 I SystemServerTiming: ssm.onStartUser-0_com.android.server.usage.UsageStatsService
06-21 19:21:39.370  1318  1318 I SystemServerTiming: ssm.onStartUser-0_com.android.server.webkit.WebViewUpdateService
06-21 19:21:39.370  1318  1318 I SystemServerTiming: ssm.onStartUser-0_com.android.server.CachedDeviceStateService
06-21 19:21:39.370  1318  1318 I SystemServerTiming: ssm.onStartUser-0_com.android.server.BinderCallsStatsService$LifeCycle
06-21 19:21:39.370  1318  1318 I SystemServerTiming: ssm.onStartUser-0_com.android.server.LooperStatsService$Lifecycle
06-21 19:21:39.370  1318  1318 I SystemServerTiming: ssm.onStartUser-0_com.android.server.rollback.RollbackManagerService
06-21 19:21:39.370  1318  1318 I SystemServerTiming: ssm.onStartUser-0_com.android.server.os.NativeTombstoneManagerService
06-21 19:21:39.370  1318  1318 I SystemServerTiming: ssm.onStartUser-0_com.android.server.os.BugreportManagerService
06-21 19:21:39.370  1318  1318 I SystemServerTiming: ssm.onStartUser-0_com.android.server.gpu.GpuService
06-21 19:21:39.370  1318  1318 I SystemServerTiming: ssm.onStartUser-0_com.android.server.security.KeyChainSystemService
06-21 19:21:39.370  1318  1318 I SystemServerTiming: ssm.onStartUser-0_com.android.server.telecom.TelecomLoaderService
06-21 19:21:39.370  1318  1318 I SystemServerTiming: ssm.onStartUser-0_com.android.server.accounts.AccountManagerService$Lifecycle
06-21 19:21:39.370  1318  1318 I SystemServerTiming: ssm.onStartUser-0_com.android.server.content.ContentService$Lifecycle
06-21 19:21:39.370  1318  1318 I SystemServerTiming: ssm.onStartUser-0_com.android.server.DropBoxManagerService
06-21 19:21:39.370  1318  1318 I SystemServerTiming: ssm.onStartUser-0_com.android.role.RoleService
06-21 19:21:39.371  1318  1318 I SystemServerTiming: ssm.onStartUser-0_com.android.server.vibrator.VibratorManagerService$Lifecycle
06-21 19:21:39.371  1318  1318 I SystemServerTiming: ssm.onStartUser-0_com.android.server.alarm.AlarmManagerService
06-21 19:21:39.371  1318  1318 I SystemServerTiming: ssm.onStartUser-0_com.android.server.devicestate.DeviceStateManagerService
06-21 19:21:39.371  1318  1318 I SystemServerTiming: ssm.onStartUser-0_com.android.server.camera.CameraServiceProxy
06-21 19:21:39.371  1318  1318 I SystemServerTiming: ssm.onStartUser-0_com.android.server.BluetoothService
06-21 19:21:39.371  1318  1318 I SystemServerTiming: ssm.onStartUser-0_com.android.server.connectivity.IpConnectivityMetrics
06-21 19:21:39.371  1318  1318 I SystemServerTiming: ssm.onStartUser-0_com.android.server.PinnerService
06-21 19:21:39.371  1318  1318 I SystemServerTiming: ssm.onStartUser-0_com.google.android.startop.iorap.IorapForwardingService
06-21 19:21:39.371  1318  1318 I SystemServerTiming: ssm.onStartUser-0_com.android.server.integrity.AppIntegrityManagerService
06-21 19:21:39.371  1318  1318 I SystemServerTiming: ssm.onStartUser-0_com.android.server.inputmethod.InputMethodManagerService$Lifecycle
06-21 19:21:39.371  1318  1318 I SystemServerTiming: ssm.onStartUser-0_com.android.server.accessibility.AccessibilityManagerService$Lifecycle
06-21 19:21:39.371  1318  1318 I SystemServerTiming: ssm.onStartUser-0_com.android.server.StorageManagerService$Lifecycle
06-21 19:21:39.372  1318  1318 V StorageManagerService: Package com.google.android.carriersetup does not have legacy storage
06-21 19:21:39.372  1318  1318 V StorageManagerService: Package com.android.internal.display.cutout.emulation.corner does not have legacy storage
06-21 19:21:39.372  1318  1318 V StorageManagerService: Package com.android.internal.display.cutout.emulation.double does not have legacy storage
06-21 19:21:39.372  1318  1318 V StorageManagerService: Package com.android.providers.telephony does not have legacy storage
06-21 19:21:39.372  1318  1318 V StorageManagerService: Package com.android.internal.systemui.navbar.gestural_wide_back does not have legacy storage
06-21 19:21:39.372  1318  1318 V StorageManagerService: Package com.nemu.oaidmanager does not have legacy storage
06-21 19:21:39.372  1318  1318 V StorageManagerService: Package com.android.documentsui does not have legacy storage
06-21 19:21:39.372  1318  1318 V StorageManagerService: Package com.android.externalstorage does not have legacy storage
06-21 19:21:39.372  1318  1318 V StorageManagerService: Package com.android.providers.downloads does not have legacy storage
06-21 19:21:39.372  1318  1318 V StorageManagerService: Package com.android.internal.systemui.onehanded.gestural does not have legacy storage
06-21 19:21:39.372  1318  1318 V StorageManagerService: Package com.android.browser does not have legacy storage
06-21 19:21:39.372  1318  1318 V StorageManagerService: Package com.google.android.configupdater does not have legacy storage
06-21 19:21:39.372  1318  1318 V StorageManagerService: Package com.criticalforceentertainment.criticalops does not have legacy storage
06-21 19:21:39.372  1318  1318 V StorageManagerService: Package com.google.ar.core does not have legacy storage
06-21 19:21:39.372  1318  1318 V StorageManagerService: Package com.android.vending does not have legacy storage
06-21 19:21:39.372  1318  1318 V StorageManagerService: Package com.android.networkstack does not have legacy storage
06-21 19:21:39.372  1318  1318 V StorageManagerService: Package com.android.connectivity.resources does not have legacy storage
06-21 19:21:39.372  1318  1318 V StorageManagerService: Package com.android.internal.display.cutout.emulation.hole does not have legacy storage
06-21 19:21:39.372  1318  1318 V StorageManagerService: Package com.android.internal.display.cutout.emulation.tall does not have legacy storage
06-21 19:21:39.372  1318  1318 V StorageManagerService: Package com.android.modulemetadata does not have legacy storage
06-21 19:21:39.372  1318  1318 V StorageManagerService: Package com.android.certinstaller does not have legacy storage
06-21 19:21:39.372  1318  1318 V StorageManagerService: Package com.android.internal.systemui.navbar.threebutton does not have legacy storage
06-21 19:21:39.372  1318  1318 V StorageManagerService: Package android does not have legacy storage
06-21 19:21:39.372  1318  1318 V StorageManagerService: Package com.android.camera2 does not have legacy storage
06-21 19:21:39.372  1318  1318 V StorageManagerService: Package bin.mt.plus.canary does not have legacy storage
06-21 19:21:39.372  1318  1318 V StorageManagerService: Package com.android.internal.systemui.navbar.gestural_extra_wide_back does not have legacy storage
06-21 19:21:39.372  1318  1318 V StorageManagerService: Package com.android.providers.settings does not have legacy storage
06-21 19:21:39.372  1318  1318 V StorageManagerService: Package com.android.webview does not have legacy storage
06-21 19:21:39.372  1318  1318 V StorageManagerService: Package com.sohu.inputmethod.sogou.chuizi does not have legacy storage
06-21 19:21:39.372  1318  1318 V StorageManagerService: Package android.ext.shared does not have legacy storage
06-21 19:21:39.372  1318  1318 V StorageManagerService: Package com.android.onetimeinitializer does not have legacy storage
06-21 19:21:39.372  1318  1318 V StorageManagerService: Package com.google.android.contacts does not have legacy storage
06-21 19:21:39.372  1318  1318 V StorageManagerService: Package com.google.android.syncadapters.contacts does not have legacy storage
06-21 19:21:39.372  1318  1318 V StorageManagerService: Package com.android.keychain does not have legacy storage
06-21 19:21:39.372  1318  1318 V StorageManagerService: Package com.android.gallery3d has legacy storage
06-21 19:21:39.372  1318  1318 V StorageManagerService: Package com.google.android.gms has legacy storage
06-21 19:21:39.372  1318  1318 V StorageManagerService: Package com.google.android.gsf has legacy storage
06-21 19:21:39.372  1318  1318 V StorageManagerService: Package android.ext.services does not have legacy storage
06-21 19:21:39.372  1318  1318 V StorageManagerService: Package com.android.wifi.resources does not have legacy storage
06-21 19:21:39.372  1318  1318 V StorageManagerService: Package com.google.android.partnersetup does not have legacy storage
06-21 19:21:39.372  1318  1318 V StorageManagerService: Package com.android.packageinstaller does not have legacy storage
06-21 19:21:39.372  1318  1318 V StorageManagerService: Package com.android.theme.font.notoserifsource does not have legacy storage
06-21 19:21:39.372  1318  1318 V StorageManagerService: Package com.android.internal.display.cutout.emulation.waterfall does not have legacy storage
06-21 19:21:39.372  1318  1318 V StorageManagerService: Package com.google.android.feedback does not have legacy storage
06-21 19:21:39.372  1318  1318 V StorageManagerService: Package com.android.networkstack.tethering does not have legacy storage
06-21 19:21:39.372  1318  1318 V StorageManagerService: Package com.aide.ui.crustacean has legacy storage
06-21 19:21:39.372  1318  1318 V StorageManagerService: Package com.google.android.backuptransport has legacy storage
06-21 19:21:39.372  1318  1318 V StorageManagerService: Package com.android.settings does not have legacy storage
06-21 19:21:39.372  1318  1318 V StorageManagerService: Package com.mumu.launcher does not have legacy storage
06-21 19:21:39.372  1318  1318 V StorageManagerService: Package com.google.android.apps.pixelmigrate does not have legacy storage
06-21 19:21:39.372  1318  1318 V StorageManagerService: Package com.android.networkstack.permissionconfig does not have legacy storage
06-21 19:21:39.372  1318  1318 V StorageManagerService: Package com.netease.mumu.cloner does not have legacy storage
06-21 19:21:39.372  1318  1318 V StorageManagerService: Package com.mumu.store does not have legacy storage
06-21 19:21:39.372  1318  1318 V StorageManagerService: Package com.netease.nemu_vapi_android.nemu does not have legacy storage
06-21 19:21:39.372  1318  1318 V StorageManagerService: Package com.android.vpndialogs does not have legacy storage
06-21 19:21:39.372  1318  1318 V StorageManagerService: Package com.android.phone does not have legacy storage
06-21 19:21:39.372  1318  1318 V StorageManagerService: Package com.android.shell does not have legacy storage
06-21 19:21:39.372  1318  1318 V StorageManagerService: Package com.android.providers.media.module does not have legacy storage
06-21 19:21:39.372  1318  1318 V StorageManagerService: Package com.android.hotspot2.osulogin does not have legacy storage
06-21 19:21:39.372  1318  1318 V StorageManagerService: Package com.android.internal.systemui.navbar.gestural does not have legacy storage
06-21 19:21:39.372  1318  1318 V StorageManagerService: Package com.android.location.fused does not have legacy storage
06-21 19:21:39.372  1318  1318 V StorageManagerService: Package com.android.systemui does not have legacy storage
06-21 19:21:39.372  1318  1318 V StorageManagerService: Package com.android.permissioncontroller does not have legacy storage
06-21 19:21:39.372  1318  1318 V StorageManagerService: Package com.google.android.play.games does not have legacy storage
06-21 19:21:39.372  1318  1318 V StorageManagerService: Package com.nemu.nlp does not have legacy storage
06-21 19:21:39.372  1318  1318 V StorageManagerService: Package com.android.providers.contacts does not have legacy storage
06-21 19:21:39.372  1318  1318 V StorageManagerService: Package com.android.internal.systemui.navbar.gestural_narrow_back does not have legacy storage
06-21 19:21:39.372  1318  1318 V StorageManagerService: Package com.google.android.apps.restore does not have legacy storage
06-21 19:21:39.373  1318  1318 I SystemServerTiming: ssm.onStartUser-0_com.android.server.usage.StorageStatsService$Lifecycle
06-21 19:21:39.373  1318  1318 I SystemServerTiming: ssm.onStartUser-0_com.android.server.UiModeManagerService
06-21 19:21:39.373  1318  1318 I SystemServerTiming: ssm.onStartUser-0_com.android.server.locksettings.LockSettingsService$Lifecycle
06-21 19:21:39.373  1318  1318 I SystemServerTiming: ssm.onStartUser-0_com.android.server.testharness.TestHarnessModeService
06-21 19:21:39.373  1318  1318 I SystemServerTiming: ssm.onStartUser-0_com.android.server.DeviceIdleController
06-21 19:21:39.373  1318  1318 I SystemServerTiming: ssm.onStartUser-0_com.android.server.devicepolicy.DevicePolicyManagerService$Lifecycle
06-21 19:21:39.373  1318  1318 I SystemServerTiming: ssm.onStartUser-0_com.android.server.texttospeech.TextToSpeechManagerService
06-21 19:21:39.373  1318  1318 I SystemServerTiming: ssm.onStartUser-0_com.android.server.speech.SpeechRecognitionManagerService
06-21 19:21:39.373  1318  1318 I SystemServerTiming: ssm.onStartUser-0_com.android.server.searchui.SearchUiManagerService
06-21 19:21:39.373  1318  1318 I SystemServerTiming: ssm.onStartUser-0_com.android.server.smartspace.SmartspaceManagerService
06-21 19:21:39.373  1318  1318 I SystemServerTiming: ssm.onStartUser-0_com.android.server.graphics.fonts.FontManagerService$Lifecycle
06-21 19:21:39.373  1318  1318 I SystemServerTiming: ssm.onStartUser-0_com.android.server.textservices.TextServicesManagerService$Lifecycle
06-21 19:21:39.373  1318  1318 I SystemServerTiming: ssm.onStartUser-0_com.android.server.textclassifier.TextClassificationManagerService$Lifecycle
06-21 19:21:39.373  1318  1318 I SystemServerTiming: ssm.onStartUser-0_com.android.server.NetworkScoreService$Lifecycle
06-21 19:21:39.373  1318  1318 I SystemServerTiming: ssm.onStartUser-0_com.android.server.wifi.WifiService
06-21 19:21:39.373  1318  1318 I SystemServerTiming: ssm.onStartUser-0_com.android.server.wifi.scanner.WifiScanningService
06-21 19:21:39.373  1318  1318 I SystemServerTiming: ssm.onStartUser-0_com.android.server.ethernet.EthernetService
06-21 19:21:39.373  1318  1318 I SystemServerTiming: ssm.onStartUser-0_com.android.server.ConnectivityServiceInitializer
06-21 19:21:39.373  1318  1318 I SystemServerTiming: ssm.onStartUser-0_com.android.server.notification.NotificationManagerService
06-21 19:21:39.373  1318  1318 I SystemServerTiming: ssm.onStartUser-0_com.android.server.storage.DeviceStorageMonitorService
06-21 19:21:39.373  1318  1318 I SystemServerTiming: ssm.onStartUser-0_com.android.server.location.LocationManagerService$Lifecycle
06-21 19:21:39.373  1318  1318 I SystemServerTiming: ssm.onStartUser-0_com.android.server.timedetector.TimeDetectorService$Lifecycle
06-21 19:21:39.373  1318  1318 I SystemServerTiming: ssm.onStartUser-0_com.android.server.timezonedetector.TimeZoneDetectorService$Lifecycle
06-21 19:21:39.373  1318  1318 I SystemServerTiming: ssm.onStartUser-0_com.android.server.timezonedetector.location.LocationTimeZoneManagerService$Lifecycle
06-21 19:21:39.373  1318  1318 I SystemServerTiming: ssm.onStartUser-0_com.android.server.search.SearchManagerService$Lifecycle
06-21 19:21:39.373  1318  1318 I SystemServerTiming: ssm.onStartUser-0_com.android.server.wallpaper.WallpaperManagerService$Lifecycle
06-21 19:21:39.373  1318  1318 I SystemServerTiming: ssm.onStartUser-0_com.android.server.audio.AudioService$Lifecycle
06-21 19:21:39.373  1318  1318 I SystemServerTiming: ssm.onStartUser-0_com.android.server.soundtrigger_middleware.SoundTriggerMiddlewareService$Lifecycle
06-21 19:21:39.373  1318  1318 I SystemServerTiming: ssm.onStartUser-0_com.android.server.DockObserver
06-21 19:21:39.373  1318  1318 I SystemServerTiming: ssm.onStartUser-0_com.android.server.adb.AdbService$Lifecycle
06-21 19:21:39.373  1318  1318 I SystemServerTiming: ssm.onStartUser-0_com.android.server.usb.UsbService$Lifecycle
06-21 19:21:39.373  1318  1318 I SystemServerTiming: ssm.onStartUser-0_com.android.server.twilight.TwilightService
06-21 19:21:39.373  1318  1318 I SystemServerTiming: ssm.onStartUser-0_com.android.server.display.color.ColorDisplayService
06-21 19:21:39.373  1318  1318 I SystemServerTiming: ssm.onStartUser-0_com.android.server.job.JobSchedulerService
06-21 19:21:39.373  1318  1318 I SystemServerTiming: ssm.onStartUser-0_com.android.server.soundtrigger.SoundTriggerService
06-21 19:21:39.373  1318  1318 I SystemServerTiming: ssm.onStartUser-0_com.android.server.trust.TrustManagerService
06-21 19:21:39.373  1318  1318 I SystemServerTiming: ssm.onStartUser-0_com.android.server.backup.BackupManagerService$Lifecycle
06-21 19:21:39.373  1318  1318 I SystemServerTiming: ssm.onStartUser-0_com.android.server.appwidget.AppWidgetService
06-21 19:21:39.373  1318  1318 I SystemServerTiming: ssm.onStartUser-0_com.android.server.voiceinteraction.VoiceInteractionManagerService
06-21 19:21:39.373  1318  1318 W VoiceInteractionManager: no available voice recognition services found for user 0
06-21 19:21:39.373  1318  1318 I SystemServerTiming: ssm.onStartUser-0_com.android.server.apphibernation.AppHibernationService
06-21 19:21:39.373  1318  1318 I SystemServerTiming: ssm.onStartUser-0_com.android.server.GestureLauncherService
06-21 19:21:39.373  1318  1318 I SystemServerTiming: ssm.onStartUser-0_com.android.server.SensorNotificationService
06-21 19:21:39.373  1318  1318 I SystemServerTiming: ssm.onStartUser-0_com.android.server.emergency.EmergencyAffordanceService
06-21 19:21:39.373  1318  1318 I SystemServerTiming: ssm.onStartUser-0_com.android.server.blob.BlobStoreManagerService
06-21 19:21:39.373  1318  1318 I SystemServerTiming: ssm.onStartUser-0_com.android.server.dreams.DreamManagerService
06-21 19:21:39.373  1318  1318 I SystemServerTiming: ssm.onStartUser-0_com.android.server.print.PrintManagerService
06-21 19:21:39.373  1318  1318 I SystemServerTiming: ssm.onStartUser-0_com.android.server.companion.CompanionDeviceManagerService
06-21 19:21:39.373  1318  1318 I SystemServerTiming: ssm.onStartUser-0_com.android.server.restrictions.RestrictionsManagerService
06-21 19:21:39.373  1318  1318 I SystemServerTiming: ssm.onStartUser-0_com.android.server.media.MediaSessionService
06-21 19:21:39.373  1318  1318 I SystemServerTiming: ssm.onStartUser-0_com.android.server.media.MediaResourceMonitorService
06-21 19:21:39.373  1318  1318 I SystemServerTiming: ssm.onStartUser-0_com.android.server.biometrics.BiometricService
06-21 19:21:39.373  1318  1318 I SystemServerTiming: ssm.onStartUser-0_com.android.server.biometrics.AuthService
06-21 19:21:39.373  1318  1318 I SystemServerTiming: ssm.onStartUser-0_com.android.server.pm.ShortcutService$Lifecycle
06-21 19:21:39.373  1318  1318 I SystemServerTiming: ssm.onStartUser-0_com.android.server.pm.LauncherAppsService
06-21 19:21:39.373  1318  1318 I SystemServerTiming: ssm.onStartUser-0_com.android.server.pm.CrossProfileAppsService
06-21 19:21:39.373  1318  1318 I SystemServerTiming: ssm.onStartUser-0_com.android.server.people.PeopleService
06-21 19:21:39.373  1318  1318 I SystemServerTiming: ssm.onStartUser-0_com.android.server.media.metrics.MediaMetricsManagerService
06-21 19:21:39.373  1318  1318 I SystemServerTiming: ssm.onStartUser-0_com.android.server.media.projection.MediaProjectionManagerService
06-21 19:21:39.373  1318  1318 I SystemServerTiming: ssm.onStartUser-0_com.android.server.slice.SliceManagerService$Lifecycle
06-21 19:21:39.373  1318  1318 I SystemServerTiming: ssm.onStartUser-0_com.android.server.stats.StatsCompanion$Lifecycle
06-21 19:21:39.373  1318  1318 I SystemServerTiming: ssm.onStartUser-0_com.android.server.scheduling.RebootReadinessManagerService$Lifecycle
06-21 19:21:39.373  1318  1318 I SystemServerTiming: ssm.onStartUser-0_com.android.server.stats.pull.StatsPullAtomService
06-21 19:21:39.373  1318  1318 I SystemServerTiming: ssm.onStartUser-0_com.android.server.incident.IncidentCompanionService
06-21 19:21:39.373  1318  1318 I SystemServerTiming: ssm.onStartUser-0_com.android.server.MmsServiceBroker
06-21 19:21:39.373  1318  1318 I SystemServerTiming: ssm.onStartUser-0_com.android.server.autofill.AutofillManagerService
06-21 19:21:39.373  1318  1318 I SystemServerTiming: ssm.onStartUser-0_com.android.server.clipboard.ClipboardService
